# nouveau capture (mabda N0.7c)
[0] ioctl VM_INIT (nr 0x50, size 16, rc 0)
[1] ioctl NVIF (nr 0x47, size 72, rc 0)
  nvif [72 bytes]:
    00 02 00 00 00 00 ff 00 00 00 00 00 00 00 00 00 
    00 00 00 00 00 00 00 00 00 00 00 00 00 00 00 00 
    70 ed 0c 82 4a 56 00 00 70 ed 0c 82 4a 56 00 00 
    00 00 00 00 80 00 00 00 00 00 00 00 00 00 00 00 
    ff ff ff ff ff ff ff ff 
[2] ioctl GETPARAM (nr 0x40, size 16, rc 0)
[3] ioctl NVIF (nr 0x47, size 136, rc 0)
  nvif [136 bytes]:
    00 04 00 00 00 00 ff 00 00 00 00 00 00 00 00 00 
    70 ed 0c 82 4a 56 00 00 00 00 00 00 00 00 00 00 
    00 03 68 01 a1 0c 00 00 00 00 00 80 01 00 00 00 
    00 00 00 80 01 00 00 00 54 55 31 31 36 00 00 00 
    00 00 00 00 00 00 00 00 54 55 31 31 36 00 00 00 
    00 00 00 00 00 00 00 00 00 00 00 00 00 00 00 00 
    00 00 00 00 00 00 00 00 00 00 00 00 00 00 00 00 
    00 00 00 00 00 00 00 00 00 00 00 00 00 00 00 00 
    00 00 00 00 00 00 00 00 
[4] ioctl drm? (nr 0x53, size 48, rc -1)
[5] ioctl GETPARAM (nr 0x40, size 16, rc 0)
[6] ioctl GETPARAM (nr 0x40, size 16, rc 0)
[7] ioctl GETPARAM (nr 0x40, size 16, rc 0)
[8] ioctl CHANNEL_ALLOC (nr 0x42, size 88, rc 0)
  CHANNEL_ALLOC fb=0x0 tt=0x0 chid=9 pushdom=0x6 notifier=0x1 nr_subchan=0
  channel_alloc [88 bytes]:
    00 00 00 00 00 00 00 00 09 00 00 00 06 00 00 00 
    01 00 00 00 00 00 00 00 00 00 00 00 00 00 00 00 
    00 00 00 00 00 00 00 00 00 00 00 00 00 00 00 00 
    00 00 00 00 00 00 00 00 00 00 00 00 00 00 00 00 
    00 00 00 00 00 00 00 00 00 00 00 00 00 00 00 00 
    00 00 00 00 00 00 00 00 
[9] ioctl NVIF (nr 0x47, size 160, rc 0)
  nvif [160 bytes]:
    00 01 00 00 00 00 00 ff 09 00 00 00 00 00 00 00 
    00 00 00 00 00 00 00 00 00 07 00 00 00 00 00 00 
    0e 00 00 80 00 00 00 00 40 a1 00 00 ff ff 00 00 
    2d 90 00 00 ff ff 00 00 97 c5 00 00 ff ff 00 00 
    c0 c5 00 00 ff ff 00 00 b5 c5 00 00 ff ff 00 00 
    b5 c5 00 00 ff ff 00 00 00 00 00 00 00 00 00 00 
    00 00 00 00 00 00 00 00 00 00 00 00 00 00 00 00 
    00 00 00 00 00 00 00 00 00 00 00 00 00 00 00 00 
    00 00 00 00 00 00 00 00 00 00 00 00 00 00 00 00 
    00 00 00 00 00 00 00 00 00 00 00 00 00 00 00 00 
[10] ioctl NVIF (nr 0x47, size 56, rc 0)
  nvif [56 bytes]:
    00 02 00 00 00 00 00 ff 09 00 00 00 00 00 00 00 
    00 00 00 00 00 00 00 00 00 00 00 00 00 00 00 00 
    ac 2b 0d 82 4a 56 00 00 ac 2b 0d 82 4a 56 00 00 
    00 00 00 00 b5 c5 00 00 
[11] ioctl NVIF (nr 0x47, size 56, rc 0)
  nvif [56 bytes]:
    00 02 00 00 00 00 00 ff 09 00 00 00 00 00 00 00 
    00 00 00 00 00 00 00 00 00 00 00 00 00 00 00 00 
    ae 2b 0d 82 4a 56 00 00 ae 2b 0d 82 4a 56 00 00 
    2d 90 f8 be 2d 90 00 00 
[12] ioctl NVIF (nr 0x47, size 56, rc 0)
  nvif [56 bytes]:
    00 02 00 00 00 00 00 ff 09 00 00 00 00 00 00 00 
    00 00 00 00 00 00 00 00 00 00 00 00 00 00 00 00 
    b0 2b 0d 82 4a 56 00 00 b0 2b 0d 82 4a 56 00 00 
    3d 00 f8 be 97 c5 00 00 
[13] ioctl NVIF (nr 0x47, size 56, rc 0)
  nvif [56 bytes]:
    00 02 00 00 00 00 00 ff 09 00 00 00 00 00 00 00 
    00 00 00 00 00 00 00 00 00 00 00 00 00 00 00 00 
    b2 2b 0d 82 4a 56 00 00 b2 2b 0d 82 4a 56 00 00 
    3f 32 f8 be 40 a1 00 00 
[14] ioctl NVIF (nr 0x47, size 56, rc 0)
  nvif [56 bytes]:
    00 02 00 00 00 00 00 ff 09 00 00 00 00 00 00 00 
    00 00 00 00 00 00 00 00 00 00 00 00 00 00 00 00 
    b4 2b 0d 82 4a 56 00 00 b4 2b 0d 82 4a 56 00 00 
    c0 00 f8 be c0 c5 00 00 
[15] ioctl NVIF (nr 0x47, size 24, rc 0)
  nvif [24 bytes]:
    00 03 00 00 00 00 ff 00 00 00 00 00 00 00 00 00 
    b4 2b 0d 82 4a 56 00 00 
[16] ioctl NVIF (nr 0x47, size 24, rc 0)
  nvif [24 bytes]:
    00 03 00 00 00 00 ff 00 00 00 00 00 00 00 00 00 
    b0 2b 0d 82 4a 56 00 00 
[17] ioctl NVIF (nr 0x47, size 24, rc 0)
  nvif [24 bytes]:
    00 03 00 00 00 00 ff 00 00 00 00 00 00 00 00 00 
    ac 2b 0d 82 4a 56 00 00 
[18] ioctl NVIF (nr 0x47, size 24, rc 0)
  nvif [24 bytes]:
    00 03 00 00 00 00 ff 00 00 00 00 00 00 00 00 00 
    b2 2b 0d 82 4a 56 00 00 
[19] ioctl NVIF (nr 0x47, size 24, rc 0)
  nvif [24 bytes]:
    00 03 00 00 00 00 ff 00 00 00 00 00 00 00 00 00 
    ae 2b 0d 82 4a 56 00 00 
[20] ioctl CHANNEL_FREE (nr 0x43, size 4, rc 0)
[21] ioctl GETPARAM (nr 0x40, size 16, rc 0)
[22] ioctl GETPARAM (nr 0x40, size 16, rc 0)
[23] ioctl VM_INIT (nr 0x50, size 16, rc 0)
[24] ioctl NVIF (nr 0x47, size 72, rc 0)
  nvif [72 bytes]:
    00 02 00 00 00 00 ff 00 00 00 00 00 00 00 00 00 
    00 00 00 00 00 00 00 00 00 00 00 00 00 00 00 00 
    d0 42 0d 82 4a 56 00 00 d0 42 0d 82 4a 56 00 00 
    00 00 00 00 80 00 00 00 00 00 00 00 00 00 00 00 
    ff ff ff ff ff ff ff ff 
[25] ioctl GETPARAM (nr 0x40, size 16, rc 0)
[26] ioctl NVIF (nr 0x47, size 136, rc 0)
  nvif [136 bytes]:
    00 04 00 00 00 00 ff 00 00 00 00 00 00 00 00 00 
    d0 42 0d 82 4a 56 00 00 00 00 00 00 00 00 00 00 
    00 03 68 01 a1 0c 00 00 00 00 00 80 01 00 00 00 
    00 00 00 80 01 00 00 00 54 55 31 31 36 00 00 00 
    00 00 00 00 00 00 00 00 54 55 31 31 36 00 00 00 
    00 00 00 00 00 00 00 00 00 00 00 00 00 00 00 00 
    00 00 00 00 00 00 00 00 00 00 00 00 00 00 00 00 
    00 00 00 00 00 00 00 00 00 00 00 00 00 00 00 00 
    00 00 00 00 00 00 00 00 
[27] ioctl drm? (nr 0x53, size 48, rc -1)
[28] ioctl GETPARAM (nr 0x40, size 16, rc 0)
[29] ioctl GETPARAM (nr 0x40, size 16, rc 0)
[30] ioctl GETPARAM (nr 0x40, size 16, rc 0)
[31] ioctl CHANNEL_ALLOC (nr 0x42, size 88, rc 0)
  CHANNEL_ALLOC fb=0x0 tt=0x0 chid=9 pushdom=0x6 notifier=0x1 nr_subchan=0
  channel_alloc [88 bytes]:
    00 00 00 00 00 00 00 00 09 00 00 00 06 00 00 00 
    01 00 00 00 00 00 00 00 00 00 00 00 00 00 00 00 
    00 00 00 00 00 00 00 00 00 00 00 00 00 00 00 00 
    00 00 00 00 00 00 00 00 00 00 00 00 00 00 00 00 
    00 00 00 00 00 00 00 00 00 00 00 00 00 00 00 00 
    00 00 00 00 00 00 00 00 
[32] ioctl NVIF (nr 0x47, size 160, rc 0)
  nvif [160 bytes]:
    00 01 00 00 00 00 00 ff 09 00 00 00 00 00 00 00 
    00 00 00 00 00 00 00 00 00 07 00 00 00 00 00 00 
    0e 00 00 80 00 00 00 00 40 a1 00 00 ff ff 00 00 
    2d 90 00 00 ff ff 00 00 97 c5 00 00 ff ff 00 00 
    c0 c5 00 00 ff ff 00 00 b5 c5 00 00 ff ff 00 00 
    b5 c5 00 00 ff ff 00 00 00 00 00 00 00 00 00 00 
    00 00 00 00 00 00 00 00 00 00 00 00 00 00 00 00 
    00 00 00 00 00 00 00 00 00 00 00 00 00 00 00 00 
    00 00 00 00 00 00 00 00 00 00 00 00 00 00 00 00 
    00 00 00 00 00 00 00 00 00 00 00 00 00 00 00 00 
[33] ioctl NVIF (nr 0x47, size 56, rc 0)
  nvif [56 bytes]:
    00 02 00 00 00 00 00 ff 09 00 00 00 00 00 00 00 
    00 00 00 00 00 00 00 00 00 00 00 00 00 00 00 00 
    2c 2a 0d 82 4a 56 00 00 2c 2a 0d 82 4a 56 00 00 
    00 00 00 00 b5 c5 00 00 
[34] ioctl NVIF (nr 0x47, size 56, rc 0)
  nvif [56 bytes]:
    00 02 00 00 00 00 00 ff 09 00 00 00 00 00 00 00 
    00 00 00 00 00 00 00 00 00 00 00 00 00 00 00 00 
    2e 2a 0d 82 4a 56 00 00 2e 2a 0d 82 4a 56 00 00 
    2d 90 f8 be 2d 90 00 00 
[35] ioctl NVIF (nr 0x47, size 56, rc 0)
  nvif [56 bytes]:
    00 02 00 00 00 00 00 ff 09 00 00 00 00 00 00 00 
    00 00 00 00 00 00 00 00 00 00 00 00 00 00 00 00 
    30 2a 0d 82 4a 56 00 00 30 2a 0d 82 4a 56 00 00 
    3d 00 f8 be 97 c5 00 00 
[36] ioctl NVIF (nr 0x47, size 56, rc 0)
  nvif [56 bytes]:
    00 02 00 00 00 00 00 ff 09 00 00 00 00 00 00 00 
    00 00 00 00 00 00 00 00 00 00 00 00 00 00 00 00 
    32 2a 0d 82 4a 56 00 00 32 2a 0d 82 4a 56 00 00 
    3f 32 f8 be 40 a1 00 00 
[37] ioctl NVIF (nr 0x47, size 56, rc 0)
  nvif [56 bytes]:
    00 02 00 00 00 00 00 ff 09 00 00 00 00 00 00 00 
    00 00 00 00 00 00 00 00 00 00 00 00 00 00 00 00 
    34 2a 0d 82 4a 56 00 00 34 2a 0d 82 4a 56 00 00 
    c0 00 f8 be c0 c5 00 00 
[38] ioctl NVIF (nr 0x47, size 24, rc 0)
  nvif [24 bytes]:
    00 03 00 00 00 00 ff 00 00 00 00 00 00 00 00 00 
    34 2a 0d 82 4a 56 00 00 
[39] ioctl NVIF (nr 0x47, size 24, rc 0)
  nvif [24 bytes]:
    00 03 00 00 00 00 ff 00 00 00 00 00 00 00 00 00 
    30 2a 0d 82 4a 56 00 00 
[40] ioctl NVIF (nr 0x47, size 24, rc 0)
  nvif [24 bytes]:
    00 03 00 00 00 00 ff 00 00 00 00 00 00 00 00 00 
    2c 2a 0d 82 4a 56 00 00 
[41] ioctl NVIF (nr 0x47, size 24, rc 0)
  nvif [24 bytes]:
    00 03 00 00 00 00 ff 00 00 00 00 00 00 00 00 00 
    32 2a 0d 82 4a 56 00 00 
[42] ioctl NVIF (nr 0x47, size 24, rc 0)
  nvif [24 bytes]:
    00 03 00 00 00 00 ff 00 00 00 00 00 00 00 00 00 
    2e 2a 0d 82 4a 56 00 00 
[43] ioctl CHANNEL_FREE (nr 0x43, size 4, rc 0)
[44] ioctl CHANNEL_ALLOC (nr 0x42, size 88, rc 0)
  CHANNEL_ALLOC fb=0x0 tt=0x0 chid=9 pushdom=0x6 notifier=0x2 nr_subchan=0
  channel_alloc [88 bytes]:
    00 00 00 00 00 00 00 00 09 00 00 00 06 00 00 00 
    02 00 00 00 00 00 00 00 00 00 00 00 00 00 00 00 
    00 00 00 00 00 00 00 00 00 00 00 00 00 00 00 00 
    00 00 00 00 00 00 00 00 00 00 00 00 00 00 00 00 
    00 00 00 00 00 00 00 00 00 00 00 00 00 00 00 00 
    00 00 00 00 00 00 00 00 
[45] ioctl NVIF (nr 0x47, size 160, rc 0)
  nvif [160 bytes]:
    00 01 00 00 00 00 00 ff 09 00 00 00 00 00 00 00 
    00 00 00 00 00 00 00 00 00 02 00 00 00 00 00 00 
    0e 00 00 80 00 00 00 00 b5 c5 00 00 ff ff 00 00 
    00 00 00 00 00 00 00 00 00 00 00 00 00 00 00 00 
    00 00 00 00 00 00 00 00 00 00 00 00 00 00 00 00 
    00 00 00 00 00 00 00 00 00 00 00 00 00 00 00 00 
    00 00 00 00 00 00 00 00 00 00 00 00 00 00 00 00 
    00 00 00 00 00 00 00 00 00 00 00 00 00 00 00 00 
    00 00 00 00 00 00 00 00 00 00 00 00 00 00 00 00 
    00 00 00 00 00 00 00 00 00 00 00 00 00 00 00 00 
[46] ioctl NVIF (nr 0x47, size 56, rc 0)
  nvif [56 bytes]:
    00 02 00 00 00 00 00 ff 09 00 00 00 00 00 00 00 
    00 00 00 00 00 00 00 00 00 00 00 00 00 00 00 00 
    2c 2a 0d 82 4a 56 00 00 2c 2a 0d 82 4a 56 00 00 
    00 00 00 00 b5 c5 00 00 
[47] ioctl GEM_NEW (nr 0x80, size 48, rc 0)
  GEM_NEW handle=3 size=4096 map_handle=0x103f75000 domain=0x2 tile_mode=0x0 tile_flags=0x0 align=0x1000
[48] ioctl VM_BIND (nr 0x51, size 40, rc 0)
  VM_BIND op=0 op_flags=0x0 bind_flags=0x0 handle=3 va=0x3ffffff000 range=0x1000
[49] ioctl GEM_NEW (nr 0x80, size 48, rc 0)
  GEM_NEW handle=4 size=65536 map_handle=0x10cc2f000 domain=0x2 tile_mode=0x0 tile_flags=0x0 align=0x1000
[50] ioctl VM_BIND (nr 0x51, size 40, rc 0)
  VM_BIND op=0 op_flags=0x0 bind_flags=0x0 handle=4 va=0x3ffdfef000 range=0x10000
[51] ioctl VM_BIND (nr 0x51, size 40, rc 0)
  VM_BIND op=0 op_flags=0x0 bind_flags=0x0 handle=4 va=0x3ffdfff000 range=0x10000
[52] ioctl GEM_NEW (nr 0x80, size 48, rc 0)
  GEM_NEW handle=5 size=65536 map_handle=0x10cc3f000 domain=0x2 tile_mode=0x0 tile_flags=0x0 align=0x1000
[53] ioctl VM_BIND (nr 0x51, size 40, rc 0)
  VM_BIND op=0 op_flags=0x0 bind_flags=0x0 handle=5 va=0x3ffdfbf000 range=0x10000
[54] ioctl VM_BIND (nr 0x51, size 40, rc 0)
  VM_BIND op=0 op_flags=0x0 bind_flags=0x0 handle=5 va=0x3ffdfcf000 range=0x10000
[55] ioctl GEM_NEW (nr 0x80, size 48, rc 0)
  GEM_NEW handle=6 size=65536 map_handle=0x10cc4f000 domain=0x2 tile_mode=0x0 tile_flags=0x0 align=0x1000
[56] ioctl VM_BIND (nr 0x51, size 40, rc 0)
  VM_BIND op=0 op_flags=0x0 bind_flags=0x0 handle=6 va=0x3ffdfaf000 range=0x10000
[57] ioctl VM_BIND (nr 0x51, size 40, rc 0)
  VM_BIND op=0 op_flags=0x0 bind_flags=0x0 handle=6 va=0x3ffdfdf000 range=0x10000
[58] ioctl CHANNEL_ALLOC (nr 0x42, size 88, rc 0)
  CHANNEL_ALLOC fb=0x0 tt=0x0 chid=10 pushdom=0x6 notifier=0x7 nr_subchan=0
  channel_alloc [88 bytes]:
    00 00 00 00 00 00 00 00 0a 00 00 00 06 00 00 00 
    07 00 00 00 00 00 00 00 00 00 00 00 00 00 00 00 
    00 00 00 00 00 00 00 00 00 00 00 00 00 00 00 00 
    00 00 00 00 00 00 00 00 00 00 00 00 00 00 00 00 
    00 00 00 00 00 00 00 00 00 00 00 00 00 00 00 00 
    00 00 00 00 00 00 00 00 
[59] ioctl NVIF (nr 0x47, size 160, rc 0)
  nvif [160 bytes]:
    00 01 00 00 00 00 00 ff 0a 00 00 00 00 00 00 00 
    00 00 00 00 00 00 00 00 00 07 00 00 00 00 00 00 
    0e 00 00 80 00 00 00 00 40 a1 00 00 ff ff 00 00 
    2d 90 00 00 ff ff 00 00 97 c5 00 00 ff ff 00 00 
    c0 c5 00 00 ff ff 00 00 b5 c5 00 00 ff ff 00 00 
    b5 c5 00 00 ff ff 00 00 00 00 00 00 00 00 00 00 
    00 00 00 00 00 00 00 00 00 00 00 00 00 00 00 00 
    00 00 00 00 00 00 00 00 00 00 00 00 00 00 00 00 
    00 00 00 00 00 00 00 00 00 00 00 00 00 00 00 00 
    00 00 00 00 00 00 00 00 00 00 00 00 00 00 00 00 
[60] ioctl NVIF (nr 0x47, size 56, rc 0)
  nvif [56 bytes]:
    00 02 00 00 00 00 00 ff 0a 00 00 00 00 00 00 00 
    00 00 00 00 00 00 00 00 00 00 00 00 00 00 00 00 
    6c 2a 0d 82 4a 56 00 00 6c 2a 0d 82 4a 56 00 00 
    00 00 00 00 b5 c5 00 00 
[61] ioctl NVIF (nr 0x47, size 56, rc 0)
  nvif [56 bytes]:
    00 02 00 00 00 00 00 ff 0a 00 00 00 00 00 00 00 
    00 00 00 00 00 00 00 00 00 00 00 00 00 00 00 00 
    70 2a 0d 82 4a 56 00 00 70 2a 0d 82 4a 56 00 00 
    3d 00 f9 be 97 c5 00 00 
[62] ioctl NVIF (nr 0x47, size 56, rc 0)
  nvif [56 bytes]:
    00 02 00 00 00 00 00 ff 0a 00 00 00 00 00 00 00 
    00 00 00 00 00 00 00 00 00 00 00 00 00 00 00 00 
    74 2a 0d 82 4a 56 00 00 74 2a 0d 82 4a 56 00 00 
    c0 00 f9 be c0 c5 00 00 
[63] ioctl GEM_NEW (nr 0x80, size 48, rc 0)
  GEM_NEW handle=8 size=4096 map_handle=0x103f78000 domain=0x2 tile_mode=0x0 tile_flags=0x0 align=0x1000
[64] ioctl VM_BIND (nr 0x51, size 40, rc 0)
  VM_BIND op=0 op_flags=0x0 bind_flags=0x0 handle=8 va=0x3ffdfae000 range=0x1000
[65] ioctl GEM_NEW (nr 0x80, size 48, rc 0)
  GEM_NEW handle=9 size=65536 map_handle=0x10cc71000 domain=0x4 tile_mode=0x0 tile_flags=0x0 align=0x1000
[66] ioctl VM_BIND (nr 0x51, size 40, rc 0)
  VM_BIND op=0 op_flags=0x0 bind_flags=0x0 handle=9 va=0x3ffdf9e000 range=0x10000
[67] ioctl EXEC (nr 0x52, size 40, rc 0)
  EXEC chid=10 push_count=1 rc=0
  push[0] va=0x3ffdf9e000 len=14532 (h=9 off=0x0)
  -> wrote 067_exec_chid10_push0_h9_off0_len14532.bin (14532 B)
  -> wrote 067_chid10_bo_va3ffffff000_h3_dom2_sz4096.bin (4096 B)
  -> wrote 067_chid10_bo_va3ffdfef000_h4_dom2_sz65536.bin (65536 B)
  -> wrote 067_chid10_bo_va3ffdfff000_h4_dom2_sz65536.bin (65536 B)
  -> wrote 067_chid10_bo_va3ffdfbf000_h5_dom2_sz65536.bin (65536 B)
  -> wrote 067_chid10_bo_va3ffdfcf000_h5_dom2_sz65536.bin (65536 B)
  -> wrote 067_chid10_bo_va3ffdfaf000_h6_dom2_sz65536.bin (65536 B)
  -> wrote 067_chid10_bo_va3ffdfdf000_h6_dom2_sz65536.bin (65536 B)
  -> wrote 067_chid10_bo_va3ffdfae000_h8_dom2_sz4096.bin (4096 B)
  -> wrote 067_chid10_bo_va3ffdf9e000_h9_dom4_sz65536.bin (65536 B)
[68] ioctl GEM_NEW (nr 0x80, size 48, rc 0)
  GEM_NEW handle=10 size=4096 map_handle=0x103fa9000 domain=0x2 tile_mode=0x0 tile_flags=0x0 align=0x1000
[69] ioctl VM_BIND (nr 0x51, size 40, rc 0)
  VM_BIND op=0 op_flags=0x0 bind_flags=0x0 handle=10 va=0x3ffdf9d000 range=0x1000
[70] ioctl VM_BIND (nr 0x51, size 40, rc 0)
  VM_BIND op=0 op_flags=0x6 bind_flags=0x0 handle=10 va=0x3ffdf9c000 range=0x1000
[71] ioctl GEM_NEW (nr 0x80, size 48, rc 0)
  GEM_NEW handle=11 size=4096 map_handle=0x103faa000 domain=0x2 tile_mode=0x0 tile_flags=0x0 align=0x1000
[72] ioctl VM_BIND (nr 0x51, size 40, rc 0)
  VM_BIND op=0 op_flags=0x0 bind_flags=0x0 handle=11 va=0x3ffdf9b000 range=0x1000
[73] ioctl GEM_NEW (nr 0x80, size 48, rc 0)
  GEM_NEW handle=12 size=4096 map_handle=0x103fab000 domain=0x2 tile_mode=0x0 tile_flags=0x0 align=0x1000
[74] ioctl VM_BIND (nr 0x51, size 40, rc 0)
  VM_BIND op=0 op_flags=0x0 bind_flags=0x0 handle=12 va=0x3ffdf9a000 range=0x1000
[75] ioctl GEM_NEW (nr 0x80, size 48, rc 0)
  GEM_NEW handle=13 size=65536 map_handle=0x10cc81000 domain=0x4 tile_mode=0x0 tile_flags=0x0 align=0x1000
[76] ioctl VM_BIND (nr 0x51, size 40, rc 0)
  VM_BIND op=0 op_flags=0x0 bind_flags=0x0 handle=13 va=0x3ffdf8a000 range=0x10000
[77] ioctl EXEC (nr 0x52, size 40, rc 0)
  EXEC chid=10 push_count=1 rc=0
  push[0] va=0x3ffdfa18c4 len=80 (h=9 off=0x38c4)
  -> wrote 077_exec_chid10_push0_h9_off38c4_len80.bin (80 B)
  -> wrote 077_chid10_bo_va3ffffff000_h3_dom2_sz4096.bin (4096 B)
  -> wrote 077_chid10_bo_va3ffdfef000_h4_dom2_sz65536.bin (65536 B)
  -> wrote 077_chid10_bo_va3ffdfff000_h4_dom2_sz65536.bin (65536 B)
  -> wrote 077_chid10_bo_va3ffdfbf000_h5_dom2_sz65536.bin (65536 B)
  -> wrote 077_chid10_bo_va3ffdfcf000_h5_dom2_sz65536.bin (65536 B)
  -> wrote 077_chid10_bo_va3ffdfaf000_h6_dom2_sz65536.bin (65536 B)
  -> wrote 077_chid10_bo_va3ffdfdf000_h6_dom2_sz65536.bin (65536 B)
  -> wrote 077_chid10_bo_va3ffdfae000_h8_dom2_sz4096.bin (4096 B)
  -> wrote 077_chid10_bo_va3ffdf9e000_h9_dom4_sz65536.bin (65536 B)
  -> wrote 077_chid10_bo_va3ffdf9d000_h10_dom2_sz4096.bin (4096 B)
  -> wrote 077_chid10_bo_va3ffdf9c000_h10_dom2_sz4096.bin (4096 B)
  -> wrote 077_chid10_bo_va3ffdf9b000_h11_dom2_sz4096.bin (4096 B)
  -> wrote 077_chid10_bo_va3ffdf9a000_h12_dom2_sz4096.bin (4096 B)
  -> wrote 077_chid10_bo_va3ffdf8a000_h13_dom4_sz65536.bin (65536 B)
[78] ioctl EXEC (nr 0x52, size 40, rc 0)
  EXEC chid=10 push_count=1 rc=0
  push[0] va=0x3ffdf8a000 len=144 (h=13 off=0x0)
  -> wrote 078_exec_chid10_push0_h13_off0_len144.bin (144 B)
  -> wrote 078_chid10_bo_va3ffffff000_h3_dom2_sz4096.bin (4096 B)
  -> wrote 078_chid10_bo_va3ffdfef000_h4_dom2_sz65536.bin (65536 B)
  -> wrote 078_chid10_bo_va3ffdfff000_h4_dom2_sz65536.bin (65536 B)
  -> wrote 078_chid10_bo_va3ffdfbf000_h5_dom2_sz65536.bin (65536 B)
  -> wrote 078_chid10_bo_va3ffdfcf000_h5_dom2_sz65536.bin (65536 B)
  -> wrote 078_chid10_bo_va3ffdfaf000_h6_dom2_sz65536.bin (65536 B)
  -> wrote 078_chid10_bo_va3ffdfdf000_h6_dom2_sz65536.bin (65536 B)
  -> wrote 078_chid10_bo_va3ffdfae000_h8_dom2_sz4096.bin (4096 B)
  -> wrote 078_chid10_bo_va3ffdf9e000_h9_dom4_sz65536.bin (65536 B)
  -> wrote 078_chid10_bo_va3ffdf9d000_h10_dom2_sz4096.bin (4096 B)
  -> wrote 078_chid10_bo_va3ffdf9c000_h10_dom2_sz4096.bin (4096 B)
  -> wrote 078_chid10_bo_va3ffdf9b000_h11_dom2_sz4096.bin (4096 B)
  -> wrote 078_chid10_bo_va3ffdf9a000_h12_dom2_sz4096.bin (4096 B)
  -> wrote 078_chid10_bo_va3ffdf8a000_h13_dom4_sz65536.bin (65536 B)
[79] ioctl EXEC (nr 0x52, size 40, rc 0)
  EXEC chid=10 push_count=0 rc=0
  -> wrote 079_chid10_bo_va3ffffff000_h3_dom2_sz4096.bin (4096 B)
  -> wrote 079_chid10_bo_va3ffdfef000_h4_dom2_sz65536.bin (65536 B)
  -> wrote 079_chid10_bo_va3ffdfff000_h4_dom2_sz65536.bin (65536 B)
  -> wrote 079_chid10_bo_va3ffdfbf000_h5_dom2_sz65536.bin (65536 B)
  -> wrote 079_chid10_bo_va3ffdfcf000_h5_dom2_sz65536.bin (65536 B)
  -> wrote 079_chid10_bo_va3ffdfaf000_h6_dom2_sz65536.bin (65536 B)
  -> wrote 079_chid10_bo_va3ffdfdf000_h6_dom2_sz65536.bin (65536 B)
  -> wrote 079_chid10_bo_va3ffdfae000_h8_dom2_sz4096.bin (4096 B)
  -> wrote 079_chid10_bo_va3ffdf9e000_h9_dom4_sz65536.bin (65536 B)
  -> wrote 079_chid10_bo_va3ffdf9d000_h10_dom2_sz4096.bin (4096 B)
  -> wrote 079_chid10_bo_va3ffdf9c000_h10_dom2_sz4096.bin (4096 B)
  -> wrote 079_chid10_bo_va3ffdf9b000_h11_dom2_sz4096.bin (4096 B)
  -> wrote 079_chid10_bo_va3ffdf9a000_h12_dom2_sz4096.bin (4096 B)
  -> wrote 079_chid10_bo_va3ffdf8a000_h13_dom4_sz65536.bin (65536 B)
[80] ioctl GEM_NEW (nr 0x80, size 48, rc 0)
  GEM_NEW handle=14 size=65536 map_handle=0x10cc91000 domain=0x2 tile_mode=0x0 tile_flags=0x0 align=0x1000
[81] ioctl VM_BIND (nr 0x51, size 40, rc 0)
  VM_BIND op=0 op_flags=0x0 bind_flags=0x0 handle=14 va=0x3ffdf7a000 range=0x10000
[82] ioctl GEM_NEW (nr 0x80, size 48, rc 0)
  GEM_NEW handle=15 size=65536 map_handle=0x10cca1000 domain=0x4 tile_mode=0x0 tile_flags=0x0 align=0x1000
[83] ioctl VM_BIND (nr 0x51, size 40, rc 0)
  VM_BIND op=0 op_flags=0x0 bind_flags=0x0 handle=15 va=0x3ffdf6a000 range=0x10000
[84] ioctl GEM_NEW (nr 0x80, size 48, rc 0)
  GEM_NEW handle=16 size=4096 map_handle=0x103fac000 domain=0x2 tile_mode=0x0 tile_flags=0x0 align=0x1000
[85] ioctl VM_BIND (nr 0x51, size 40, rc 0)
  VM_BIND op=0 op_flags=0x0 bind_flags=0x0 handle=16 va=0x3ffdf69000 range=0x1000
[86] ioctl GEM_NEW (nr 0x80, size 48, rc 0)
  GEM_NEW handle=17 size=65536 map_handle=0x10ccb1000 domain=0x2 tile_mode=0x0 tile_flags=0x0 align=0x1000
[87] ioctl VM_BIND (nr 0x51, size 40, rc 0)
  VM_BIND op=0 op_flags=0x0 bind_flags=0x0 handle=17 va=0x3ffdf59000 range=0x10000
[88] ioctl EXEC (nr 0x52, size 40, rc 0)
  EXEC chid=9 push_count=1 rc=0
  push[0] va=0x3ffdf6a240 len=40 (h=15 off=0x240)
  -> wrote 088_exec_chid9_push0_h15_off240_len40.bin (40 B)
  -> wrote 088_chid9_bo_va3ffffff000_h3_dom2_sz4096.bin (4096 B)
  -> wrote 088_chid9_bo_va3ffdfef000_h4_dom2_sz65536.bin (65536 B)
  -> wrote 088_chid9_bo_va3ffdfff000_h4_dom2_sz65536.bin (65536 B)
  -> wrote 088_chid9_bo_va3ffdfbf000_h5_dom2_sz65536.bin (65536 B)
  -> wrote 088_chid9_bo_va3ffdfcf000_h5_dom2_sz65536.bin (65536 B)
  -> wrote 088_chid9_bo_va3ffdfaf000_h6_dom2_sz65536.bin (65536 B)
  -> wrote 088_chid9_bo_va3ffdfdf000_h6_dom2_sz65536.bin (65536 B)
  -> wrote 088_chid9_bo_va3ffdfae000_h8_dom2_sz4096.bin (4096 B)
  -> wrote 088_chid9_bo_va3ffdf9e000_h9_dom4_sz65536.bin (65536 B)
  -> wrote 088_chid9_bo_va3ffdf9d000_h10_dom2_sz4096.bin (4096 B)
  -> wrote 088_chid9_bo_va3ffdf9c000_h10_dom2_sz4096.bin (4096 B)
  -> wrote 088_chid9_bo_va3ffdf9b000_h11_dom2_sz4096.bin (4096 B)
  -> wrote 088_chid9_bo_va3ffdf9a000_h12_dom2_sz4096.bin (4096 B)
  -> wrote 088_chid9_bo_va3ffdf8a000_h13_dom4_sz65536.bin (65536 B)
  -> wrote 088_chid9_bo_va3ffdf7a000_h14_dom2_sz65536.bin (65536 B)
  -> wrote 088_chid9_bo_va3ffdf6a000_h15_dom4_sz65536.bin (65536 B)
  -> wrote 088_chid9_bo_va3ffdf69000_h16_dom2_sz4096.bin (4096 B)
  -> wrote 088_chid9_bo_va3ffdf59000_h17_dom2_sz65536.bin (65536 B)
[89] ioctl EXEC (nr 0x52, size 40, rc 0)
  EXEC chid=10 push_count=1 rc=0
  push[0] va=0x3ffdf8a000 len=60 (h=13 off=0x0)
  -> wrote 089_exec_chid10_push0_h13_off0_len60.bin (60 B)
  -> wrote 089_chid10_bo_va3ffffff000_h3_dom2_sz4096.bin (4096 B)
  -> wrote 089_chid10_bo_va3ffdfef000_h4_dom2_sz65536.bin (65536 B)
  -> wrote 089_chid10_bo_va3ffdfff000_h4_dom2_sz65536.bin (65536 B)
  -> wrote 089_chid10_bo_va3ffdfbf000_h5_dom2_sz65536.bin (65536 B)
  -> wrote 089_chid10_bo_va3ffdfcf000_h5_dom2_sz65536.bin (65536 B)
  -> wrote 089_chid10_bo_va3ffdfaf000_h6_dom2_sz65536.bin (65536 B)
  -> wrote 089_chid10_bo_va3ffdfdf000_h6_dom2_sz65536.bin (65536 B)
  -> wrote 089_chid10_bo_va3ffdfae000_h8_dom2_sz4096.bin (4096 B)
  -> wrote 089_chid10_bo_va3ffdf9e000_h9_dom4_sz65536.bin (65536 B)
  -> wrote 089_chid10_bo_va3ffdf9d000_h10_dom2_sz4096.bin (4096 B)
  -> wrote 089_chid10_bo_va3ffdf9c000_h10_dom2_sz4096.bin (4096 B)
  -> wrote 089_chid10_bo_va3ffdf9b000_h11_dom2_sz4096.bin (4096 B)
  -> wrote 089_chid10_bo_va3ffdf9a000_h12_dom2_sz4096.bin (4096 B)
  -> wrote 089_chid10_bo_va3ffdf8a000_h13_dom4_sz65536.bin (65536 B)
  -> wrote 089_chid10_bo_va3ffdf7a000_h14_dom2_sz65536.bin (65536 B)
  -> wrote 089_chid10_bo_va3ffdf6a000_h15_dom4_sz65536.bin (65536 B)
  -> wrote 089_chid10_bo_va3ffdf69000_h16_dom2_sz4096.bin (4096 B)
  -> wrote 089_chid10_bo_va3ffdf59000_h17_dom2_sz65536.bin (65536 B)

=== FINAL (post-dispatch) BO dump ===
  (self-mmap fail h=3 off=0x103f75000)
  (self-mmap fail h=4 off=0x10cc2f000)
  (self-mmap fail h=4 off=0x10cc2f000)
  (self-mmap fail h=5 off=0x10cc3f000)
  (self-mmap fail h=5 off=0x10cc3f000)
  (self-mmap fail h=6 off=0x10cc4f000)
  (self-mmap fail h=6 off=0x10cc4f000)
  (self-mmap fail h=8 off=0x103f78000)
  (self-mmap fail h=9 off=0x10cc71000)
  (self-mmap fail h=10 off=0x103fa9000)
  (self-mmap fail h=10 off=0x103fa9000)
  (self-mmap fail h=11 off=0x103faa000)
  (self-mmap fail h=12 off=0x103fab000)
  (self-mmap fail h=13 off=0x10cc81000)
  (self-mmap fail h=14 off=0x10cc91000)
  (self-mmap fail h=15 off=0x10cca1000)
  (self-mmap fail h=16 off=0x103fac000)
  (self-mmap fail h=17 off=0x10ccb1000)
