[2026-06-01T04:59:58Z] soak start — workload=all stop=24h (86400 s) logdir=/home/macro/Repos/mabda/docs/handoff/soak-20260601T045958Z
[2026-06-01T04:59:58Z] active programs: compute wgpu render
[2026-06-01T04:59:58Z] checkpoint schedule (s): 1 2 4 8 16 32 60 120 240 480 960 1920 3600 4500 5400 6300 7200 8100 9000 9900 10800 11700 12600 13500 14400 15300 16200 17100 18000 18900 19800 20700 21600 22500 23400 24300 25200 26100 27000 27900 28800 29700 30600 31500 32400 33300 34200 35100 36000 36900 37800 38700 39600 40500 41400 42300 43200 44100 45000 45900 46800 47700 48600 49500 50400 51300 52200 53100 54000 54900 55800 56700 57600 58500 59400 60300 61200 62100 63000 63900 64800 65700 66600 67500 68400 69300 70200 71100 72000 72900 73800 74700 75600 76500 77400 78300 79200 80100 81000 81900 82800 83700 84600 85500 86400
[2026-06-01T04:59:58Z] dmesg amdgpu/drm baseline lines: 71
[2026-06-01T04:59:58Z] started compute loop (pid=68392, bin=/home/macro/Repos/mabda/build/native_compute_store)
[2026-06-01T04:59:58Z] started wgpu loop (pid=68397, bin=/home/macro/Repos/mabda/build/render_graph_e2e)
[2026-06-01T04:59:58Z] started render loop (pid=68404, bin=/home/macro/Repos/mabda/build/native_render_e2e)
[04:59:59Z] t=1s     rss=13340   KB iters: compute=605    wgpu=28     render=456    dmesg_Δ=0  PASS
[05:00:00Z] t=2s     rss=13340   KB iters: compute=1205   wgpu=57     render=913    dmesg_Δ=0  PASS
[05:00:02Z] t=4s     rss=13340   KB iters: compute=2359   wgpu=113    render=1808   dmesg_Δ=0  PASS
[05:00:06Z] t=8s     rss=13340   KB iters: compute=4696   wgpu=222    render=3578   dmesg_Δ=0  PASS
[05:00:14Z] t=16s    rss=13340   KB iters: compute=9276   wgpu=441    render=7092   dmesg_Δ=0  PASS
[05:00:30Z] t=32s    rss=13340   KB iters: compute=18550  wgpu=877    render=14197  dmesg_Δ=0  PASS
[05:00:58Z] t=1m     rss=13340   KB iters: compute=34879  wgpu=1647   render=26752  dmesg_Δ=0  PASS
[05:01:58Z] t=2m     rss=13340   KB iters: compute=70044  wgpu=3298   render=53805  dmesg_Δ=0  PASS
[05:03:58Z] t=4m     rss=13340   KB iters: compute=140826 wgpu=6642   render=108318 dmesg_Δ=0  PASS
[05:07:58Z] t=8m     rss=13340   KB iters: compute=282025 wgpu=13310  render=217136 dmesg_Δ=0  PASS
[05:15:58Z] t=16m    rss=13340   KB iters: compute=560839 wgpu=26482  render=432322 dmesg_Δ=0  PASS
[05:31:58Z] t=32m    rss=13340   KB iters: compute=1122397 wgpu=52958  render=864676 dmesg_Δ=0  PASS
[05:59:58Z] t=1h     rss=13340   KB iters: compute=2098692 wgpu=99110  render=1617126 dmesg_Δ=0  PASS
[06:14:58Z] t=1h     rss=13340   KB iters: compute=2621931 wgpu=123823 render=2020360 dmesg_Δ=0  PASS
[06:29:58Z] t=1h     rss=13340   KB iters: compute=3145292 wgpu=148533 render=2424432 dmesg_Δ=0  PASS
[06:44:58Z] t=1h     rss=13340   KB iters: compute=3671900 wgpu=173365 render=2829671 dmesg_Δ=0  PASS
[06:59:58Z] t=2h     rss=13340   KB iters: compute=4198787 wgpu=198213 render=3235042 dmesg_Δ=0  PASS
[07:14:58Z] t=2h     rss=13340   KB iters: compute=4726323 wgpu=223080 render=3640684 dmesg_Δ=0  PASS
[07:29:58Z] t=2h     rss=13340   KB iters: compute=5253059 wgpu=247950 render=4045952 dmesg_Δ=0  PASS
[07:44:58Z] t=2h     rss=13340   KB iters: compute=5779679 wgpu=272834 render=4451395 dmesg_Δ=0  PASS
[07:59:58Z] t=3h     rss=13340   KB iters: compute=6304089 wgpu=297691 render=4855020 dmesg_Δ=0  PASS
[08:14:58Z] t=3h     rss=13340   KB iters: compute=6828349 wgpu=322545 render=5258699 dmesg_Δ=0  PASS
[08:29:58Z] t=3h     rss=13340   KB iters: compute=7354486 wgpu=347383 render=5663649 dmesg_Δ=0  PASS
[08:44:58Z] t=3h     rss=13340   KB iters: compute=7881294 wgpu=372249 render=6069014 dmesg_Δ=0  PASS
[08:59:58Z] t=4h     rss=13340   KB iters: compute=8408783 wgpu=397116 render=6474715 dmesg_Δ=0  PASS
[09:14:58Z] t=4h     rss=13340   KB iters: compute=8936126 wgpu=422018 render=6880491 dmesg_Δ=0  PASS
[09:29:58Z] t=4h     rss=13340   KB iters: compute=9463097 wgpu=446862 render=7285871 dmesg_Δ=0  PASS
[09:44:58Z] t=4h     rss=13340   KB iters: compute=9991080 wgpu=471748 render=7692101 dmesg_Δ=0  PASS
[09:59:58Z] t=5h     rss=13340   KB iters: compute=10518354 wgpu=496610 render=8097753 dmesg_Δ=0  PASS
[10:14:58Z] t=5h     rss=13340   KB iters: compute=11045562 wgpu=521484 render=8503096 dmesg_Δ=0  PASS
[10:29:58Z] t=5h     rss=13340   KB iters: compute=11573006 wgpu=546375 render=8908964 dmesg_Δ=0  PASS
[10:44:58Z] t=5h     rss=13340   KB iters: compute=12100212 wgpu=571235 render=9314711 dmesg_Δ=0  PASS
[10:59:58Z] t=6h     rss=13340   KB iters: compute=12627795 wgpu=596077 render=9720449 dmesg_Δ=0  PASS
[11:14:58Z] t=6h     rss=13340   KB iters: compute=13155465 wgpu=620901 render=10126385 dmesg_Δ=0  PASS
[11:29:58Z] t=6h     rss=13340   KB iters: compute=13682936 wgpu=645801 render=       dmesg_Δ=0  PASS
[11:44:58Z] t=6h     rss=13340   KB iters: compute=14209598 wgpu=670650 render=10937519 dmesg_Δ=0  PASS
[11:59:58Z] t=7h     rss=13340   KB iters: compute=14735962 wgpu=695513 render=11342539 dmesg_Δ=0  PASS
[12:14:58Z] t=7h     rss=13340   KB iters: compute=15263310 wgpu=720379 render=11748350 dmesg_Δ=0  PASS
[12:29:58Z] t=7h     rss=13340   KB iters: compute=15790171 wgpu=745265 render=12153933 dmesg_Δ=0  PASS
[12:44:58Z] t=7h     rss=13340   KB iters: compute=16317018 wgpu=770101 render=12559572 dmesg_Δ=0  PASS
[12:59:58Z] t=8h     rss=13340   KB iters: compute=16844686 wgpu=795012 render=12965695 dmesg_Δ=0  PASS
[13:14:58Z] t=8h     rss=13340   KB iters: compute=17372242 wgpu=819859 render=13371643 dmesg_Δ=0  PASS
[13:29:58Z] t=8h     rss=13340   KB iters: compute=17899862 wgpu=844747 render=13777783 dmesg_Δ=0  PASS
[13:44:59Z] t=8h     rss=13340   KB iters: compute=18427722 wgpu=869633 render=14184275 dmesg_Δ=0  PASS
[13:59:58Z] t=9h     rss=13340   KB iters: compute=18954642 wgpu=894500 render=14589952 dmesg_Δ=0  PASS
[14:14:58Z] t=9h     rss=13340   KB iters: compute=19481272 wgpu=919348 render=14995415 dmesg_Δ=0  PASS
[14:29:58Z] t=9h     rss=13340   KB iters: compute=20008740 wgpu=944245 render=15401349 dmesg_Δ=0  PASS
[14:44:58Z] t=9h     rss=13340   KB iters: compute=20537253 wgpu=969157 render=15807796 dmesg_Δ=0  PASS
[14:59:58Z] t=10h    rss=13340   KB iters: compute=21064479 wgpu=994051 render=16213298 dmesg_Δ=0  PASS
[15:14:58Z] t=10h    rss=13340   KB iters: compute=21591400 wgpu=1018909 render=16618596 dmesg_Δ=0  PASS
[15:29:58Z] t=10h    rss=13340   KB iters: compute=22118834 wgpu=1043810 render=17024444 dmesg_Δ=0  PASS
[15:44:58Z] t=10h    rss=13340   KB iters: compute=22646599 wgpu=1068679 render=17430374 dmesg_Δ=0  PASS
[15:59:58Z] t=11h    rss=13340   KB iters: compute=23174135 wgpu=1093594 render=17836261 dmesg_Δ=0  PASS
[16:14:58Z] t=11h    rss=13340   KB iters: compute=23701679 wgpu=1118470 render=18242005 dmesg_Δ=0  PASS
[16:29:58Z] t=11h    rss=13340   KB iters: compute=24228953 wgpu=1143351 render=18647578 dmesg_Δ=0  PASS
[16:44:58Z] t=11h    rss=13340   KB iters: compute=24756715 wgpu=1168211 render=19053641 dmesg_Δ=0  PASS
[16:59:58Z] t=12h    rss=13340   KB iters: compute=25284086 wgpu=1193065 render=19459366 dmesg_Δ=0  PASS
[17:14:58Z] t=12h    rss=13340   KB iters: compute=25811618 wgpu=1217933 render=19865510 dmesg_Δ=0  PASS
[17:29:58Z] t=12h    rss=13340   KB iters: compute=26334208 wgpu=1242630 render=20267768 dmesg_Δ=0  PASS
[17:44:58Z] t=12h    rss=13340   KB iters: compute=26859929 wgpu=1267464 render=20671795 dmesg_Δ=0  PASS
[17:59:58Z] t=13h    rss=13340   KB iters: compute=27385301 wgpu=1292277 render=21076394 dmesg_Δ=0  PASS
[18:14:58Z] t=13h    rss=13340   KB iters: compute=27907197 wgpu=1316971 render=21478899 dmesg_Δ=0  PASS
[18:29:58Z] t=13h    rss=13340   KB iters: compute=28430316 wgpu=1341725 render=21882234 dmesg_Δ=0  PASS
[18:44:58Z] t=13h    rss=13340   KB iters: compute=28957692 wgpu=1366651 render=22288103 dmesg_Δ=0  PASS
[18:59:58Z] t=14h    rss=13340   KB iters: compute=29479621 wgpu=1391284 render=22690545 dmesg_Δ=0  PASS
[19:14:58Z] t=14h    rss=13340   KB iters: compute=30002759 wgpu=1415945 render=23093570 dmesg_Δ=0  PASS
[19:29:58Z] t=14h    rss=13340   KB iters: compute=30521053 wgpu=1440535 render=23493979 dmesg_Δ=0  PASS
[19:44:58Z] t=14h    rss=13340   KB iters: compute=31042453 wgpu=1465266 render=23896183 dmesg_Δ=0  PASS
[19:59:58Z] t=15h    rss=13340   KB iters: compute=31558686 wgpu=1489768 render=24295061 dmesg_Δ=0  PASS
[20:14:58Z] t=15h    rss=13340   KB iters: compute=32074206 wgpu=1514318 render=24694177 dmesg_Δ=0  PASS
[20:29:58Z] t=15h    rss=13340   KB iters: compute=32593484 wgpu=1538980 render=25095295 dmesg_Δ=0  PASS
[20:44:58Z] t=15h    rss=13340   KB iters: compute=33108136 wgpu=1563465 render=25493817 dmesg_Δ=0  PASS
[20:59:58Z] t=16h    rss=13340   KB iters: compute=33618873 wgpu=1587723 render=25888575 dmesg_Δ=0  PASS
[21:14:59Z] t=16h    rss=13340   KB iters: compute=34136153 wgpu=1612189 render=26288432 dmesg_Δ=0  PASS
[21:29:58Z] t=16h    rss=13340   KB iters: compute=34642899 wgpu=1636329 render=26681335 dmesg_Δ=0  PASS
[21:44:58Z] t=16h    rss=13340   KB iters: compute=35149241 wgpu=1660487 render=27074062 dmesg_Δ=0  PASS
[21:59:58Z] t=17h    rss=13340   KB iters: compute=35666931 wgpu=1685025 render=27473730 dmesg_Δ=0  PASS
[22:14:58Z] t=17h    rss=13340   KB iters: compute=36185933 wgpu=1709590 render=27874592 dmesg_Δ=0  PASS
[2026-06-01T22:24:49Z] interrupted
