[2026-06-03T01:28:56Z] soak start — workload=all stop=6h (21600 s) logdir=/home/macro/Repos/mabda/docs/handoff/soak-20260603T012856Z
[2026-06-03T01:28:56Z] active programs: compute wgpu render
[2026-06-03T01:28:56Z] checkpoint schedule (s): 1 2 4 8 16 32 60 120 240 480 960 1920 3600 4500 5400 6300 7200 8100 9000 9900 10800 11700 12600 13500 14400 15300 16200 17100 18000 18900 19800 20700 21600
[2026-06-03T01:28:56Z] building build/native_compute_store (make resolves up-to-date)
make: 'build/native_compute_store' is up to date.
[2026-06-03T01:28:56Z] building build/render_graph_e2e (make resolves up-to-date)
make: 'build/render_graph_e2e' is up to date.
[2026-06-03T01:28:56Z] building build/native_render_e2e (make resolves up-to-date)
make: 'build/native_render_e2e' is up to date.
[2026-06-03T01:28:56Z] dmesg amdgpu/drm baseline lines: 71
[2026-06-03T01:28:56Z] started compute loop (pid=1525894, bin=/home/macro/Repos/mabda/build/native_compute_store)
[2026-06-03T01:28:56Z] started wgpu loop (pid=1525899, bin=/home/macro/Repos/mabda/build/render_graph_e2e)
[2026-06-03T01:28:56Z] started render loop (pid=1525905, bin=/home/macro/Repos/mabda/build/native_render_e2e)
[01:28:58Z] t=1s     rss=13444   KB iters: compute=607    wgpu=28     render=464    dmesg_Δ=0  PASS
[01:28:58Z] t=2s     rss=13444   KB iters: compute=631    wgpu=29     render=481    dmesg_Δ=0  PASS
[01:29:00Z] t=4s     rss=13444   KB iters: compute=1809   wgpu=84     render=1378   dmesg_Δ=0  PASS
[01:29:04Z] t=8s     rss=13444   KB iters: compute=4091   wgpu=193    render=3133   dmesg_Δ=0  PASS
[01:29:12Z] t=16s    rss=13444   KB iters: compute=8648   wgpu=409    render=6639   dmesg_Δ=0  PASS
[01:29:28Z] t=32s    rss=13444   KB iters: compute=17728  wgpu=844    render=13644  dmesg_Δ=0  PASS
[01:29:56Z] t=1m     rss=13444   KB iters: compute=33899  wgpu=1614   render=26177  dmesg_Δ=0  PASS
[01:30:56Z] t=2m     rss=13444   KB iters: compute=68580  wgpu=3265   render=53215  dmesg_Δ=0  PASS
[01:32:56Z] t=4m     rss=13444   KB iters: compute=       wgpu=6433   render=105036 dmesg_Δ=0  PASS
[01:36:56Z] t=8m     rss=13444   KB iters: compute=271118 wgpu=12890  render=210960 dmesg_Δ=0  PASS
[01:44:56Z] t=16m    rss=13444   KB iters: compute=544116 wgpu=25875  render=423546 dmesg_Δ=0  PASS
[02:00:56Z] t=32m    rss=13444   KB iters: compute=1085882 wgpu=51665  render=845111 dmesg_Δ=0  PASS
[02:28:56Z] t=1h     rss=13444   KB iters: compute=2032380 wgpu=96745  render=1582044 dmesg_Δ=0  PASS
[02:43:56Z] t=1h     rss=13444   KB iters: compute=2543383 wgpu=120934 render=1979503 dmesg_Δ=0  PASS
[02:58:56Z] t=1h     rss=13444   KB iters: compute=3060872 wgpu=145279 render=2380978 dmesg_Δ=0  PASS
[03:13:56Z] t=1h     rss=13444   KB iters: compute=3573457 wgpu=169499 render=2779642 dmesg_Δ=0  PASS
[03:28:56Z] t=2h     rss=13444   KB iters: compute=4081829 wgpu=193543 render=3175524 dmesg_Δ=0  PASS
[03:43:56Z] t=2h     rss=13444   KB iters: compute=       wgpu=217769 render=3575808 dmesg_Δ=0  PASS
[03:58:56Z] t=2h     rss=13444   KB iters: compute=5111609 wgpu=242057 render=3976248 dmesg_Δ=0  PASS
[04:13:56Z] t=2h     rss=13444   KB iters: compute=5623097 wgpu=266180 render=4373826 dmesg_Δ=0  PASS
[04:28:56Z] t=3h     rss=13444   KB iters: compute=6141186 wgpu=290605 render=4776353 dmesg_Δ=0  PASS
[04:43:56Z] t=3h     rss=13444   KB iters: compute=6659327 wgpu=314944 render=5178272 dmesg_Δ=0  PASS
[04:58:56Z] t=3h     rss=13444   KB iters: compute=7176304 wgpu=339275 render=5579389 dmesg_Δ=0  PASS
[05:13:56Z] t=3h     rss=13444   KB iters: compute=7694016 wgpu=363677 render=5981280 dmesg_Δ=0  PASS
[05:28:56Z] t=4h     rss=13444   KB iters: compute=8214568 wgpu=388172 render=6385352 dmesg_Δ=0  PASS
[05:43:56Z] t=4h     rss=13444   KB iters: compute=8732224 wgpu=412554 render=6786937 dmesg_Δ=0  PASS
[05:58:57Z] t=4h     rss=13444   KB iters: compute=9250528 wgpu=436933 render=7189094 dmesg_Δ=0  PASS
[06:13:56Z] t=4h     rss=13444   KB iters: compute=9770103 wgpu=461368 render=7592140 dmesg_Δ=0  PASS
[06:28:56Z] t=5h     rss=13444   KB iters: compute=10288270 wgpu=485798 render=7994351 dmesg_Δ=0  PASS
[06:43:56Z] t=5h     rss=13444   KB iters: compute=10801956 wgpu=510021 render=8393589 dmesg_Δ=0  PASS
[06:58:56Z] t=5h     rss=13444   KB iters: compute=11315001 wgpu=534260 render=8792596 dmesg_Δ=0  PASS
[07:13:56Z] t=5h     rss=13444   KB iters: compute=11829458 wgpu=558612 render=9192645 dmesg_Δ=0  PASS
[07:28:56Z] t=6h     rss=13444   KB iters: compute=12338988 wgpu=582737 render=9588888 dmesg_Δ=0  PASS
[2026-06-03T07:28:56Z] soak end — exit=0 — see /home/macro/Repos/mabda/docs/handoff/soak-20260603T012856Z/soak.csv for milestone table
