libdrm_amdgpu init OK (drm 3.64)
ib_va=0xffff800100000000 shader_va=0xffff800100002000 out_va=0xffff800100003000 stub_va=0xffff800100004000 fence_va=0xffff800100001000
pm4 IB built: 80 DWs
---- IB DUMP (80 DWs) ----
0000: c0033700 00100500 00001000 ffff8001 cafebabe c0017600 0000020d 00000080
0008: c0027600 00000216 ffffffff 00000000 c0027600 00000219 00000000 00000000
0010: c0017900 0000007b 00000000 c0027900 00000380 00000000 00000000 c0017600
0018: 0000020c 01000020 c0027600 00000212 002c0040 00000008 c0017600 00000218
0020: 00000100 c0027600 00000242 00004000 ffff8001 c0027600 00000240 00003000
0028: ffff8001 c0055802 a8c40000 ffffffff 00ffffff 00000000 00000000 0000000a
0030: c0017600 00000215 00000140 c0037600 00000207 00000001 00000001 00000001
0038: c0033700 00100500 00001008 ffff8001 feedface c0031502 00000001 00000001
0040: 00000001 00000045 c0033700 00100500 00001010 ffff8001 c0ffee12 c0055000
0048: e0300000 00000000 00000000 00000000 00000000 00000000 c0001000 00000000
---- IB DUMP END ----
submit: ip_type=COMPUTE ip_instance=0 ring=0 (Mesa-shape v3)
submit-to-syncobj-signal: 0 ms
marker A (start)   = 0xCAFEBABE OK
marker B (pre-dsp) = 0xFEEDFACE OK
marker C (post-dsp)= 0xC0FFEE12 OK
out[0] = 0xDEADBEEF (want 0xDEADBEEF) — PASS
