[2026-05-12T21:10:19Z] soak start — workload=compute stop=6h (21600 s) logdir=/home/macro/Repos/mabda/docs/handoff/soak-20260512T211019Z
[2026-05-12T21:10:19Z] checkpoint schedule (s): 1 2 4 8 16 32 60 120 240 480 960 1920 3600 7200 14400 21600
[2026-05-12T21:10:19Z] dmesg amdgpu/drm baseline lines: 71
[2026-05-12T21:10:19Z] started compute loop (pid=10945, bin=/home/macro/Repos/mabda/build/native_compute_store)
[21:10:20Z] t=1s     rss=4144    KB iters: compute=750    wgpu=0      dmesg_Δ=0  PASS
[21:10:21Z] t=2s     rss=4144    KB iters: compute=1504   wgpu=0      dmesg_Δ=0  PASS
[21:10:23Z] t=4s     rss=4144    KB iters: compute=2994   wgpu=0      dmesg_Δ=0  PASS
[21:10:28Z] t=8s     rss=4144    KB iters: compute=5954   wgpu=0      dmesg_Δ=0  PASS
[21:10:35Z] t=16s    rss=4144    KB iters: compute=11097  wgpu=0      dmesg_Δ=0  PASS
[21:10:51Z] t=32s    rss=4144    KB iters: compute=22896  wgpu=0      dmesg_Δ=0  PASS
[21:11:19Z] t=1m     rss=4144    KB iters: compute=43461  wgpu=0      dmesg_Δ=0  PASS
[21:12:19Z] t=2m     rss=4144    KB iters: compute=87435  wgpu=0      dmesg_Δ=0  PASS
[21:14:19Z] t=4m     rss=4144    KB iters: compute=175255 wgpu=0      dmesg_Δ=0  PASS
[21:18:19Z] t=8m     rss=4144    KB iters: compute=350622 wgpu=0      dmesg_Δ=0  PASS
[21:26:19Z] t=16m    rss=4144    KB iters: compute=701705 wgpu=0      dmesg_Δ=0  PASS
[21:42:19Z] t=32m    rss=4144    KB iters: compute=1401531 wgpu=0      dmesg_Δ=0  PASS
[22:10:19Z] t=1h     rss=4144    KB iters: compute=2619159 wgpu=0      dmesg_Δ=0  PASS
[23:10:19Z] t=2h     rss=4144    KB iters: compute=5222138 wgpu=0      dmesg_Δ=0  PASS
[01:10:19Z] t=4h     rss=4144    KB iters: compute=10451719 wgpu=0      dmesg_Δ=0  PASS
[03:10:19Z] t=6h     rss=4144    KB iters: compute=15664760 wgpu=0      dmesg_Δ=0  PASS
[2026-05-13T03:10:19Z] soak end — exit=0 — see /home/macro/Repos/mabda/docs/handoff/soak-20260512T211019Z/soak.csv for milestone table
