112257 ioctl(4, DRM_IOCTL_VERSION, "\x00\x00\x00\x00\x00\x00\x00\x00\x00\x00\x00\x00\x00\x00\x00\x00\x00\x00\x00\x00\x00\x00\x00\x00\x00\x00\x00\x00\x00\x00\x00\x00"... => "\x03\x00\x00\x00\x40\x00\x00\x00\x00\x00\x00\x00\x00\x00\x00\x00\x06\x00\x00\x00\x00\x00\x00\x00\x00\x00\x00\x00\x00\x00\x00\x00"...) = 0
112257 ioctl(4, DRM_IOCTL_VERSION, "\x03\x00\x00\x00\x40\x00\x00\x00\x00\x00\x00\x00\x00\x00\x00\x00\x06\x00\x00\x00\x00\x00\x00\x00\x30\x0c\xe6\x98\x57\x55\x00\x00"... => "\x03\x00\x00\x00\x40\x00\x00\x00\x00\x00\x00\x00\x00\x00\x00\x00\x06\x00\x00\x00\x00\x00\x00\x00\x30\x0c\xe6\x98\x57\x55\x00\x00"...) = 0
112257 ioctl(4, DRM_IOCTL_VERSION, "\x00\x00\x00\x00\x00\x00\x00\x00\x00\x00\x00\x00\x00\x00\x00\x00\x00\x00\x00\x00\x00\x00\x00\x00\x00\x00\x00\x00\x00\x00\x00\x00"... => "\x03\x00\x00\x00\x40\x00\x00\x00\x00\x00\x00\x00\x00\x00\x00\x00\x06\x00\x00\x00\x00\x00\x00\x00\x00\x00\x00\x00\x00\x00\x00\x00"...) = 0
112257 ioctl(4, DRM_IOCTL_VERSION, "\x03\x00\x00\x00\x40\x00\x00\x00\x00\x00\x00\x00\x00\x00\x00\x00\x06\x00\x00\x00\x00\x00\x00\x00\xe0\x86\xe6\x98\x57\x55\x00\x00"... => "\x03\x00\x00\x00\x40\x00\x00\x00\x00\x00\x00\x00\x00\x00\x00\x00\x06\x00\x00\x00\x00\x00\x00\x00\xe0\x86\xe6\x98\x57\x55\x00\x00"...) = 0
112257 ioctl(4, DRM_IOCTL_VERSION, "\x00\x00\x00\x00\x00\x00\x00\x00\x00\x00\x00\x00\x00\x00\x00\x00\x00\x00\x00\x00\x00\x00\x00\x00\x00\x00\x00\x00\x00\x00\x00\x00"... => "\x03\x00\x00\x00\x40\x00\x00\x00\x00\x00\x00\x00\x00\x00\x00\x00\x06\x00\x00\x00\x00\x00\x00\x00\x00\x00\x00\x00\x00\x00\x00\x00"...) = 0
112257 ioctl(4, DRM_IOCTL_VERSION, "\x03\x00\x00\x00\x40\x00\x00\x00\x00\x00\x00\x00\x00\x00\x00\x00\x06\x00\x00\x00\x00\x00\x00\x00\x60\x40\xe6\x98\x57\x55\x00\x00"... => "\x03\x00\x00\x00\x40\x00\x00\x00\x00\x00\x00\x00\x00\x00\x00\x00\x06\x00\x00\x00\x00\x00\x00\x00\x60\x40\xe6\x98\x57\x55\x00\x00"...) = 0
112257 ioctl(4, DRM_IOCTL_VERSION, "\x00\x00\x00\x00\x00\x00\x00\x00\x00\x00\x00\x00\x00\x00\x00\x00\x00\x00\x00\x00\x00\x00\x00\x00\x00\x00\x00\x00\x00\x00\x00\x00"... => "\x03\x00\x00\x00\x40\x00\x00\x00\x00\x00\x00\x00\x00\x00\x00\x00\x06\x00\x00\x00\x00\x00\x00\x00\x00\x00\x00\x00\x00\x00\x00\x00"...) = 0
112257 ioctl(4, DRM_IOCTL_VERSION, "\x03\x00\x00\x00\x40\x00\x00\x00\x00\x00\x00\x00\x00\x00\x00\x00\x06\x00\x00\x00\x00\x00\x00\x00\x00\xec\xe6\x98\x57\x55\x00\x00"... => "\x03\x00\x00\x00\x40\x00\x00\x00\x00\x00\x00\x00\x00\x00\x00\x00\x06\x00\x00\x00\x00\x00\x00\x00\x00\xec\xe6\x98\x57\x55\x00\x00"...) = 0
112257 ioctl(6, DRM_IOCTL_AMDGPU_INFO or DRM_IOCTL_IVPU_SUBMIT, "\x54\xa1\x58\x66\xfd\x7f\x00\x00\x04\x00\x00\x00\x00\x00\x00\x00\x00\x00\x00\x00\x00\x00\x00\x00\x00\x00\x00\x00\x00\x00\x00\x00") = 0
112257 ioctl(6, DRM_IOCTL_AMDGPU_INFO or DRM_IOCTL_IVPU_SUBMIT, "\x60\xf3\xe6\x98\x57\x55\x00\x00\xc0\x01\x00\x00\x16\x00\x00\x00\x00\x00\x00\x00\x00\x00\x00\x00\x00\x00\x00\x00\x00\x00\x00\x00") = 0
112257 ioctl(6, DRM_IOCTL_AMDGPU_INFO or DRM_IOCTL_IVPU_SUBMIT, "\x80\xf5\xe6\x98\x57\x55\x00\x00\x04\x00\x00\x00\x15\x00\x00\x00\x3e\x26\x00\x00\x01\x00\x00\x00\xff\xff\xff\xff\x00\x00\x00\x00") = 0
112257 ioctl(6, DRM_IOCTL_GET_CAP, "\x14\x00\x00\x00\x00\x00\x00\x00\x00\x00\x00\x00\x00\x00\x00\x00" => "\x14\x00\x00\x00\x00\x00\x00\x00\x01\x00\x00\x00\x00\x00\x00\x00") = 0
112257 ioctl(6, DRM_IOCTL_SYNCOBJ_CREATE, "\x00\x00\x00\x00\x00\x00\x00\x00" => "\x01\x00\x00\x00\x00\x00\x00\x00") = 0
112257 ioctl(6, DRM_IOCTL_AMDGPU_INFO or DRM_IOCTL_IVPU_SUBMIT, "\x50\x9b\x58\x66\xfd\x7f\x00\x00\xc0\x01\x00\x00\x16\x00\x00\x00\x00\x00\x00\x00\x00\x00\x00\x00\x00\x00\x00\x00\x00\x00\x00\x00") = 0
112257 ioctl(6, DRM_IOCTL_AMDGPU_INFO or DRM_IOCTL_IVPU_SUBMIT, "\xf0\x9e\x58\x66\xfd\x7f\x00\x00\x04\x00\x00\x00\x15\x00\x00\x00\x3e\x26\x00\x00\x01\x00\x00\x00\xff\xff\xff\xff\x00\x00\x00\x00") = 0
112257 ioctl(6, DRM_IOCTL_AMDGPU_INFO or DRM_IOCTL_IVPU_SUBMIT, "\x30\xa0\x58\x66\xfd\x7f\x00\x00\xc0\x01\x00\x00\x16\x00\x00\x00\x00\x00\x00\x00\x00\x00\x00\x00\x00\x00\x00\x00\x00\x00\x00\x00") = 0
112257 ioctl(6, DRM_IOCTL_AMDGPU_INFO or DRM_IOCTL_IVPU_SUBMIT, "\x30\x9e\x58\x66\xfd\x7f\x00\x00\x20\x00\x00\x00\x02\x00\x00\x00\x00\x00\x00\x00\x00\x00\x00\x00\x00\x00\x00\x00\x00\x00\x00\x00") = 0
112257 ioctl(6, DRM_IOCTL_AMDGPU_INFO or DRM_IOCTL_IVPU_SUBMIT, "\xcc\x9d\x58\x66\xfd\x7f\x00\x00\x04\x00\x00\x00\x03\x00\x00\x00\x00\x00\x00\x00\x00\x00\x00\x00\x00\x00\x00\x00\x00\x00\x00\x00") = 0
112257 ioctl(6, DRM_IOCTL_AMDGPU_INFO or DRM_IOCTL_IVPU_SUBMIT, "\x30\x9e\x58\x66\xfd\x7f\x00\x00\x20\x00\x00\x00\x02\x00\x00\x00\x01\x00\x00\x00\x00\x00\x00\x00\x00\x00\x00\x00\x00\x00\x00\x00") = 0
112257 ioctl(6, DRM_IOCTL_AMDGPU_INFO or DRM_IOCTL_IVPU_SUBMIT, "\xcc\x9d\x58\x66\xfd\x7f\x00\x00\x04\x00\x00\x00\x03\x00\x00\x00\x01\x00\x00\x00\x00\x00\x00\x00\x00\x00\x00\x00\x00\x00\x00\x00") = 0
112257 ioctl(6, DRM_IOCTL_AMDGPU_INFO or DRM_IOCTL_IVPU_SUBMIT, "\x30\x9e\x58\x66\xfd\x7f\x00\x00\x20\x00\x00\x00\x02\x00\x00\x00\x02\x00\x00\x00\x00\x00\x00\x00\x00\x00\x00\x00\x00\x00\x00\x00") = 0
112257 ioctl(6, DRM_IOCTL_AMDGPU_INFO or DRM_IOCTL_IVPU_SUBMIT, "\xcc\x9d\x58\x66\xfd\x7f\x00\x00\x04\x00\x00\x00\x03\x00\x00\x00\x02\x00\x00\x00\x00\x00\x00\x00\x00\x00\x00\x00\x00\x00\x00\x00") = 0
112257 ioctl(6, DRM_IOCTL_AMDGPU_INFO or DRM_IOCTL_IVPU_SUBMIT, "\x30\x9e\x58\x66\xfd\x7f\x00\x00\x20\x00\x00\x00\x02\x00\x00\x00\x03\x00\x00\x00\x00\x00\x00\x00\x00\x00\x00\x00\x00\x00\x00\x00") = 0
112257 ioctl(6, DRM_IOCTL_AMDGPU_INFO or DRM_IOCTL_IVPU_SUBMIT, "\x30\x9e\x58\x66\xfd\x7f\x00\x00\x20\x00\x00\x00\x02\x00\x00\x00\x04\x00\x00\x00\x00\x00\x00\x00\x00\x00\x00\x00\x00\x00\x00\x00") = 0
112257 ioctl(6, DRM_IOCTL_AMDGPU_INFO or DRM_IOCTL_IVPU_SUBMIT, "\x30\x9e\x58\x66\xfd\x7f\x00\x00\x20\x00\x00\x00\x02\x00\x00\x00\x05\x00\x00\x00\x00\x00\x00\x00\x00\x00\x00\x00\x00\x00\x00\x00") = 0
112257 ioctl(6, DRM_IOCTL_AMDGPU_INFO or DRM_IOCTL_IVPU_SUBMIT, "\x30\x9e\x58\x66\xfd\x7f\x00\x00\x20\x00\x00\x00\x02\x00\x00\x00\x06\x00\x00\x00\x00\x00\x00\x00\x00\x00\x00\x00\x00\x00\x00\x00") = 0
112257 ioctl(6, DRM_IOCTL_AMDGPU_INFO or DRM_IOCTL_IVPU_SUBMIT, "\xcc\x9d\x58\x66\xfd\x7f\x00\x00\x04\x00\x00\x00\x03\x00\x00\x00\x06\x00\x00\x00\x00\x00\x00\x00\x00\x00\x00\x00\x00\x00\x00\x00") = 0
112257 ioctl(6, DRM_IOCTL_AMDGPU_INFO or DRM_IOCTL_IVPU_SUBMIT, "\x30\x9e\x58\x66\xfd\x7f\x00\x00\x20\x00\x00\x00\x02\x00\x00\x00\x07\x00\x00\x00\x00\x00\x00\x00\x00\x00\x00\x00\x00\x00\x00\x00") = 0
112257 ioctl(6, DRM_IOCTL_AMDGPU_INFO or DRM_IOCTL_IVPU_SUBMIT, "\xcc\x9d\x58\x66\xfd\x7f\x00\x00\x04\x00\x00\x00\x03\x00\x00\x00\x07\x00\x00\x00\x00\x00\x00\x00\x00\x00\x00\x00\x00\x00\x00\x00") = 0
112257 ioctl(6, DRM_IOCTL_AMDGPU_INFO or DRM_IOCTL_IVPU_SUBMIT, "\x30\x9e\x58\x66\xfd\x7f\x00\x00\x20\x00\x00\x00\x02\x00\x00\x00\x08\x00\x00\x00\x00\x00\x00\x00\x00\x00\x00\x00\x00\x00\x00\x00") = 0
112257 ioctl(6, DRM_IOCTL_AMDGPU_INFO or DRM_IOCTL_IVPU_SUBMIT, "\xcc\x9d\x58\x66\xfd\x7f\x00\x00\x04\x00\x00\x00\x03\x00\x00\x00\x08\x00\x00\x00\x00\x00\x00\x00\x00\x00\x00\x00\x00\x00\x00\x00") = 0
112257 ioctl(6, DRM_IOCTL_AMDGPU_INFO or DRM_IOCTL_IVPU_SUBMIT, "\x30\x9e\x58\x66\xfd\x7f\x00\x00\x20\x00\x00\x00\x02\x00\x00\x00\x09\x00\x00\x00\x00\x00\x00\x00\x00\x00\x00\x00\x00\x00\x00\x00") = 0
112257 ioctl(6, DRM_IOCTL_AMDGPU_INFO or DRM_IOCTL_IVPU_SUBMIT, "\xf8\x9c\x58\x66\xfd\x7f\x00\x00\x08\x00\x00\x00\x0e\x00\x00\x00\x04\x00\x00\x00\x00\x00\x00\x00\x00\x00\x00\x00\x00\x00\x00\x00") = 0
112257 ioctl(6, DRM_IOCTL_AMDGPU_INFO or DRM_IOCTL_IVPU_SUBMIT, "\xf8\x9c\x58\x66\xfd\x7f\x00\x00\x08\x00\x00\x00\x0e\x00\x00\x00\x08\x00\x00\x00\x00\x00\x00\x00\x00\x00\x00\x00\x00\x00\x00\x00") = 0
112257 ioctl(6, DRM_IOCTL_AMDGPU_INFO or DRM_IOCTL_IVPU_SUBMIT, "\xf8\x9c\x58\x66\xfd\x7f\x00\x00\x08\x00\x00\x00\x0e\x00\x00\x00\x05\x00\x00\x00\x00\x00\x00\x00\x00\x00\x00\x00\x00\x00\x00\x00") = 0
112257 ioctl(6, DRM_IOCTL_AMDGPU_INFO or DRM_IOCTL_IVPU_SUBMIT, "\xf8\x9c\x58\x66\xfd\x7f\x00\x00\x08\x00\x00\x00\x0e\x00\x00\x00\x0e\x00\x00\x00\x00\x00\x00\x00\x00\x00\x00\x00\x00\x00\x00\x00") = 0
112257 ioctl(6, DRM_IOCTL_AMDGPU_INFO or DRM_IOCTL_IVPU_SUBMIT, "\x30\x9e\x58\x66\xfd\x7f\x00\x00\x60\x00\x00\x00\x19\x00\x00\x00\x00\x00\x00\x00\x00\x00\x00\x00\x00\x00\x00\x00\x00\x00\x00\x00") = 0
112257 ioctl(6, DRM_IOCTL_AMDGPU_INFO or DRM_IOCTL_IVPU_SUBMIT, "\xd8\x0c\xe7\x98\x57\x55\x00\x00\xc0\x00\x00\x00\x21\x00\x00\x00\x00\x00\x00\x00\x00\x00\x00\x00\x00\x00\x00\x00\x00\x00\x00\x00") = 0
112257 ioctl(6, DRM_IOCTL_AMDGPU_INFO or DRM_IOCTL_IVPU_SUBMIT, "\x98\x0d\xe7\x98\x57\x55\x00\x00\xc0\x00\x00\x00\x21\x00\x00\x00\x01\x00\x00\x00\x00\x00\x00\x00\x00\x00\x00\x00\x00\x00\x00\x00") = 0
112257 ioctl(4, DRM_IOCTL_GET_CAP, "\x10\x00\x00\x00\x00\x00\x00\x00\x00\x00\x00\x00\x00\x00\x00\x00" => "\x10\x00\x00\x00\x00\x00\x00\x00\x01\x00\x00\x00\x00\x00\x00\x00") = 0
112257 ioctl(6, DRM_IOCTL_AMDGPU_INFO or DRM_IOCTL_IVPU_SUBMIT, "\x74\x0e\xe7\x98\x57\x55\x00\x00\x28\x00\x00\x00\x22\x00\x00\x00\x00\x00\x00\x00\x00\x00\x00\x00\x00\x00\x00\x00\x00\x00\x00\x00") = 0
112257 ioctl(6, DRM_IOCTL_GET_CAP, "\x05\x00\x00\x00\x00\x00\x00\x00\x00\x00\x00\x00\x00\x00\x00\x00" => "\x05\x00\x00\x00\x00\x00\x00\x00\x03\x00\x00\x00\x00\x00\x00\x00") = 0
112257 ioctl(6, DRM_IOCTL_AMDGPU_GEM_CREATE, "\x00\x00\x20\x00\x00\x00\x00\x00\x00\x00\x20\x00\x00\x00\x00\x00\x06\x00\x00\x00\x00\x00\x00\x00\x06\x00\x00\x00\x00\x00\x00\x00" => "\x01\x00\x00\x00\x00\x00\x00\x00\x00\x00\x00\x00\x00\x00\x00\x00\x00\x00\x00\x00\x00\x00\x00\x00\x00\x00\x00\x00\x00\x00\x00\x00") = 0
112257 ioctl(6, _IOC(_IOC_READ|_IOC_WRITE, 0x64, 0x48, 0x40), "\x01\x00\x00\x00\x00\x00\x00\x00\x01\x00\x00\x00\x0e\x00\x00\x00\x00\x00\x00\x00\x01\x80\xff\xff\x00\x00\x00\x00\x00\x00\x00\x00"... => "\x01\x00\x00\x00\x00\x00\x00\x00\x01\x00\x00\x00\x0e\x00\x00\x00\x00\x00\x00\x00\x01\x80\xff\xff\x00\x00\x00\x00\x00\x00\x00\x00"...) = 0
112257 ioctl(6, DRM_IOCTL_AMDGPU_CTX or DRM_IOCTL_ETNAVIV_GEM_NEW or DRM_IOCTL_LIMA_GEM_INFO or DRM_IOCTL_MSM_GEM_NEW or DRM_IOCTL_NOVA_GEM_INFO or DRM_IOCTL_PVR_GET_BO_MMAP_OFFSET or DRM_IOCTL_QAIC_MMAP_BO or DRM_IOCTL_V3D_CREATE_BO or DRM_IOCTL_VC4_WAIT_BO, "\x01\x00\x00\x00\x00\x00\x00\x00\x00\x00\x00\x00\x00\x00\x00\x00" => "\x01\x00\x00\x00\x00\x00\x00\x00\x00\x00\x00\x00\x00\x00\x00\x00") = 0
112257 ioctl(6, DRM_IOCTL_AMDGPU_GEM_CREATE, "\x00\x10\x00\x00\x00\x00\x00\x00\x00\x10\x00\x00\x00\x00\x00\x00\x02\x00\x00\x00\x00\x00\x00\x00\x00\x00\x00\x00\x00\x00\x00\x00" => "\x02\x00\x00\x00\x00\x00\x00\x00\x00\x00\x00\x00\x00\x00\x00\x00\x00\x00\x00\x00\x00\x00\x00\x00\x00\x00\x00\x00\x00\x00\x00\x00") = 0
112257 ioctl(6, DRM_IOCTL_AMDGPU_GEM_MMAP or DRM_IOCTL_AMDXDNA_DESTROY_HWCTX, "\x02\x00\x00\x00\x00\x00\x00\x00" => "\x00\x40\xa4\x00\x01\x00\x00\x00") = 0
112257 ioctl(6, DRM_IOCTL_AMDGPU_GEM_CREATE, "\x00\x00\x20\x00\x00\x00\x00\x00\x00\x00\x20\x00\x00\x00\x00\x00\x02\x00\x00\x00\x00\x00\x00\x00\x00\x00\x00\x00\x00\x00\x00\x00" => "\x03\x00\x00\x00\x00\x00\x00\x00\x00\x00\x00\x00\x00\x00\x00\x00\x00\x00\x00\x00\x00\x00\x00\x00\x00\x00\x00\x00\x00\x00\x00\x00") = 0
112257 ioctl(6, _IOC(_IOC_READ|_IOC_WRITE, 0x64, 0x48, 0x40), "\x03\x00\x00\x00\x00\x00\x00\x00\x01\x00\x00\x00\x8e\x00\x00\x00\x00\x00\x20\x00\x01\x80\xff\xff\x00\x00\x00\x00\x00\x00\x00\x00"... => "\x03\x00\x00\x00\x00\x00\x00\x00\x01\x00\x00\x00\x8e\x00\x00\x00\x00\x00\x20\x00\x01\x80\xff\xff\x00\x00\x00\x00\x00\x00\x00\x00"...) = 0
112257 ioctl(6, DRM_IOCTL_AMDGPU_GEM_MMAP or DRM_IOCTL_AMDXDNA_DESTROY_HWCTX, "\x03\x00\x00\x00\x00\x00\x00\x00" => "\x00\x50\xa4\x00\x01\x00\x00\x00") = 0
112257 ioctl(6, DRM_IOCTL_AMDGPU_GEM_CREATE, "\x00\x00\x20\x00\x00\x00\x00\x00\x00\x00\x20\x00\x00\x00\x00\x00\x06\x00\x00\x00\x00\x00\x00\x00\x04\x00\x00\x00\x00\x00\x00\x00" => "\x04\x00\x00\x00\x00\x00\x00\x00\x00\x00\x00\x00\x00\x00\x00\x00\x00\x00\x00\x00\x00\x00\x00\x00\x00\x00\x00\x00\x00\x00\x00\x00") = 0
112257 ioctl(6, _IOC(_IOC_READ|_IOC_WRITE, 0x64, 0x48, 0x40), "\x04\x00\x00\x00\x00\x00\x00\x00\x01\x00\x00\x00\x0e\x00\x00\x00\x00\x00\x40\x00\x01\x80\xff\xff\x00\x00\x00\x00\x00\x00\x00\x00"... => "\x04\x00\x00\x00\x00\x00\x00\x00\x01\x00\x00\x00\x0e\x00\x00\x00\x00\x00\x40\x00\x01\x80\xff\xff\x00\x00\x00\x00\x00\x00\x00\x00"...) = 0
112257 ioctl(6, DRM_IOCTL_AMDGPU_GEM_MMAP or DRM_IOCTL_AMDXDNA_DESTROY_HWCTX, "\x04\x00\x00\x00\x00\x00\x00\x00" => "\x00\x50\xc4\x00\x01\x00\x00\x00") = 0
112257 ioctl(6, DRM_IOCTL_AMDGPU_GEM_CREATE, "\x00\x00\x20\x00\x00\x00\x00\x00\x00\x00\x20\x00\x00\x00\x00\x00\x06\x00\x00\x00\x00\x00\x00\x00\x06\x00\x00\x00\x00\x00\x00\x00" => "\x05\x00\x00\x00\x00\x00\x00\x00\x00\x00\x00\x00\x00\x00\x00\x00\x00\x00\x00\x00\x00\x00\x00\x00\x00\x00\x00\x00\x00\x00\x00\x00") = 0
112257 ioctl(6, _IOC(_IOC_READ|_IOC_WRITE, 0x64, 0x48, 0x40), "\x05\x00\x00\x00\x00\x00\x00\x00\x01\x00\x00\x00\x0e\x00\x00\x00\x00\x00\x60\x00\x01\x80\xff\xff\x00\x00\x00\x00\x00\x00\x00\x00"... => "\x05\x00\x00\x00\x00\x00\x00\x00\x01\x00\x00\x00\x0e\x00\x00\x00\x00\x00\x60\x00\x01\x80\xff\xff\x00\x00\x00\x00\x00\x00\x00\x00"...) = 0
112257 ioctl(6, DRM_IOCTL_AMDGPU_CTX or DRM_IOCTL_ETNAVIV_GEM_NEW or DRM_IOCTL_LIMA_GEM_INFO or DRM_IOCTL_MSM_GEM_NEW or DRM_IOCTL_NOVA_GEM_INFO or DRM_IOCTL_PVR_GET_BO_MMAP_OFFSET or DRM_IOCTL_QAIC_MMAP_BO or DRM_IOCTL_V3D_CREATE_BO or DRM_IOCTL_VC4_WAIT_BO, "\x01\x00\x00\x00\x00\x00\x00\x00\x00\x00\x00\x00\x00\x00\x00\x00" => "\x02\x00\x00\x00\x00\x00\x00\x00\x00\x00\x00\x00\x00\x00\x00\x00") = 0
112257 ioctl(6, DRM_IOCTL_AMDGPU_GEM_CREATE, "\x00\x10\x00\x00\x00\x00\x00\x00\x00\x10\x00\x00\x00\x00\x00\x00\x02\x00\x00\x00\x00\x00\x00\x00\x00\x00\x00\x00\x00\x00\x00\x00" => "\x06\x00\x00\x00\x00\x00\x00\x00\x00\x00\x00\x00\x00\x00\x00\x00\x00\x00\x00\x00\x00\x00\x00\x00\x00\x00\x00\x00\x00\x00\x00\x00") = 0
112257 ioctl(6, DRM_IOCTL_AMDGPU_GEM_MMAP or DRM_IOCTL_AMDXDNA_DESTROY_HWCTX, "\x06\x00\x00\x00\x00\x00\x00\x00" => "\x00\x50\x04\x01\x01\x00\x00\x00") = 0
112257 ioctl(6, DRM_IOCTL_AMDGPU_CTX or DRM_IOCTL_ETNAVIV_GEM_NEW or DRM_IOCTL_LIMA_GEM_INFO or DRM_IOCTL_MSM_GEM_NEW or DRM_IOCTL_NOVA_GEM_INFO or DRM_IOCTL_PVR_GET_BO_MMAP_OFFSET or DRM_IOCTL_QAIC_MMAP_BO or DRM_IOCTL_V3D_CREATE_BO or DRM_IOCTL_VC4_WAIT_BO, "\x01\x00\x00\x00\x00\x00\x00\x00\x00\x00\x00\x00\x00\x00\x00\x00" => "\x03\x00\x00\x00\x00\x00\x00\x00\x00\x00\x00\x00\x00\x00\x00\x00") = 0
112257 ioctl(6, DRM_IOCTL_AMDGPU_GEM_CREATE, "\x00\x10\x00\x00\x00\x00\x00\x00\x00\x10\x00\x00\x00\x00\x00\x00\x02\x00\x00\x00\x00\x00\x00\x00\x00\x00\x00\x00\x00\x00\x00\x00" => "\x07\x00\x00\x00\x00\x00\x00\x00\x00\x00\x00\x00\x00\x00\x00\x00\x00\x00\x00\x00\x00\x00\x00\x00\x00\x00\x00\x00\x00\x00\x00\x00") = 0
112257 ioctl(6, DRM_IOCTL_AMDGPU_GEM_MMAP or DRM_IOCTL_AMDXDNA_DESTROY_HWCTX, "\x07\x00\x00\x00\x00\x00\x00\x00" => "\x00\x60\x04\x01\x01\x00\x00\x00") = 0
112257 ioctl(6, DRM_IOCTL_AMDGPU_CTX or DRM_IOCTL_ETNAVIV_GEM_NEW or DRM_IOCTL_LIMA_GEM_INFO or DRM_IOCTL_MSM_GEM_NEW or DRM_IOCTL_NOVA_GEM_INFO or DRM_IOCTL_PVR_GET_BO_MMAP_OFFSET or DRM_IOCTL_QAIC_MMAP_BO or DRM_IOCTL_V3D_CREATE_BO or DRM_IOCTL_VC4_WAIT_BO, "\x01\x00\x00\x00\x00\x00\x00\x00\x00\x00\x00\x00\x00\x00\x00\x00" => "\x04\x00\x00\x00\x00\x00\x00\x00\x00\x00\x00\x00\x00\x00\x00\x00") = 0
112257 ioctl(6, DRM_IOCTL_AMDGPU_GEM_CREATE, "\x00\x10\x00\x00\x00\x00\x00\x00\x00\x10\x00\x00\x00\x00\x00\x00\x02\x00\x00\x00\x00\x00\x00\x00\x00\x00\x00\x00\x00\x00\x00\x00" => "\x08\x00\x00\x00\x00\x00\x00\x00\x00\x00\x00\x00\x00\x00\x00\x00\x00\x00\x00\x00\x00\x00\x00\x00\x00\x00\x00\x00\x00\x00\x00\x00") = 0
112257 ioctl(6, DRM_IOCTL_AMDGPU_GEM_MMAP or DRM_IOCTL_AMDXDNA_DESTROY_HWCTX, "\x08\x00\x00\x00\x00\x00\x00\x00" => "\x00\x70\x04\x01\x01\x00\x00\x00") = 0
112257 ioctl(6, DRM_IOCTL_AMDGPU_INFO or DRM_IOCTL_IVPU_SUBMIT, "\x10\x90\x58\x66\xfd\x7f\x00\x00\x18\x00\x00\x00\x14\x00\x00\x00\x00\x00\x00\x00\x00\x00\x00\x00\x00\x00\x00\x00\x00\x00\x00\x00") = 0
112257 ioctl(6, DRM_IOCTL_AMDGPU_INFO or DRM_IOCTL_IVPU_SUBMIT, "\xb8\x90\x58\x66\xfd\x7f\x00\x00\x08\x00\x00\x00\x10\x00\x00\x00\x00\x00\x00\x00\x00\x00\x00\x00\x00\x00\x00\x00\x00\x00\x00\x00") = 0
112257 ioctl(6, DRM_IOCTL_AMDGPU_INFO or DRM_IOCTL_IVPU_SUBMIT, "\x10\x90\x58\x66\xfd\x7f\x00\x00\x18\x00\x00\x00\x14\x00\x00\x00\x00\x00\x00\x00\x00\x00\x00\x00\x00\x00\x00\x00\x00\x00\x00\x00") = 0
112257 ioctl(6, DRM_IOCTL_AMDGPU_INFO or DRM_IOCTL_IVPU_SUBMIT, "\xb8\x90\x58\x66\xfd\x7f\x00\x00\x08\x00\x00\x00\x11\x00\x00\x00\x00\x00\x00\x00\x00\x00\x00\x00\x00\x00\x00\x00\x00\x00\x00\x00") = 0
112257 ioctl(6, DRM_IOCTL_AMDGPU_INFO or DRM_IOCTL_IVPU_SUBMIT, "\xa8\x90\x58\x66\xfd\x7f\x00\x00\x08\x00\x00\x00\x0f\x00\x00\x00\x00\x00\x00\x00\x00\x00\x00\x00\x00\x00\x00\x00\x00\x00\x00\x00") = 0
112257 ioctl(6, DRM_IOCTL_AMDGPU_INFO or DRM_IOCTL_IVPU_SUBMIT, "\xa8\x90\x58\x66\xfd\x7f\x00\x00\x08\x00\x00\x00\x18\x00\x00\x00\x00\x00\x00\x00\x00\x00\x00\x00\x00\x00\x00\x00\x00\x00\x00\x00") = 0
112257 ioctl(6, DRM_IOCTL_AMDGPU_CTX or DRM_IOCTL_ETNAVIV_GEM_NEW or DRM_IOCTL_LIMA_GEM_INFO or DRM_IOCTL_MSM_GEM_NEW or DRM_IOCTL_NOVA_GEM_INFO or DRM_IOCTL_PVR_GET_BO_MMAP_OFFSET or DRM_IOCTL_QAIC_MMAP_BO or DRM_IOCTL_V3D_CREATE_BO or DRM_IOCTL_VC4_WAIT_BO, "\x01\x00\x00\x00\x00\x00\x00\x00\x00\x00\x00\x00\x00\x00\x00\x00" => "\x05\x00\x00\x00\x00\x00\x00\x00\x00\x00\x00\x00\x00\x00\x00\x00") = 0
112257 ioctl(6, DRM_IOCTL_AMDGPU_GEM_CREATE, "\x00\x10\x00\x00\x00\x00\x00\x00\x00\x10\x00\x00\x00\x00\x00\x00\x02\x00\x00\x00\x00\x00\x00\x00\x00\x00\x00\x00\x00\x00\x00\x00" => "\x09\x00\x00\x00\x00\x00\x00\x00\x00\x00\x00\x00\x00\x00\x00\x00\x00\x00\x00\x00\x00\x00\x00\x00\x00\x00\x00\x00\x00\x00\x00\x00") = 0
112257 ioctl(6, DRM_IOCTL_AMDGPU_GEM_MMAP or DRM_IOCTL_AMDXDNA_DESTROY_HWCTX, "\x09\x00\x00\x00\x00\x00\x00\x00" => "\x00\x80\x04\x01\x01\x00\x00\x00") = 0
112257 ioctl(6, DRM_IOCTL_AMDGPU_GEM_CREATE, "\x00\x00\x20\x00\x00\x00\x00\x00\x00\x00\x20\x00\x00\x00\x00\x00\x06\x00\x00\x00\x00\x00\x00\x00\x04\x00\x00\x00\x00\x00\x00\x00" => "\x0a\x00\x00\x00\x00\x00\x00\x00\x00\x00\x00\x00\x00\x00\x00\x00\x00\x00\x00\x00\x00\x00\x00\x00\x00\x00\x00\x00\x00\x00\x00\x00") = 0
112257 ioctl(6, _IOC(_IOC_READ|_IOC_WRITE, 0x64, 0x48, 0x40), "\x0a\x00\x00\x00\x00\x00\x00\x00\x01\x00\x00\x00\x0e\x00\x00\x00\x00\x00\x80\x00\x01\x80\xff\xff\x00\x00\x00\x00\x00\x00\x00\x00"... => "\x0a\x00\x00\x00\x00\x00\x00\x00\x01\x00\x00\x00\x0e\x00\x00\x00\x00\x00\x80\x00\x01\x80\xff\xff\x00\x00\x00\x00\x00\x00\x00\x00"...) = 0
112260 ioctl(6, DRM_IOCTL_AMDGPU_GEM_CREATE, "\x00\x00\x20\x00\x00\x00\x00\x00\x00\x00\x20\x00\x00\x00\x00\x00\x06\x00\x00\x00\x00\x00\x00\x00\x04\x00\x00\x00\x00\x00\x00\x00" => "\x0b\x00\x00\x00\x00\x00\x00\x00\x00\x00\x00\x00\x00\x00\x00\x00\x00\x00\x00\x00\x00\x00\x00\x00\x00\x00\x00\x00\x00\x00\x00\x00") = 0
112260 ioctl(6, _IOC(_IOC_READ|_IOC_WRITE, 0x64, 0x48, 0x40), "\x0b\x00\x00\x00\x00\x00\x00\x00\x01\x00\x00\x00\x0e\x00\x00\x00\x00\x00\x00\x00\x00\x80\xff\xff\x00\x00\x00\x00\x00\x00\x00\x00"... => "\x0b\x00\x00\x00\x00\x00\x00\x00\x01\x00\x00\x00\x0e\x00\x00\x00\x00\x00\x00\x00\x00\x80\xff\xff\x00\x00\x00\x00\x00\x00\x00\x00"...) = 0
112260 ioctl(6, DRM_IOCTL_AMDGPU_GEM_MMAP or DRM_IOCTL_AMDXDNA_DESTROY_HWCTX, "\x0b\x00\x00\x00\x00\x00\x00\x00" => "\x00\x90\x24\x01\x01\x00\x00\x00") = 0
112268 ioctl(6, DRM_IOCTL_AMDGPU_GEM_CREATE, "\x00\x00\x20\x00\x00\x00\x00\x00\x00\x00\x20\x00\x00\x00\x00\x00\x02\x00\x00\x00\x00\x00\x00\x00\x04\x00\x00\x00\x00\x00\x00\x00" => "\x0c\x00\x00\x00\x00\x00\x00\x00\x00\x00\x00\x00\x00\x00\x00\x00\x00\x00\x00\x00\x00\x00\x00\x00\x00\x00\x00\x00\x00\x00\x00\x00") = 0
112268 ioctl(6, _IOC(_IOC_READ|_IOC_WRITE, 0x64, 0x48, 0x40), "\x0c\x00\x00\x00\x00\x00\x00\x00\x01\x00\x00\x00\x0e\x00\x00\x00\x00\x00\x20\x00\x00\x80\xff\xff\x00\x00\x00\x00\x00\x00\x00\x00"... => "\x0c\x00\x00\x00\x00\x00\x00\x00\x01\x00\x00\x00\x0e\x00\x00\x00\x00\x00\x20\x00\x00\x80\xff\xff\x00\x00\x00\x00\x00\x00\x00\x00"...) = 0
112268 ioctl(6, DRM_IOCTL_AMDGPU_GEM_MMAP or DRM_IOCTL_AMDXDNA_DESTROY_HWCTX, "\x0c\x00\x00\x00\x00\x00\x00\x00" => "\x00\x90\x44\x01\x01\x00\x00\x00") = 0
112268 ioctl(6, DRM_IOCTL_SYNCOBJ_CREATE, "\x00\x00\x00\x00\x00\x00\x00\x00" => "\x02\x00\x00\x00\x00\x00\x00\x00") = 0
112258 ioctl(6, DRM_IOCTL_AMDGPU_CS, "\x05\x00\x00\x00\x00\x00\x00\x00\x04\x00\x00\x00\x00\x00\x00\x00\xb0\xea\x7f\x83\x38\x7f\x00\x00" => "\x01\x00\x00\x00\x00\x00\x00\x00\x04\x00\x00\x00\x00\x00\x00\x00\xb0\xea\x7f\x83\x38\x7f\x00\x00") = 0
112268 ioctl(6, DRM_IOCTL_AMDGPU_GEM_CREATE, "\x00\x00\x20\x00\x00\x00\x00\x00\x00\x00\x20\x00\x00\x00\x00\x00\x02\x00\x00\x00\x00\x00\x00\x00\x00\x00\x00\x00\x00\x00\x00\x00" => "\x0d\x00\x00\x00\x00\x00\x00\x00\x00\x00\x00\x00\x00\x00\x00\x00\x00\x00\x00\x00\x00\x00\x00\x00\x00\x00\x00\x00\x00\x00\x00\x00") = 0
112268 ioctl(6, _IOC(_IOC_READ|_IOC_WRITE, 0x64, 0x48, 0x40), "\x0d\x00\x00\x00\x00\x00\x00\x00\x01\x00\x00\x00\x8e\x00\x00\x00\x00\x00\xa0\x00\x01\x80\xff\xff\x00\x00\x00\x00\x00\x00\x00\x00"... => "\x0d\x00\x00\x00\x00\x00\x00\x00\x01\x00\x00\x00\x8e\x00\x00\x00\x00\x00\xa0\x00\x01\x80\xff\xff\x00\x00\x00\x00\x00\x00\x00\x00"...) = 0
112268 ioctl(6, DRM_IOCTL_SYNCOBJ_CREATE, "\x00\x00\x00\x00\x00\x00\x00\x00" => "\x03\x00\x00\x00\x00\x00\x00\x00") = 0
112268 ioctl(6, DRM_IOCTL_SYNCOBJ_DESTROY, "\x02\x00\x00\x00\x00\x00\x00\x00" => "\x02\x00\x00\x00\x00\x00\x00\x00") = 0
112258 ioctl(6, DRM_IOCTL_AMDGPU_CS, "\x05\x00\x00\x00\x00\x00\x00\x00\x04\x00\x00\x00\x00\x00\x00\x00\xc0\xea\x7f\x83\x38\x7f\x00\x00" => "\x02\x00\x00\x00\x00\x00\x00\x00\x04\x00\x00\x00\x00\x00\x00\x00\xc0\xea\x7f\x83\x38\x7f\x00\x00") = 0
112268 ioctl(6, DRM_IOCTL_AMDGPU_GEM_MMAP or DRM_IOCTL_AMDXDNA_DESTROY_HWCTX, "\x0d\x00\x00\x00\x00\x00\x00\x00" => "\x00\x90\x64\x01\x01\x00\x00\x00") = 0
112270 +++ exited with 0 +++
112267 +++ exited with 0 +++
112266 +++ exited with 0 +++
112265 +++ exited with 0 +++
112264 +++ exited with 0 +++
112263 +++ exited with 0 +++
112262 +++ exited with 0 +++
112261 +++ exited with 0 +++
112260 +++ exited with 0 +++
112259 +++ exited with 0 +++
112258 +++ exited with 0 +++
112268 +++ exited with 0 +++
112269 +++ exited with 0 +++
112257 +++ exited with 0 +++
