[2026-06-01T22:26:52Z] soak start — workload=all stop=24h (86400 s) logdir=/home/macro/Repos/mabda/docs/handoff/soak-20260601T222652Z
[2026-06-01T22:26:52Z] active programs: compute wgpu render
[2026-06-01T22:26:52Z] checkpoint schedule (s): 1 2 4 8 16 32 60 120 240 480 960 1920 3600 4500 5400 6300 7200 8100 9000 9900 10800 11700 12600 13500 14400 15300 16200 17100 18000 18900 19800 20700 21600 22500 23400 24300 25200 26100 27000 27900 28800 29700 30600 31500 32400 33300 34200 35100 36000 36900 37800 38700 39600 40500 41400 42300 43200 44100 45000 45900 46800 47700 48600 49500 50400 51300 52200 53100 54000 54900 55800 56700 57600 58500 59400 60300 61200 62100 63000 63900 64800 65700 66600 67500 68400 69300 70200 71100 72000 72900 73800 74700 75600 76500 77400 78300 79200 80100 81000 81900 82800 83700 84600 85500 86400
[2026-06-01T22:26:52Z] building build/native_compute_store (make resolves up-to-date)
make: 'build/native_compute_store' is up to date.
[2026-06-01T22:26:52Z] building build/render_graph_e2e (make resolves up-to-date)
make: 'build/render_graph_e2e' is up to date.
[2026-06-01T22:26:52Z] building build/native_render_e2e (make resolves up-to-date)
make: 'build/native_render_e2e' is up to date.
[2026-06-01T22:26:52Z] dmesg amdgpu/drm baseline lines: 71
[2026-06-01T22:26:52Z] started compute loop (pid=3001500, bin=/home/macro/Repos/mabda/build/native_compute_store)
[2026-06-01T22:26:52Z] started wgpu loop (pid=3001505, bin=/home/macro/Repos/mabda/build/render_graph_e2e)
[2026-06-01T22:26:52Z] started render loop (pid=3001511, bin=/home/macro/Repos/mabda/build/native_render_e2e)
[22:26:53Z] t=1s     rss=13092   KB iters: compute=604    wgpu=28     render=463    dmesg_Δ=0  PASS
[22:26:54Z] t=2s     rss=13092   KB iters: compute=1219   wgpu=57     render=933    dmesg_Δ=0  PASS
[22:26:56Z] t=4s     rss=13092   KB iters: compute=2410   wgpu=113    render=1844   dmesg_Δ=0  PASS
[22:27:00Z] t=8s     rss=13092   KB iters: compute=4751   wgpu=223    render=3648   dmesg_Δ=0  PASS
[22:27:08Z] t=16s    rss=13092   KB iters: compute=9457   wgpu=440    render=7255   dmesg_Δ=0  PASS
[22:27:24Z] t=32s    rss=13092   KB iters: compute=18808  wgpu=877    render=14427  dmesg_Δ=0  PASS
[22:27:52Z] t=1m     rss=13092   KB iters: compute=35106  wgpu=1640   render=26933  dmesg_Δ=0  PASS
[22:28:52Z] t=2m     rss=13092   KB iters: compute=70212  wgpu=3267   render=53821  dmesg_Δ=0  PASS
[22:30:52Z] t=4m     rss=13092   KB iters: compute=141203 wgpu=6554   render=108477 dmesg_Δ=0  PASS
[22:34:52Z] t=8m     rss=13092   KB iters: compute=282522 wgpu=13117  render=217329 dmesg_Δ=0  PASS
[22:42:52Z] t=16m    rss=13092   KB iters: compute=556760 wgpu=25714  render=428299 dmesg_Δ=0  PASS
[22:58:52Z] t=32m    rss=13092   KB iters: compute=1102639 wgpu=50831  render=848922 dmesg_Δ=0  PASS
[23:26:52Z] t=1h     rss=13092   KB iters: compute=2073612 wgpu=94906  render=1596166 dmesg_Δ=0  PASS
[23:41:52Z] t=1h     rss=13092   KB iters: compute=2588634 wgpu=118527 render=1992779 dmesg_Δ=0  PASS
[23:56:52Z] t=1h     rss=13092   KB iters: compute=3106370 wgpu=142213 render=2391751 dmesg_Δ=0  PASS
[00:11:52Z] t=1h     rss=13092   KB iters: compute=3628967 wgpu=165852 render=2794982 dmesg_Δ=0  PASS
[00:26:52Z] t=2h     rss=13092   KB iters: compute=4140042 wgpu=189374 render=3188966 dmesg_Δ=0  PASS
[00:41:52Z] t=2h     rss=13092   KB iters: compute=4652859 wgpu=212879 render=3584123 dmesg_Δ=0  PASS
[00:56:52Z] t=2h     rss=13092   KB iters: compute=5165026 wgpu=236393 render=3978928 dmesg_Δ=0  PASS
[01:11:52Z] t=2h     rss=13092   KB iters: compute=5681270 wgpu=260006 render=4376088 dmesg_Δ=0  PASS
[01:26:52Z] t=3h     rss=13092   KB iters: compute=6189319 wgpu=283393 render=4767131 dmesg_Δ=0  PASS
[01:41:52Z] t=3h     rss=13092   KB iters: compute=6700402 wgpu=306816 render=5160602 dmesg_Δ=0  PASS
[01:56:52Z] t=3h     rss=13092   KB iters: compute=7216488 wgpu=330420 render=5557403 dmesg_Δ=0  PASS
[02:11:52Z] t=3h     rss=13092   KB iters: compute=7732231 wgpu=354040 render=5953717 dmesg_Δ=0  PASS
[02:26:52Z] t=4h     rss=13092   KB iters: compute=8247033 wgpu=377622 render=6349583 dmesg_Δ=0  PASS
[02:41:52Z] t=4h     rss=13092   KB iters: compute=8765418 wgpu=401465 render=6748808 dmesg_Δ=0  PASS
[02:56:52Z] t=4h     rss=13092   KB iters: compute=9279955 wgpu=425086 render=7145583 dmesg_Δ=0  PASS
[03:11:52Z] t=4h     rss=13092   KB iters: compute=9796186 wgpu=448820 render=7543350 dmesg_Δ=0  PASS
[03:26:52Z] t=5h     rss=13092   KB iters: compute=10317198 wgpu=472748 render=7944296 dmesg_Δ=0  PASS
[03:41:52Z] t=5h     rss=13092   KB iters: compute=10838611 wgpu=496755 render=8346157 dmesg_Δ=0  PASS
[03:56:52Z] t=5h     rss=13092   KB iters: compute=11360867 wgpu=520815 render=8748397 dmesg_Δ=0  PASS
[04:11:52Z] t=5h     rss=13092   KB iters: compute=11881415 wgpu=544831 render=9149610 dmesg_Δ=0  PASS
[04:26:52Z] t=6h     rss=13092   KB iters: compute=12402385 wgpu=568787 render=9550918 dmesg_Δ=0  PASS
[04:41:52Z] t=6h     rss=13092   KB iters: compute=12921844 wgpu=592680 render=9951165 dmesg_Δ=0  PASS
[04:56:52Z] t=6h     rss=13092   KB iters: compute=13435101 wgpu=616215 render=10346525 dmesg_Δ=0  PASS
[05:11:52Z] t=6h     rss=13092   KB iters: compute=13950037 wgpu=639829 render=10743480 dmesg_Δ=0  PASS
[05:26:52Z] t=7h     rss=13092   KB iters: compute=14466767 wgpu=663495 render=11141516 dmesg_Δ=0  PASS
[05:41:52Z] t=7h     rss=13092   KB iters: compute=14983612 wgpu=687170 render=11539993 dmesg_Δ=0  PASS
[05:56:52Z] t=7h     rss=13092   KB iters: compute=15499439 wgpu=710882 render=11937867 dmesg_Δ=0  PASS
[06:11:52Z] t=7h     rss=13092   KB iters: compute=16015631 wgpu=734574 render=12335825 dmesg_Δ=0  PASS
[06:26:52Z] t=8h     rss=13092   KB iters: compute=16521200 wgpu=757863 render=12726505 dmesg_Δ=0  PASS
[06:41:52Z] t=8h     rss=13092   KB iters: compute=17028290 wgpu=781174 render=13118085 dmesg_Δ=0  PASS
[06:56:52Z] t=8h     rss=13092   KB iters: compute=17537772 wgpu=804542 render=13510441 dmesg_Δ=0  PASS
[07:11:52Z] t=8h     rss=13092   KB iters: compute=18035708 wgpu=827523 render=13894592 dmesg_Δ=0  PASS
[07:26:52Z] t=9h     rss=13092   KB iters: compute=18534008 wgpu=850461 render=14278728 dmesg_Δ=0  PASS
[07:41:52Z] t=9h     rss=13092   KB iters: compute=19034196 wgpu=873485 render=14664205 dmesg_Δ=0  PASS
[07:56:52Z] t=9h     rss=13092   KB iters: compute=19530389 wgpu=896279 render=15046769 dmesg_Δ=0  PASS
[08:11:52Z] t=9h     rss=13092   KB iters: compute=20029446 wgpu=919210 render=15431279 dmesg_Δ=0  PASS
[08:26:52Z] t=10h    rss=13092   KB iters: compute=20533604 wgpu=942483 render=15820336 dmesg_Δ=0  PASS
[08:41:52Z] t=10h    rss=13092   KB iters: compute=21034044 wgpu=965616 render=16207089 dmesg_Δ=0  PASS
[08:56:52Z] t=10h    rss=13092   KB iters: compute=21539823 wgpu=988982 render=16597704 dmesg_Δ=0  PASS
[09:11:52Z] t=10h    rss=13092   KB iters: compute=22047933 wgpu=1012453 render=16990035 dmesg_Δ=0  PASS
[09:26:52Z] t=11h    rss=13092   KB iters: compute=22551401 wgpu=1035717 render=17378776 dmesg_Δ=0  PASS
[09:41:52Z] t=11h    rss=13092   KB iters: compute=23054367 wgpu=1058921 render=17767119 dmesg_Δ=0  PASS
[09:56:52Z] t=11h    rss=13092   KB iters: compute=23556936 wgpu=1082085 render=18155421 dmesg_Δ=0  PASS
[10:11:52Z] t=11h    rss=13092   KB iters: compute=24064796 wgpu=1105403 render=18546682 dmesg_Δ=0  PASS
[10:26:53Z] t=12h    rss=13092   KB iters: compute=24569870 wgpu=1128548 render=18935661 dmesg_Δ=0  PASS
[10:41:52Z] t=12h    rss=13092   KB iters: compute=25072150 wgpu=1151514 render=19322071 dmesg_Δ=0  PASS
[10:56:52Z] t=12h    rss=13092   KB iters: compute=25578000 wgpu=1174692 render=19711306 dmesg_Δ=0  PASS
[11:11:52Z] t=12h    rss=13092   KB iters: compute=26081251 wgpu=1197729 render=20098301 dmesg_Δ=0  PASS
[11:26:52Z] t=13h    rss=13092   KB iters: compute=26587852 wgpu=1220959 render=20488262 dmesg_Δ=0  PASS
[11:41:52Z] t=13h    rss=13092   KB iters: compute=27087035 wgpu=1243808 render=20872377 dmesg_Δ=0  PASS
[11:56:52Z] t=13h    rss=13092   KB iters: compute=27591544 wgpu=1266870 render=21260529 dmesg_Δ=0  PASS
[12:11:52Z] t=13h    rss=13092   KB iters: compute=28095240 wgpu=1289905 render=21648022 dmesg_Δ=0  PASS
[12:26:52Z] t=14h    rss=13092   KB iters: compute=28600409 wgpu=1313076 render=22036801 dmesg_Δ=0  PASS
[12:41:52Z] t=14h    rss=13092   KB iters: compute=29102176 wgpu=1336133 render=22423048 dmesg_Δ=0  PASS
[12:56:52Z] t=14h    rss=13092   KB iters: compute=29613643 wgpu=1359665 render=22816772 dmesg_Δ=0  PASS
[13:11:52Z] t=14h    rss=13092   KB iters: compute=30140705 wgpu=1384155 render=23223094 dmesg_Δ=0  PASS
[13:26:52Z] t=15h    rss=13092   KB iters: compute=30668923 wgpu=1408702 render=23630086 dmesg_Δ=0  PASS
[13:41:52Z] t=15h    rss=13092   KB iters: compute=31192663 wgpu=1433047 render=24033735 dmesg_Δ=0  PASS
[13:56:52Z] t=15h    rss=13092   KB iters: compute=31719795 wgpu=1457592 render=24440024 dmesg_Δ=0  PASS
[14:11:52Z] t=15h    rss=13092   KB iters: compute=32247698 wgpu=1482155 render=24847301 dmesg_Δ=0  PASS
[14:26:52Z] t=16h    rss=13092   KB iters: compute=32772341 wgpu=1506566 render=25251564 dmesg_Δ=0  PASS
[14:41:52Z] t=16h    rss=13092   KB iters: compute=33300880 wgpu=1531112 render=25658734 dmesg_Δ=0  PASS
[14:56:52Z] t=16h    rss=13092   KB iters: compute=33829969 wgpu=1555682 render=26066637 dmesg_Δ=0  PASS
[15:11:52Z] t=16h    rss=13092   KB iters: compute=34355439 wgpu=1580118 render=26471675 dmesg_Δ=0  PASS
[15:26:52Z] t=17h    rss=13092   KB iters: compute=34881788 wgpu=1604627 render=26877499 dmesg_Δ=0  PASS
[15:41:52Z] t=17h    rss=13092   KB iters: compute=35407025 wgpu=1629063 render=27282565 dmesg_Δ=0  PASS
[15:56:52Z] t=17h    rss=13092   KB iters: compute=35936035 wgpu=1653612 render=27690471 dmesg_Δ=0  PASS
[16:11:52Z] t=17h    rss=13092   KB iters: compute=36464508 wgpu=1678154 render=28097867 dmesg_Δ=0  PASS
[16:26:52Z] t=18h    rss=13092   KB iters: compute=36989213 wgpu=1702583 render=28502522 dmesg_Δ=0  PASS
[16:41:52Z] t=18h    rss=13092   KB iters: compute=37517239 wgpu=1727160 render=28909584 dmesg_Δ=0  PASS
[16:56:52Z] t=18h    rss=13092   KB iters: compute=38045652 wgpu=1751670 render=29316967 dmesg_Δ=0  PASS
[17:11:52Z] t=18h    rss=13092   KB iters: compute=38573430 wgpu=1776188 render=29723648 dmesg_Δ=0  PASS
[17:26:52Z] t=19h    rss=13092   KB iters: compute=39101781 wgpu=1800762 render=30130897 dmesg_Δ=0  PASS
[17:41:52Z] t=19h    rss=13092   KB iters: compute=39626424 wgpu=1825150 render=30535442 dmesg_Δ=0  PASS
[17:56:52Z] t=19h    rss=13092   KB iters: compute=40153979 wgpu=1849687 render=30942059 dmesg_Δ=0  PASS
[18:11:52Z] t=19h    rss=13092   KB iters: compute=40673908 wgpu=1873871 render=31342368 dmesg_Δ=0  PASS
[18:26:52Z] t=20h    rss=13092   KB iters: compute=41173954 wgpu=1896843 render=31727258 dmesg_Δ=0  PASS
[18:41:52Z] t=20h    rss=13092   KB iters: compute=41670313 wgpu=1919712 render=32110030 dmesg_Δ=0  PASS
[18:56:52Z] t=20h    rss=13092   KB iters: compute=42166391 wgpu=1942592 render=32492869 dmesg_Δ=0  PASS
[19:11:52Z] t=20h    rss=13092   KB iters: compute=42669464 wgpu=1965887 render=32880923 dmesg_Δ=0  PASS
[19:26:52Z] t=21h    rss=13092   KB iters: compute=43175349 wgpu=1989383 render=33271023 dmesg_Δ=0  PASS
[19:41:52Z] t=21h    rss=13092   KB iters: compute=43691808 wgpu=2013422 render=33670067 dmesg_Δ=0  PASS
[19:56:52Z] t=21h    rss=13092   KB iters: compute=44210203 wgpu=2037552 render=34070254 dmesg_Δ=0  PASS
[20:11:52Z] t=21h    rss=13092   KB iters: compute=44733405 wgpu=2061796 render=34473730 dmesg_Δ=0  PASS
[20:26:52Z] t=22h    rss=13092   KB iters: compute=45253800 wgpu=2086003 render=34875169 dmesg_Δ=0  PASS
[20:41:52Z] t=22h    rss=13092   KB iters: compute=45774316 wgpu=2110239 render=35276350 dmesg_Δ=0  PASS
[20:56:52Z] t=22h    rss=13092   KB iters: compute=46290238 wgpu=2134287 render=35674718 dmesg_Δ=0  PASS
[21:11:52Z] t=22h    rss=13092   KB iters: compute=46808456 wgpu=2158372 render=36074606 dmesg_Δ=0  PASS
[21:26:52Z] t=23h    rss=13092   KB iters: compute=47321469 wgpu=2182413 render=36471099 dmesg_Δ=0  PASS
[21:41:52Z] t=23h    rss=13092   KB iters: compute=47830299 wgpu=2206204 render=36864473 dmesg_Δ=0  PASS
[21:56:52Z] t=23h    rss=13092   KB iters: compute=48339424 wgpu=2230018 render=37258299 dmesg_Δ=0  PASS
[22:11:52Z] t=23h    rss=13092   KB iters: compute=48857263 wgpu=2254103 render=37657912 dmesg_Δ=0  PASS
[CLOSEOUT 2026-06-03 00:40Z] Monitor process died on an unhandled signal ~15 min before the 86400s checkpoint (no journal OOM/segv/kill record; nohup only shielded the outer sudo, not the inner monitor). Workload loops were orphaned (reparented to init) and continued CLEAN for ~2.5h past 24h. Manual closeout snapshot at 26h13m (94408s): RSS=13092 KB (0% drift vs all-run value), dmesg Δ=0 (71=71 baseline), compute/render/wgpu status=ok, iters compute=53.9M render=41.6M wgpu=2.49M. VERDICT: 24h gate substantively PASS — full soak time exceeded; missing final CSV row is a soak.sh tooling bug, not a mabda defect. See docs/issues/2026-06-01-soak-stale-binary.md (amended).
