[2026-06-01T22:26:52Z] soak start — workload=all stop=24h (86400 s) logdir=/home/macro/Repos/mabda/docs/handoff/soak-20260601T222652Z
[2026-06-01T22:26:52Z] active programs: compute wgpu render
[2026-06-01T22:26:52Z] checkpoint schedule (s): 1 2 4 8 16 32 60 120 240 480 960 1920 3600 4500 5400 6300 7200 8100 9000 9900 10800 11700 12600 13500 14400 15300 16200 17100 18000 18900 19800 20700 21600 22500 23400 24300 25200 26100 27000 27900 28800 29700 30600 31500 32400 33300 34200 35100 36000 36900 37800 38700 39600 40500 41400 42300 43200 44100 45000 45900 46800 47700 48600 49500 50400 51300 52200 53100 54000 54900 55800 56700 57600 58500 59400 60300 61200 62100 63000 63900 64800 65700 66600 67500 68400 69300 70200 71100 72000 72900 73800 74700 75600 76500 77400 78300 79200 80100 81000 81900 82800 83700 84600 85500 86400
[2026-06-01T22:26:52Z] building build/native_compute_store (make resolves up-to-date)
make: 'build/native_compute_store' is up to date.
[2026-06-01T22:26:52Z] building build/render_graph_e2e (make resolves up-to-date)
make: 'build/render_graph_e2e' is up to date.
[2026-06-01T22:26:52Z] building build/native_render_e2e (make resolves up-to-date)
make: 'build/native_render_e2e' is up to date.
[2026-06-01T22:26:52Z] dmesg amdgpu/drm baseline lines: 71
[2026-06-01T22:26:52Z] started compute loop (pid=3001500, bin=/home/macro/Repos/mabda/build/native_compute_store)
[2026-06-01T22:26:52Z] started wgpu loop (pid=3001505, bin=/home/macro/Repos/mabda/build/render_graph_e2e)
[2026-06-01T22:26:52Z] started render loop (pid=3001511, bin=/home/macro/Repos/mabda/build/native_render_e2e)
[22:26:53Z] t=1s     rss=13092   KB iters: compute=604    wgpu=28     render=463    dmesg_Δ=0  PASS
[22:26:54Z] t=2s     rss=13092   KB iters: compute=1219   wgpu=57     render=933    dmesg_Δ=0  PASS
[22:26:56Z] t=4s     rss=13092   KB iters: compute=2410   wgpu=113    render=1844   dmesg_Δ=0  PASS
[22:27:00Z] t=8s     rss=13092   KB iters: compute=4751   wgpu=223    render=3648   dmesg_Δ=0  PASS
[22:27:08Z] t=16s    rss=13092   KB iters: compute=9457   wgpu=440    render=7255   dmesg_Δ=0  PASS
[22:27:24Z] t=32s    rss=13092   KB iters: compute=18808  wgpu=877    render=14427  dmesg_Δ=0  PASS
[22:27:52Z] t=1m     rss=13092   KB iters: compute=35106  wgpu=1640   render=26933  dmesg_Δ=0  PASS
[22:28:52Z] t=2m     rss=13092   KB iters: compute=70212  wgpu=3267   render=53821  dmesg_Δ=0  PASS
[22:30:52Z] t=4m     rss=13092   KB iters: compute=141203 wgpu=6554   render=108477 dmesg_Δ=0  PASS
