[2026-06-30T08:11:47Z] soak start — workload=nvidia-native stop=6h (21600 s) logdir=/home/macro/Repos/mabda/docs/handoff/soak-20260630T081147Z
[2026-06-30T08:11:47Z] active programs: nvidia-compute nvidia-render nvidia-texture
[2026-06-30T08:11:47Z] checkpoint schedule (s): 1 2 4 8 16 32 60 120 240 480 960 1920 3600 4500 5400 6300 7200 8100 9000 9900 10800 11700 12600 13500 14400 15300 16200 17100 18000 18900 19800 20700 21600
[2026-06-30T08:11:47Z] building build/nvidia_compute_store (make resolves up-to-date)
make: 'build/nvidia_compute_store' is up to date.
[2026-06-30T08:11:48Z] building build/nvidia_render_e2e (make resolves up-to-date)
make: 'build/nvidia_render_e2e' is up to date.
[2026-06-30T08:11:48Z] building build/nvidia_texture_e2e (make resolves up-to-date)
make: 'build/nvidia_texture_e2e' is up to date.
[2026-06-30T08:11:48Z] dmesg nouveau/drm/Xid baseline lines: 18
[2026-06-30T08:11:48Z] started nvidia-compute loop (pid=372533, bin=/home/macro/Repos/mabda/build/nvidia_compute_store)
[2026-06-30T08:11:48Z] started nvidia-render loop (pid=372538, bin=/home/macro/Repos/mabda/build/nvidia_render_e2e)
[2026-06-30T08:11:48Z] started nvidia-texture loop (pid=372543, bin=/home/macro/Repos/mabda/build/nvidia_texture_e2e)
[08:11:49Z] t=1s     rss=13436   KB iters: nvidia-compute=26     nvidia-render=26     nvidia-texture=25     dmesg_Δ=0  PASS
[08:11:50Z] t=2s     rss=13436   KB iters: nvidia-compute=65     nvidia-render=65     nvidia-texture=62     dmesg_Δ=0  PASS
[08:11:52Z] t=4s     rss=13436   KB iters: nvidia-compute=141    nvidia-render=142    nvidia-texture=134    dmesg_Δ=0  PASS
[08:11:56Z] t=8s     rss=13436   KB iters: nvidia-compute=291    nvidia-render=287    nvidia-texture=269    dmesg_Δ=0  PASS
[08:12:04Z] t=16s    rss=13436   KB iters: nvidia-compute=579    nvidia-render=574    nvidia-texture=536    dmesg_Δ=0  PASS
[08:12:20Z] t=32s    rss=13436   KB iters: nvidia-compute=1148   nvidia-render=1139   nvidia-texture=1055   dmesg_Δ=0  PASS
[08:12:48Z] t=1m     rss=13436   KB iters: nvidia-compute=2112   nvidia-render=2112   nvidia-texture=1940   dmesg_Δ=0  PASS
[08:13:48Z] t=2m     rss=13436   KB iters: nvidia-compute=4201   nvidia-render=4205   nvidia-texture=3865   dmesg_Δ=0  PASS
[08:15:48Z] t=4m     rss=13436   KB iters: nvidia-compute=8289   nvidia-render=8316   nvidia-texture=7641   dmesg_Δ=0  PASS
[08:19:49Z] t=8m     rss=13436   KB iters: nvidia-compute=16541  nvidia-render=16628  nvidia-texture=15275  dmesg_Δ=0  PASS
[08:27:48Z] t=16m    rss=13436   KB iters: nvidia-compute=33007  nvidia-render=33166  nvidia-texture=30518  dmesg_Δ=0  PASS
[08:43:48Z] t=32m    rss=13436   KB iters: nvidia-compute=65916  nvidia-render=66231  nvidia-texture=60977  dmesg_Δ=0  PASS
[09:11:48Z] t=1h     rss=13436   KB iters: nvidia-compute=124295 nvidia-render=124844 nvidia-texture=114879 dmesg_Δ=0  PASS
[09:26:48Z] t=1h     rss=13436   KB iters: nvidia-compute=155446 nvidia-render=156128 nvidia-texture=143605 dmesg_Δ=0  PASS
[09:41:49Z] t=1h     rss=13436   KB iters: nvidia-compute=186357 nvidia-render=187214 nvidia-texture=172208 dmesg_Δ=0  PASS
[09:56:48Z] t=1h     rss=13436   KB iters: nvidia-compute=217406 nvidia-render=218416 nvidia-texture=200918 dmesg_Δ=0  PASS
[10:11:48Z] t=2h     rss=13436   KB iters: nvidia-compute=248834 nvidia-render=249969 nvidia-texture=229944 dmesg_Δ=0  PASS
[10:26:48Z] t=2h     rss=13436   KB iters: nvidia-compute=280175 nvidia-render=281481 nvidia-texture=258879 dmesg_Δ=0  PASS
[10:41:48Z] t=2h     rss=13436   KB iters: nvidia-compute=311469 nvidia-render=312904 nvidia-texture=287821 dmesg_Δ=0  PASS
[10:56:48Z] t=2h     rss=13436   KB iters: nvidia-compute=342826 nvidia-render=344403 nvidia-texture=316797 dmesg_Δ=0  PASS
[11:11:48Z] t=3h     rss=13436   KB iters: nvidia-compute=373806 nvidia-render=375527 nvidia-texture=345453 dmesg_Δ=0  PASS
[11:26:48Z] t=3h     rss=13436   KB iters: nvidia-compute=404714 nvidia-render=406565 nvidia-texture=374076 dmesg_Δ=0  PASS
[11:41:48Z] t=3h     rss=13436   KB iters: nvidia-compute=435626 nvidia-render=437630 nvidia-texture=402675 dmesg_Δ=0  PASS
[11:56:48Z] t=3h     rss=13436   KB iters: nvidia-compute=466701 nvidia-render=468855 nvidia-texture=431385 dmesg_Δ=0  PASS
[12:11:48Z] t=4h     rss=13436   KB iters: nvidia-compute=497990 nvidia-render=500306 nvidia-texture=460278 dmesg_Δ=0  PASS
[12:26:48Z] t=4h     rss=13436   KB iters: nvidia-compute=529028 nvidia-render=531455 nvidia-texture=488984 dmesg_Δ=0  PASS
[12:41:48Z] t=4h     rss=13436   KB iters: nvidia-compute=560395 nvidia-render=562961 nvidia-texture=517960 dmesg_Δ=0  PASS
[12:56:48Z] t=4h     rss=13436   KB iters: nvidia-compute=591712 nvidia-render=594411 nvidia-texture=546902 dmesg_Δ=0  PASS
[13:11:49Z] t=5h     rss=13436   KB iters: nvidia-compute=623024 nvidia-render=625851 nvidia-texture=575864 dmesg_Δ=0  PASS
[13:26:48Z] t=5h     rss=13436   KB iters: nvidia-compute=653997 nvidia-render=656973 nvidia-texture=604547 dmesg_Δ=0  PASS
[13:41:48Z] t=5h     rss=13436   KB iters: nvidia-compute=684871 nvidia-render=688012 nvidia-texture=633104 dmesg_Δ=0  PASS
[13:56:48Z] t=5h     rss=13436   KB iters: nvidia-compute=715775 nvidia-render=719085 nvidia-texture=661728 dmesg_Δ=0  PASS
[14:11:48Z] t=6h     rss=13436   KB iters: nvidia-compute=746681 nvidia-render=750176 nvidia-texture=690318 dmesg_Δ=0  PASS
[2026-06-30T14:11:48Z] soak end — exit=0 — see /home/macro/Repos/mabda/docs/handoff/soak-20260630T081147Z/soak.csv for milestone table
