Apr 27 21:35:15 archaemenid kernel: amdgpu 0000:04:00.0: amdgpu: Dumping IP State
Apr 27 21:35:15 archaemenid kernel: amdgpu 0000:04:00.0: amdgpu: Dumping IP State Completed
Apr 27 21:35:15 archaemenid kernel: amdgpu 0000:04:00.0: amdgpu: [drm] AMDGPU device coredump file has been created
Apr 27 21:35:15 archaemenid kernel: amdgpu 0000:04:00.0: amdgpu: [drm] Check your /sys/class/drm/card0/device/devcoredump/data
Apr 27 21:35:15 archaemenid kernel: amdgpu 0000:04:00.0: amdgpu: ring comp_1.1.0 timeout, signaled seq=4, emitted seq=5
Apr 27 21:35:15 archaemenid kernel: amdgpu 0000:04:00.0: amdgpu:  Process libdrm_store_sp pid 1213 thread libdrm_store_sp pid 1213
Apr 27 21:35:15 archaemenid kernel: amdgpu 0000:04:00.0: amdgpu: Starting comp_1.1.0 ring reset
Apr 27 21:35:15 archaemenid kernel: amdgpu 0000:04:00.0: amdgpu: fail to wait on hqd deactive
Apr 27 21:35:15 archaemenid kernel: amdgpu 0000:04:00.0: amdgpu: Ring comp_1.1.0 reset failed
Apr 27 21:35:15 archaemenid kernel: amdgpu 0000:04:00.0: amdgpu: GPU reset begin!. Source:  1
Apr 27 21:35:15 archaemenid kernel: amdgpu 0000:04:00.0: amdgpu: MODE2 reset
Apr 27 21:35:15 archaemenid kernel: amdgpu 0000:04:00.0: amdgpu: GPU reset succeeded, trying to resume
Apr 27 21:35:15 archaemenid kernel: amdgpu 0000:04:00.0: amdgpu: PSP is resuming...
Apr 27 21:35:15 archaemenid kernel: amdgpu 0000:04:00.0: amdgpu: reserve 0x400000 from 0xf4bf800000 for PSP TMR
Apr 27 21:35:15 archaemenid kernel: amdgpu 0000:04:00.0: amdgpu: RAS: optional ras ta ucode is not available
Apr 27 21:35:15 archaemenid kernel: amdgpu 0000:04:00.0: amdgpu: RAP: optional rap ta ucode is not available
Apr 27 21:35:15 archaemenid kernel: amdgpu 0000:04:00.0: amdgpu: SECUREDISPLAY: optional securedisplay ta ucode is not available
Apr 27 21:35:15 archaemenid kernel: amdgpu 0000:04:00.0: amdgpu: SMU is resuming...
Apr 27 21:35:15 archaemenid kernel: amdgpu 0000:04:00.0: amdgpu: SMU is resumed successfully!
Apr 27 21:35:15 archaemenid kernel: amdgpu 0000:04:00.0: amdgpu: kiq ring mec 2 pipe 1 q 0
Apr 27 21:35:15 archaemenid kernel: amdgpu 0000:04:00.0: amdgpu: [drm] DMUB hardware initialized: version=0x0101002B
Apr 27 21:35:15 archaemenid kernel: amdgpu 0000:04:00.0: amdgpu: ring gfx uses VM inv eng 0 on hub 0
Apr 27 21:35:15 archaemenid kernel: amdgpu 0000:04:00.0: amdgpu: ring comp_1.0.0 uses VM inv eng 1 on hub 0
Apr 27 21:35:15 archaemenid kernel: amdgpu 0000:04:00.0: amdgpu: ring comp_1.1.0 uses VM inv eng 4 on hub 0
Apr 27 21:35:15 archaemenid kernel: amdgpu 0000:04:00.0: amdgpu: ring comp_1.2.0 uses VM inv eng 5 on hub 0
Apr 27 21:35:15 archaemenid kernel: amdgpu 0000:04:00.0: amdgpu: ring comp_1.3.0 uses VM inv eng 6 on hub 0
Apr 27 21:35:15 archaemenid kernel: amdgpu 0000:04:00.0: amdgpu: ring comp_1.0.1 uses VM inv eng 7 on hub 0
Apr 27 21:35:15 archaemenid kernel: amdgpu 0000:04:00.0: amdgpu: ring comp_1.1.1 uses VM inv eng 8 on hub 0
Apr 27 21:35:15 archaemenid kernel: amdgpu 0000:04:00.0: amdgpu: ring comp_1.2.1 uses VM inv eng 9 on hub 0
Apr 27 21:35:15 archaemenid kernel: amdgpu 0000:04:00.0: amdgpu: ring comp_1.3.1 uses VM inv eng 10 on hub 0
Apr 27 21:35:15 archaemenid kernel: amdgpu 0000:04:00.0: amdgpu: ring kiq_0.2.1.0 uses VM inv eng 11 on hub 0
Apr 27 21:35:15 archaemenid kernel: amdgpu 0000:04:00.0: amdgpu: ring sdma0 uses VM inv eng 0 on hub 8
Apr 27 21:35:15 archaemenid kernel: amdgpu 0000:04:00.0: amdgpu: ring vcn_dec uses VM inv eng 1 on hub 8
Apr 27 21:35:15 archaemenid kernel: amdgpu 0000:04:00.0: amdgpu: ring vcn_enc0 uses VM inv eng 4 on hub 8
Apr 27 21:35:15 archaemenid kernel: amdgpu 0000:04:00.0: amdgpu: ring vcn_enc1 uses VM inv eng 5 on hub 8
Apr 27 21:35:15 archaemenid kernel: amdgpu 0000:04:00.0: amdgpu: ring jpeg_dec uses VM inv eng 6 on hub 8
Apr 27 21:35:15 archaemenid kernel: amdgpu 0000:04:00.0: amdgpu: [gfxhub0] no-retry page fault (src_id:0 ring:40 vmid:0 pasid:0)
Apr 27 21:35:15 archaemenid kernel: amdgpu 0000:04:00.0: amdgpu:   in page starting at address 0x000000000066d000 from IH client 0x1b (UTCL2)
Apr 27 21:35:15 archaemenid kernel: amdgpu 0000:04:00.0: amdgpu: VM_L2_PROTECTION_FAULT_STATUS:0x00040A50
Apr 27 21:35:15 archaemenid kernel: amdgpu 0000:04:00.0: amdgpu:          Faulty UTCL2 client ID: CPC (0x5)
Apr 27 21:35:15 archaemenid kernel: amdgpu 0000:04:00.0: amdgpu:          MORE_FAULTS: 0x0
Apr 27 21:35:15 archaemenid kernel: amdgpu 0000:04:00.0: amdgpu:          WALKER_ERROR: 0x0
Apr 27 21:35:15 archaemenid kernel: amdgpu 0000:04:00.0: amdgpu:          PERMISSION_FAULTS: 0x5
Apr 27 21:35:15 archaemenid kernel: amdgpu 0000:04:00.0: amdgpu:          MAPPING_ERROR: 0x0
Apr 27 21:35:15 archaemenid kernel: amdgpu 0000:04:00.0: amdgpu:          RW: 0x1
Apr 27 21:35:15 archaemenid kernel: amdgpu 0000:04:00.0: amdgpu: GPU reset(1) succeeded!
Apr 27 21:35:15 archaemenid kernel: amdgpu 0000:04:00.0: [drm] device wedged, but recovered through reset
