[2026-07-01T22:12:17Z] soak start — workload=nvidia-native stop=1h (3600 s) logdir=/home/macro/Repos/mabda/docs/handoff/soak-20260701T221217Z
[2026-07-01T22:12:17Z] active programs: nvidia-compute nvidia-render nvidia-texture
[2026-07-01T22:12:17Z] checkpoint schedule (s): 1 2 4 8 16 32 60 120 240 480 960 1920 3600
[2026-07-01T22:12:17Z] building build/nvidia_compute_store (make resolves up-to-date)
cyrius build programs/nvidia_compute_store.cyr build/nvidia_compute_store
2 deps resolved
cyrius.lock: 35 deps locked, 2 commit-pinned
compile programs/nvidia_compute_store.cyr -> build/nvidia_compute_store [x86_64] warning:src/texture.cyr:388: 'fncall5' expects 6 arguments, got 5
note: 1350 unreachable fns (431692 bytes — set CYRIUS_DCE=1 to eliminate, CYRIUS_DCE_VERBOSE=1 to list)
OK
[2026-07-01T22:12:19Z] building build/nvidia_render_e2e (make resolves up-to-date)
cyrius build programs/nvidia_render_e2e.cyr build/nvidia_render_e2e
2 deps resolved
cyrius.lock: 35 deps locked, 2 commit-pinned
compile programs/nvidia_render_e2e.cyr -> build/nvidia_render_e2e [x86_64] warning:src/texture.cyr:388: 'fncall5' expects 6 arguments, got 5
note: 1349 unreachable fns (429662 bytes — set CYRIUS_DCE=1 to eliminate, CYRIUS_DCE_VERBOSE=1 to list)
OK
[2026-07-01T22:12:20Z] building build/nvidia_texture_e2e (make resolves up-to-date)
cyrius build programs/nvidia_texture_e2e.cyr build/nvidia_texture_e2e
2 deps resolved
cyrius.lock: 35 deps locked, 2 commit-pinned
compile programs/nvidia_texture_e2e.cyr -> build/nvidia_texture_e2e [x86_64] warning:src/texture.cyr:388: 'fncall5' expects 6 arguments, got 5
note: 1329 unreachable fns (426614 bytes — set CYRIUS_DCE=1 to eliminate, CYRIUS_DCE_VERBOSE=1 to list)
OK
[2026-07-01T22:12:21Z] dmesg nouveau/drm/Xid baseline lines: 18
[2026-07-01T22:12:21Z] started nvidia-compute loop (pid=3098851, bin=/home/macro/Repos/mabda/build/nvidia_compute_store)
[2026-07-01T22:12:21Z] started nvidia-render loop (pid=3098856, bin=/home/macro/Repos/mabda/build/nvidia_render_e2e)
[2026-07-01T22:12:21Z] started nvidia-texture loop (pid=3098861, bin=/home/macro/Repos/mabda/build/nvidia_texture_e2e)
[22:12:22Z] t=1s     rss=13460   KB iters: nvidia-compute=26     nvidia-render=25     nvidia-texture=25     dmesg_Δ=0  PASS
[22:12:23Z] t=2s     rss=13460   KB iters: nvidia-compute=65     nvidia-render=65     nvidia-texture=61     dmesg_Δ=0  PASS
[22:12:25Z] t=4s     rss=13460   KB iters: nvidia-compute=138    nvidia-render=139    nvidia-texture=132    dmesg_Δ=0  PASS
[22:12:29Z] t=8s     rss=13460   KB iters: nvidia-compute=282    nvidia-render=282    nvidia-texture=266    dmesg_Δ=0  PASS
[22:12:37Z] t=16s    rss=13460   KB iters: nvidia-compute=577    nvidia-render=574    nvidia-texture=535    dmesg_Δ=0  PASS
[22:12:53Z] t=32s    rss=13460   KB iters: nvidia-compute=1142   nvidia-render=1146   nvidia-texture=1061   dmesg_Δ=0  PASS
[22:13:21Z] t=1m     rss=13460   KB iters: nvidia-compute=2113   nvidia-render=2118   nvidia-texture=1967   dmesg_Δ=0  PASS
[22:14:21Z] t=2m     rss=13460   KB iters: nvidia-compute=4174   nvidia-render=4167   nvidia-texture=3853   dmesg_Δ=0  PASS
[22:16:21Z] t=4m     rss=13460   KB iters: nvidia-compute=8330   nvidia-render=8350   nvidia-texture=7696   dmesg_Δ=0  PASS
[22:20:21Z] t=8m     rss=13460   KB iters: nvidia-compute=16622  nvidia-render=16664  nvidia-texture=15333  dmesg_Δ=0  PASS
[22:28:21Z] t=16m    rss=13460   KB iters: nvidia-compute=33360  nvidia-render=33445  nvidia-texture=30776  dmesg_Δ=0  PASS
[22:44:21Z] t=32m    rss=13460   KB iters: nvidia-compute=66950  nvidia-render=67127  nvidia-texture=61770  dmesg_Δ=0  PASS
[23:12:21Z] t=1h     rss=13460   KB iters: nvidia-compute=125302 nvidia-render=125702 nvidia-texture=115651 dmesg_Δ=0  PASS
[2026-07-01T23:12:21Z] soak end — exit=0 — see /home/macro/Repos/mabda/docs/handoff/soak-20260701T221217Z/soak.csv for milestone table
