[2026-06-30T14:12:03Z] soak start — workload=nvidia-native stop=24h (86400 s) logdir=/home/macro/Repos/mabda/docs/handoff/soak-20260630T141203Z
[2026-06-30T14:12:03Z] active programs: nvidia-compute nvidia-render nvidia-texture
[2026-06-30T14:12:03Z] checkpoint schedule (s): 1 2 4 8 16 32 60 120 240 480 960 1920 3600 4500 5400 6300 7200 8100 9000 9900 10800 11700 12600 13500 14400 15300 16200 17100 18000 18900 19800 20700 21600 22500 23400 24300 25200 26100 27000 27900 28800 29700 30600 31500 32400 33300 34200 35100 36000 36900 37800 38700 39600 40500 41400 42300 43200 44100 45000 45900 46800 47700 48600 49500 50400 51300 52200 53100 54000 54900 55800 56700 57600 58500 59400 60300 61200 62100 63000 63900 64800 65700 66600 67500 68400 69300 70200 71100 72000 72900 73800 74700 75600 76500 77400 78300 79200 80100 81000 81900 82800 83700 84600 85500 86400
[2026-06-30T14:12:03Z] building build/nvidia_compute_store (make resolves up-to-date)
make: 'build/nvidia_compute_store' is up to date.
[2026-06-30T14:12:03Z] building build/nvidia_render_e2e (make resolves up-to-date)
make: 'build/nvidia_render_e2e' is up to date.
[2026-06-30T14:12:03Z] building build/nvidia_texture_e2e (make resolves up-to-date)
make: 'build/nvidia_texture_e2e' is up to date.
[2026-06-30T14:12:03Z] dmesg nouveau/drm/Xid baseline lines: 18
[2026-06-30T14:12:03Z] started nvidia-compute loop (pid=2583547, bin=/home/macro/Repos/mabda/build/nvidia_compute_store)
[2026-06-30T14:12:03Z] started nvidia-render loop (pid=2583552, bin=/home/macro/Repos/mabda/build/nvidia_render_e2e)
[2026-06-30T14:12:03Z] started nvidia-texture loop (pid=2583557, bin=/home/macro/Repos/mabda/build/nvidia_texture_e2e)
[14:12:04Z] t=1s     rss=13528   KB iters: nvidia-compute=28     nvidia-render=28     nvidia-texture=26     dmesg_Δ=0  PASS
[14:12:06Z] t=2s     rss=13528   KB iters: nvidia-compute=69     nvidia-render=69     nvidia-texture=64     dmesg_Δ=0  PASS
[14:12:07Z] t=4s     rss=13528   KB iters: nvidia-compute=109    nvidia-render=108    nvidia-texture=101    dmesg_Δ=0  PASS
[14:12:11Z] t=8s     rss=13528   KB iters: nvidia-compute=263    nvidia-render=266    nvidia-texture=247    dmesg_Δ=0  PASS
[14:12:19Z] t=16s    rss=13528   KB iters: nvidia-compute=553    nvidia-render=557    nvidia-texture=514    dmesg_Δ=0  PASS
[14:12:35Z] t=32s    rss=13528   KB iters: nvidia-compute=1119   nvidia-render=1118   nvidia-texture=1025   dmesg_Δ=0  PASS
[14:13:03Z] t=1m     rss=13528   KB iters: nvidia-compute=2100   nvidia-render=2105   nvidia-texture=1932   dmesg_Δ=0  PASS
[14:14:03Z] t=2m     rss=13528   KB iters: nvidia-compute=       nvidia-render=4189   nvidia-texture=3859   dmesg_Δ=0  PASS
[14:16:03Z] t=4m     rss=13528   KB iters: nvidia-compute=8277   nvidia-render=8292   nvidia-texture=7649   dmesg_Δ=0  PASS
[14:20:03Z] t=8m     rss=13528   KB iters: nvidia-compute=16637  nvidia-render=16679  nvidia-texture=15364  dmesg_Δ=0  PASS
[14:28:03Z] t=16m    rss=13528   KB iters: nvidia-compute=33337  nvidia-render=33461  nvidia-texture=30803  dmesg_Δ=0  PASS
[14:44:04Z] t=32m    rss=13528   KB iters: nvidia-compute=66908  nvidia-render=67162  nvidia-texture=61768  dmesg_Δ=0  PASS
[15:12:03Z] t=1h     rss=13528   KB iters: nvidia-compute=125317 nvidia-render=125814 nvidia-texture=115761 dmesg_Δ=0  PASS
[15:27:03Z] t=1h     rss=13528   KB iters: nvidia-compute=156478 nvidia-render=157097 nvidia-texture=144553 dmesg_Δ=0  PASS
[15:42:04Z] t=1h     rss=13528   KB iters: nvidia-compute=187592 nvidia-render=188338 nvidia-texture=173307 dmesg_Δ=0  PASS
[15:57:03Z] t=1h     rss=13528   KB iters: nvidia-compute=218579 nvidia-render=219421 nvidia-texture=201953 dmesg_Δ=0  PASS
[16:12:03Z] t=2h     rss=13528   KB iters: nvidia-compute=249572 nvidia-render=250555 nvidia-texture=230642 dmesg_Δ=0  PASS
[16:27:03Z] t=2h     rss=13528   KB iters: nvidia-compute=281042 nvidia-render=282133 nvidia-texture=259752 dmesg_Δ=0  PASS
[16:42:03Z] t=2h     rss=13528   KB iters: nvidia-compute=312513 nvidia-render=313679 nvidia-texture=288786 dmesg_Δ=0  PASS
[16:57:04Z] t=2h     rss=13528   KB iters: nvidia-compute=343928 nvidia-render=345165 nvidia-texture=317794 dmesg_Δ=0  PASS
[17:12:03Z] t=3h     rss=13528   KB iters: nvidia-compute=375464 nvidia-render=376851 nvidia-texture=346961 dmesg_Δ=0  PASS
[17:27:03Z] t=3h     rss=13528   KB iters: nvidia-compute=406816 nvidia-render=408338 nvidia-texture=375941 dmesg_Δ=0  PASS
[17:42:03Z] t=3h     rss=13528   KB iters: nvidia-compute=438402 nvidia-render=440064 nvidia-texture=405108 dmesg_Δ=0  PASS
[17:57:03Z] t=3h     rss=13528   KB iters: nvidia-compute=469880 nvidia-render=471581 nvidia-texture=434182 dmesg_Δ=0  PASS
[18:12:03Z] t=4h     rss=13528   KB iters: nvidia-compute=501318 nvidia-render=503101 nvidia-texture=463228 dmesg_Δ=0  PASS
[18:27:03Z] t=4h     rss=13528   KB iters: nvidia-compute=532724 nvidia-render=534567 nvidia-texture=492232 dmesg_Δ=0  PASS
[18:42:04Z] t=4h     rss=13528   KB iters: nvidia-compute=563873 nvidia-render=565850 nvidia-texture=521045 dmesg_Δ=0  PASS
[18:57:03Z] t=4h     rss=13528   KB iters: nvidia-compute=594965 nvidia-render=597011 nvidia-texture=549842 dmesg_Δ=0  PASS
[19:12:03Z] t=5h     rss=13528   KB iters: nvidia-compute=626300 nvidia-render=628421 nvidia-texture=578739 dmesg_Δ=0  PASS
[19:27:03Z] t=5h     rss=13528   KB iters: nvidia-compute=657564 nvidia-render=659804 nvidia-texture=607590 dmesg_Δ=0  PASS
[19:42:03Z] t=5h     rss=13528   KB iters: nvidia-compute=688978 nvidia-render=691347 nvidia-texture=636600 dmesg_Δ=0  PASS
[19:57:03Z] t=5h     rss=13528   KB iters: nvidia-compute=720097 nvidia-render=722614 nvidia-texture=665363 dmesg_Δ=0  PASS
[20:12:03Z] t=6h     rss=13528   KB iters: nvidia-compute=751208 nvidia-render=753847 nvidia-texture=694122 dmesg_Δ=0  PASS
[20:27:03Z] t=6h     rss=13528   KB iters: nvidia-compute=782612 nvidia-render=785336 nvidia-texture=723137 dmesg_Δ=0  PASS
[20:42:03Z] t=6h     rss=13528   KB iters: nvidia-compute=814031 nvidia-render=816852 nvidia-texture=752173 dmesg_Δ=0  PASS
[20:57:03Z] t=6h     rss=13528   KB iters: nvidia-compute=845049 nvidia-render=848007 nvidia-texture=780921 dmesg_Δ=0  PASS
[21:12:03Z] t=7h     rss=13528   KB iters: nvidia-compute=876163 nvidia-render=879239 nvidia-texture=809645 dmesg_Δ=0  PASS
[21:27:03Z] t=7h     rss=13528   KB iters: nvidia-compute=907441 nvidia-render=910589 nvidia-texture=838535 dmesg_Δ=0  PASS
[21:42:03Z] t=7h     rss=13528   KB iters: nvidia-compute=938560 nvidia-render=941779 nvidia-texture=867316 dmesg_Δ=0  PASS
[21:57:04Z] t=7h     rss=13528   KB iters: nvidia-compute=969701 nvidia-render=973110 nvidia-texture=896150 dmesg_Δ=0  PASS
[22:12:03Z] t=8h     rss=13528   KB iters: nvidia-compute=1000997 nvidia-render=1004522 nvidia-texture=925095 dmesg_Δ=0  PASS
[22:27:03Z] t=8h     rss=13528   KB iters: nvidia-compute=1032039 nvidia-render=1035697 nvidia-texture=953822 dmesg_Δ=0  PASS
[22:42:03Z] t=8h     rss=13528   KB iters: nvidia-compute=1063465 nvidia-render=1067210 nvidia-texture=982850 dmesg_Δ=0  PASS
[22:57:03Z] t=8h     rss=13528   KB iters: nvidia-compute=1094878 nvidia-render=1098721 nvidia-texture=1011834 dmesg_Δ=0  PASS
[23:12:04Z] t=9h     rss=13528   KB iters: nvidia-compute=1126366 nvidia-render=1130291 nvidia-texture=1040874 dmesg_Δ=0  PASS
[23:27:03Z] t=9h     rss=13528   KB iters: nvidia-compute=1157732 nvidia-render=1161780 nvidia-texture=1069852 dmesg_Δ=0  PASS
[23:42:03Z] t=9h     rss=13528   KB iters: nvidia-compute=1189126 nvidia-render=1193255 nvidia-texture=1098854 dmesg_Δ=0  PASS
[23:57:03Z] t=9h     rss=13528   KB iters: nvidia-compute=1220600 nvidia-render=1224817 nvidia-texture=1127868 dmesg_Δ=0  PASS
[00:12:03Z] t=10h    rss=13528   KB iters: nvidia-compute=1252017 nvidia-render=1256330 nvidia-texture=1156888 dmesg_Δ=0  PASS
[00:27:03Z] t=10h    rss=13528   KB iters: nvidia-compute=1283489 nvidia-render=1287915 nvidia-texture=1185920 dmesg_Δ=0  PASS
[00:42:03Z] t=10h    rss=13528   KB iters: nvidia-compute=1314924 nvidia-render=1319447 nvidia-texture=1214958 dmesg_Δ=0  PASS
[00:57:03Z] t=10h    rss=13528   KB iters: nvidia-compute=1346481 nvidia-render=1351130 nvidia-texture=1244060 dmesg_Δ=0  PASS
[01:12:03Z] t=11h    rss=13528   KB iters: nvidia-compute=1377826 nvidia-render=1382589 nvidia-texture=1273023 dmesg_Δ=0  PASS
[01:27:03Z] t=11h    rss=13528   KB iters: nvidia-compute=1408823 nvidia-render=1413760 nvidia-texture=1301705 dmesg_Δ=0  PASS
[01:42:03Z] t=11h    rss=13528   KB iters: nvidia-compute=1440084 nvidia-render=1445155 nvidia-texture=1330579 dmesg_Δ=0  PASS
[01:57:03Z] t=11h    rss=13528   KB iters: nvidia-compute=1471069 nvidia-render=1476208 nvidia-texture=1359259 dmesg_Δ=0  PASS
[02:12:04Z] t=12h    rss=13528   KB iters: nvidia-compute=1502082 nvidia-render=1507350 nvidia-texture=1387939 dmesg_Δ=0  PASS
[02:27:03Z] t=12h    rss=13528   KB iters: nvidia-compute=1533125 nvidia-render=1538504 nvidia-texture=1416620 dmesg_Δ=0  PASS
[02:42:03Z] t=12h    rss=13528   KB iters: nvidia-compute=1564200 nvidia-render=1569656 nvidia-texture=1445360 dmesg_Δ=0  PASS
[02:57:03Z] t=12h    rss=13528   KB iters: nvidia-compute=1595458 nvidia-render=       nvidia-texture=1474250 dmesg_Δ=0  PASS
[03:12:03Z] t=13h    rss=13528   KB iters: nvidia-compute=1626559 nvidia-render=1632243 nvidia-texture=1502971 dmesg_Δ=0  PASS
[03:27:04Z] t=13h    rss=13528   KB iters: nvidia-compute=1657613 nvidia-render=1663373 nvidia-texture=1531702 dmesg_Δ=0  PASS
[03:42:03Z] t=13h    rss=13528   KB iters: nvidia-compute=1688635 nvidia-render=1694524 nvidia-texture=1560412 dmesg_Δ=0  PASS
[03:57:03Z] t=13h    rss=13528   KB iters: nvidia-compute=1719625 nvidia-render=1725617 nvidia-texture=1589079 dmesg_Δ=0  PASS
[04:12:03Z] t=14h    rss=13528   KB iters: nvidia-compute=1750717 nvidia-render=1756781 nvidia-texture=1617826 dmesg_Δ=0  PASS
[04:27:03Z] t=14h    rss=13528   KB iters: nvidia-compute=1781672 nvidia-render=1787877 nvidia-texture=1646455 dmesg_Δ=0  PASS
[04:42:03Z] t=14h    rss=13528   KB iters: nvidia-compute=1812681 nvidia-render=1818997 nvidia-texture=1675095 dmesg_Δ=0  PASS
[04:57:03Z] t=14h    rss=13528   KB iters: nvidia-compute=1844153 nvidia-render=1850598 nvidia-texture=1704099 dmesg_Δ=0  PASS
[05:12:03Z] t=15h    rss=13528   KB iters: nvidia-compute=1875124 nvidia-render=1881695 nvidia-texture=1732778 dmesg_Δ=0  PASS
[05:27:03Z] t=15h    rss=13528   KB iters: nvidia-compute=1906276 nvidia-render=1912996 nvidia-texture=1761595 dmesg_Δ=0  PASS
[05:42:03Z] t=15h    rss=13528   KB iters: nvidia-compute=1937391 nvidia-render=1944190 nvidia-texture=1790367 dmesg_Δ=0  PASS
[05:57:03Z] t=15h    rss=13528   KB iters: nvidia-compute=1968340 nvidia-render=1975267 nvidia-texture=1818938 dmesg_Δ=0  PASS
[06:12:04Z] t=16h    rss=13528   KB iters: nvidia-compute=1999343 nvidia-render=2006438 nvidia-texture=1847609 dmesg_Δ=0  PASS
[06:27:03Z] t=16h    rss=13528   KB iters: nvidia-compute=2030294 nvidia-render=2037527 nvidia-texture=1876230 dmesg_Δ=0  PASS
[06:42:03Z] t=16h    rss=13528   KB iters: nvidia-compute=2061314 nvidia-render=2068589 nvidia-texture=1904854 dmesg_Δ=0  PASS
[06:57:04Z] t=16h    rss=13528   KB iters: nvidia-compute=2092373 nvidia-render=2099723 nvidia-texture=1933562 dmesg_Δ=0  PASS
[07:12:03Z] t=17h    rss=13528   KB iters: nvidia-compute=2123809 nvidia-render=2131232 nvidia-texture=1962517 dmesg_Δ=0  PASS
[07:27:03Z] t=17h    rss=13528   KB iters: nvidia-compute=2155200 nvidia-render=2162759 nvidia-texture=1991593 dmesg_Δ=0  PASS
[07:42:03Z] t=17h    rss=13528   KB iters: nvidia-compute=2186623 nvidia-render=2194368 nvidia-texture=2020660 dmesg_Δ=0  PASS
[07:57:03Z] t=17h    rss=13528   KB iters: nvidia-compute=2217846 nvidia-render=2225688 nvidia-texture=2049498 dmesg_Δ=0  PASS
[08:12:03Z] t=18h    rss=13528   KB iters: nvidia-compute=2249386 nvidia-render=2257342 nvidia-texture=2078560 dmesg_Δ=0  PASS
[08:27:03Z] t=18h    rss=13528   KB iters: nvidia-compute=2280933 nvidia-render=2288982 nvidia-texture=2107648 dmesg_Δ=0  PASS
[08:42:03Z] t=18h    rss=13528   KB iters: nvidia-compute=2312444 nvidia-render=2320619 nvidia-texture=2136771 dmesg_Δ=0  PASS
[08:57:03Z] t=18h    rss=13528   KB iters: nvidia-compute=2343930 nvidia-render=2352269 nvidia-texture=2165857 dmesg_Δ=0  PASS
[09:12:04Z] t=19h    rss=13528   KB iters: nvidia-compute=2375334 nvidia-render=2383773 nvidia-texture=2194867 dmesg_Δ=0  PASS
[09:27:03Z] t=19h    rss=13528   KB iters: nvidia-compute=2406982 nvidia-render=2415534 nvidia-texture=2224021 dmesg_Δ=0  PASS
[09:42:04Z] t=19h    rss=13528   KB iters: nvidia-compute=2438170 nvidia-render=2446806 nvidia-texture=2252867 dmesg_Δ=0  PASS
[09:57:03Z] t=19h    rss=13528   KB iters: nvidia-compute=2469194 nvidia-render=2477959 nvidia-texture=2281540 dmesg_Δ=0  PASS
[10:12:03Z] t=20h    rss=13528   KB iters: nvidia-compute=2500359 nvidia-render=2509220 nvidia-texture=2310369 dmesg_Δ=0  PASS
[10:27:03Z] t=20h    rss=13528   KB iters: nvidia-compute=2531832 nvidia-render=2540819 nvidia-texture=2339469 dmesg_Δ=0  PASS
[10:42:03Z] t=20h    rss=13528   KB iters: nvidia-compute=2563290 nvidia-render=2572411 nvidia-texture=2368542 dmesg_Δ=0  PASS
[10:57:04Z] t=20h    rss=13528   KB iters: nvidia-compute=2594520 nvidia-render=2603787 nvidia-texture=2397385 dmesg_Δ=0  PASS
[11:12:03Z] t=21h    rss=13528   KB iters: nvidia-compute=2625661 nvidia-render=2635012 nvidia-texture=2426130 dmesg_Δ=0  PASS
[11:27:03Z] t=21h    rss=13528   KB iters: nvidia-compute=2656767 nvidia-render=2666185 nvidia-texture=2454904 dmesg_Δ=0  PASS
[11:42:03Z] t=21h    rss=13528   KB iters: nvidia-compute=2687811 nvidia-render=2697337 nvidia-texture=2483591 dmesg_Δ=0  PASS
[11:57:03Z] t=21h    rss=13528   KB iters: nvidia-compute=2719255 nvidia-render=2728885 nvidia-texture=2512626 dmesg_Δ=0  PASS
[12:12:03Z] t=22h    rss=13528   KB iters: nvidia-compute=2750794 nvidia-render=2760545 nvidia-texture=2541739 dmesg_Δ=0  PASS
[12:27:03Z] t=22h    rss=13528   KB iters: nvidia-compute=2782207 nvidia-render=2792039 nvidia-texture=2570743 dmesg_Δ=0  PASS
[12:42:04Z] t=22h    rss=13528   KB iters: nvidia-compute=2813426 nvidia-render=2823367 nvidia-texture=2599624 dmesg_Δ=0  PASS
[12:57:03Z] t=22h    rss=13528   KB iters: nvidia-compute=2844585 nvidia-render=2854658 nvidia-texture=2628373 dmesg_Δ=0  PASS
[13:12:03Z] t=23h    rss=13528   KB iters: nvidia-compute=2875639 nvidia-render=2885808 nvidia-texture=2657086 dmesg_Δ=0  PASS
[13:27:03Z] t=23h    rss=13528   KB iters: nvidia-compute=2906786 nvidia-render=2917035 nvidia-texture=2685858 dmesg_Δ=0  PASS
[13:42:03Z] t=23h    rss=13528   KB iters: nvidia-compute=2938248 nvidia-render=2948579 nvidia-texture=2714910 dmesg_Δ=0  PASS
[13:57:04Z] t=23h    rss=13528   KB iters: nvidia-compute=2969810 nvidia-render=2980259 nvidia-texture=2744042 dmesg_Δ=0  PASS
