[2026-06-30T07:11:30Z] soak start — workload=nvidia-native stop=1h (3600 s) logdir=/home/macro/Repos/mabda/docs/handoff/soak-20260630T071130Z
[2026-06-30T07:11:30Z] active programs: nvidia-compute nvidia-render nvidia-texture
[2026-06-30T07:11:30Z] checkpoint schedule (s): 1 2 4 8 16 32 60 120 240 480 960 1920 3600
[2026-06-30T07:11:30Z] building build/nvidia_compute_store (make resolves up-to-date)
make: 'build/nvidia_compute_store' is up to date.
[2026-06-30T07:11:30Z] building build/nvidia_render_e2e (make resolves up-to-date)
make: 'build/nvidia_render_e2e' is up to date.
[2026-06-30T07:11:30Z] building build/nvidia_texture_e2e (make resolves up-to-date)
make: 'build/nvidia_texture_e2e' is up to date.
[2026-06-30T07:11:30Z] dmesg nouveau/drm/Xid baseline lines: 18
[2026-06-30T07:11:30Z] started nvidia-compute loop (pid=1120, bin=/home/macro/Repos/mabda/build/nvidia_compute_store)
[2026-06-30T07:11:30Z] started nvidia-render loop (pid=1125, bin=/home/macro/Repos/mabda/build/nvidia_render_e2e)
[2026-06-30T07:11:30Z] started nvidia-texture loop (pid=1130, bin=/home/macro/Repos/mabda/build/nvidia_texture_e2e)
[07:11:31Z] t=1s     rss=7448    KB iters: nvidia-compute=28     nvidia-render=26     nvidia-texture=25     dmesg_Δ=0  PASS
[07:11:32Z] t=2s     rss=7448    KB iters: nvidia-compute=67     nvidia-render=68     nvidia-texture=62     dmesg_Δ=0  PASS
[07:11:34Z] t=4s     rss=7448    KB iters: nvidia-compute=147    nvidia-render=147    nvidia-texture=137    dmesg_Δ=0  PASS
[07:11:38Z] t=8s     rss=7448    KB iters: nvidia-compute=304    nvidia-render=304    nvidia-texture=279    dmesg_Δ=0  PASS
[07:11:46Z] t=16s    rss=7448    KB iters: nvidia-compute=608    nvidia-render=601    nvidia-texture=560    dmesg_Δ=0  PASS
[07:12:02Z] t=32s    rss=7448    KB iters: nvidia-compute=1203   nvidia-render=1188   nvidia-texture=1096   dmesg_Δ=0  PASS
[07:12:30Z] t=1m     rss=13412   KB iters: nvidia-compute=2199   nvidia-render=2187   nvidia-texture=2027   dmesg_Δ=0  PASS
[07:13:30Z] t=2m     rss=13412   KB iters: nvidia-compute=4350   nvidia-render=4349   nvidia-texture=3997   dmesg_Δ=0  PASS
[07:15:30Z] t=4m     rss=13412   KB iters: nvidia-compute=8576   nvidia-render=8597   nvidia-texture=7897   dmesg_Δ=0  PASS
[07:19:31Z] t=8m     rss=13412   KB iters: nvidia-compute=17050  nvidia-render=17129  nvidia-texture=15688  dmesg_Δ=0  PASS
[07:27:30Z] t=16m    rss=13412   KB iters: nvidia-compute=33701  nvidia-render=33856  nvidia-texture=31037  dmesg_Δ=0  PASS
[07:43:31Z] t=32m    rss=13412   KB iters: nvidia-compute=67072  nvidia-render=67304  nvidia-texture=61845  dmesg_Δ=0  PASS
[08:11:30Z] t=1h     rss=13412   KB iters: nvidia-compute=125456 nvidia-render=125991 nvidia-texture=115782 dmesg_Δ=0  PASS
[2026-06-30T08:11:30Z] soak end — exit=0 — see /home/macro/Repos/mabda/docs/handoff/soak-20260630T071130Z/soak.csv for milestone table
