[2026-05-19T07:28:31Z] soak start — workload=all stop=6h (21600 s) logdir=/home/macro/Repos/mabda/docs/handoff/soak-20260519T072831Z
[2026-05-19T07:28:31Z] active programs: compute wgpu render
[2026-05-19T07:28:31Z] checkpoint schedule (s): 1 2 4 8 16 32 60 120 240 480 960 1920 3600 4500 5400 6300 7200 8100 9000 9900 10800 11700 12600 13500 14400 15300 16200 17100 18000 18900 19800 20700 21600
[2026-05-19T07:28:31Z] dmesg amdgpu/drm baseline lines: 71
[2026-05-19T07:28:31Z] started compute loop (pid=3447, bin=/home/macro/Repos/mabda/build/native_compute_store)
[2026-05-19T07:28:31Z] started wgpu loop (pid=3452, bin=/home/macro/Repos/mabda/build/render_graph_e2e)
[2026-05-19T07:28:31Z] started render loop (pid=3457, bin=/home/macro/Repos/mabda/build/native_render_e2e)
[07:28:32Z] t=1s     rss=12760   KB iters: compute=579    wgpu=28     render=452    dmesg_Δ=0  PASS
[07:28:33Z] t=2s     rss=12760   KB iters: compute=1165   wgpu=57     render=903    dmesg_Δ=0  PASS
[07:28:35Z] t=4s     rss=12760   KB iters: compute=2289   wgpu=115    render=1777   dmesg_Δ=0  PASS
[07:28:39Z] t=8s     rss=12760   KB iters: compute=4539   wgpu=228    render=3515   dmesg_Δ=0  PASS
[07:28:48Z] t=16s    rss=12760   KB iters: compute=9008   wgpu=452    render=6967   dmesg_Δ=0  PASS
[07:29:03Z] t=32s    rss=12760   KB iters: compute=17386  wgpu=873    render=13441  dmesg_Δ=0  PASS
[07:29:31Z] t=1m     rss=12760   KB iters: compute=33058  wgpu=1661   render=25534  dmesg_Δ=0  PASS
[07:30:31Z] t=2m     rss=12760   KB iters: compute=66470  wgpu=3334   render=51338  dmesg_Δ=0  PASS
[07:32:31Z] t=4m     rss=12760   KB iters: compute=133336 wgpu=6681   render=102943 dmesg_Δ=0  PASS
[07:36:31Z] t=8m     rss=12760   KB iters: compute=266699 wgpu=13383  render=205919 dmesg_Δ=0  PASS
[07:44:31Z] t=16m    rss=12760   KB iters: compute=532744 wgpu=26748  render=411685 dmesg_Δ=0  PASS
[08:00:31Z] t=32m    rss=12760   KB iters: compute=1067708 wgpu=53605  render=823983 dmesg_Δ=0  PASS
[08:28:31Z] t=1h     rss=12760   KB iters: compute=2000814 wgpu=100403 render=1544179 dmesg_Δ=0  PASS
[08:43:31Z] t=1h     rss=12760   KB iters: compute=2500537 wgpu=125385 render=1930065 dmesg_Δ=0  PASS
[08:58:31Z] t=1h     rss=12760   KB iters: compute=3000093 wgpu=150453 render=2315828 dmesg_Δ=0  PASS
[09:13:31Z] t=1h     rss=12760   KB iters: compute=3499847 wgpu=175507 render=2701688 dmesg_Δ=0  PASS
[09:28:31Z] t=2h     rss=12760   KB iters: compute=3999104 wgpu=200512 render=3087543 dmesg_Δ=0  PASS
[09:43:31Z] t=2h     rss=12760   KB iters: compute=4499405 wgpu=225532 render=3473927 dmesg_Δ=0  PASS
[09:58:31Z] t=2h     rss=12760   KB iters: compute=4998222 wgpu=250537 render=3859484 dmesg_Δ=0  PASS
[10:13:31Z] t=2h     rss=12760   KB iters: compute=5497791 wgpu=275521 render=4245495 dmesg_Δ=0  PASS
[10:28:31Z] t=3h     rss=12760   KB iters: compute=6000113 wgpu=300716 render=4632492 dmesg_Δ=0  PASS
[10:43:31Z] t=3h     rss=12760   KB iters: compute=6503354 wgpu=325894 render=5020042 dmesg_Δ=0  PASS
[10:58:31Z] t=3h     rss=12760   KB iters: compute=7005576 wgpu=351059 render=5407021 dmesg_Δ=0  PASS
[11:13:32Z] t=3h     rss=12760   KB iters: compute=7506983 wgpu=376170 render=5793720 dmesg_Δ=0  PASS
[11:28:31Z] t=4h     rss=12760   KB iters: compute=8009276 wgpu=401366 render=6180688 dmesg_Δ=0  PASS
[11:43:31Z] t=4h     rss=12760   KB iters: compute=8512030 wgpu=426543 render=6567922 dmesg_Δ=0  PASS
[11:58:31Z] t=4h     rss=12760   KB iters: compute=9014871 wgpu=451750 render=6955220 dmesg_Δ=0  PASS
[12:13:31Z] t=4h     rss=12760   KB iters: compute=9517319 wgpu=476944 render=7342356 dmesg_Δ=0  PASS
[12:28:31Z] t=5h     rss=12760   KB iters: compute=10020675 wgpu=502156 render=7730072 dmesg_Δ=0  PASS
[12:43:31Z] t=5h     rss=12760   KB iters: compute=10523097 wgpu=527307 render=8117229 dmesg_Δ=0  PASS
[12:58:31Z] t=5h     rss=12760   KB iters: compute=11025343 wgpu=552485 render=8503951 dmesg_Δ=0  PASS
[13:13:31Z] t=5h     rss=12760   KB iters: compute=11527973 wgpu=577761 render=8891249 dmesg_Δ=0  PASS
[13:28:31Z] t=6h     rss=12760   KB iters: compute=12030710 wgpu=602971 render=9278402 dmesg_Δ=0  PASS
[2026-05-19T13:28:31Z] soak end — exit=0 — see /home/macro/Repos/mabda/docs/handoff/soak-20260519T072831Z/soak.csv for milestone table
