# nouveau capture (mabda N0.7c)
[0] ioctl VM_INIT (nr 0x50, size 16, rc 0)
[1] ioctl NVIF (nr 0x47, size 72, rc 0)
  nvif [72 bytes]:
    00 02 00 00 00 00 ff 00 00 00 00 00 00 00 00 00 
    00 00 00 00 00 00 00 00 00 00 00 00 00 00 00 00 
    10 ee b4 3e 2e 56 00 00 10 ee b4 3e 2e 56 00 00 
    00 00 00 00 80 00 00 00 00 00 00 00 00 00 00 00 
    ff ff ff ff ff ff ff ff 
[2] ioctl GETPARAM (nr 0x40, size 16, rc 0)
[3] ioctl NVIF (nr 0x47, size 136, rc 0)
  nvif [136 bytes]:
    00 04 00 00 00 00 ff 00 00 00 00 00 00 00 00 00 
    10 ee b4 3e 2e 56 00 00 00 00 00 00 00 00 00 00 
    00 03 68 01 a1 0c 00 00 00 00 00 80 01 00 00 00 
    00 00 00 80 01 00 00 00 54 55 31 31 36 00 00 00 
    00 00 00 00 00 00 00 00 54 55 31 31 36 00 00 00 
    00 00 00 00 00 00 00 00 00 00 00 00 00 00 00 00 
    00 00 00 00 00 00 00 00 00 00 00 00 00 00 00 00 
    00 00 00 00 00 00 00 00 00 00 00 00 00 00 00 00 
    00 00 00 00 00 00 00 00 
[4] ioctl drm? (nr 0x53, size 48, rc -1)
[5] ioctl GETPARAM (nr 0x40, size 16, rc 0)
[6] ioctl GETPARAM (nr 0x40, size 16, rc 0)
[7] ioctl GETPARAM (nr 0x40, size 16, rc 0)
[8] ioctl CHANNEL_ALLOC (nr 0x42, size 88, rc 0)
  CHANNEL_ALLOC fb=0x0 tt=0x0 chid=9 pushdom=0x6 notifier=0x1 nr_subchan=0
  channel_alloc [88 bytes]:
    00 00 00 00 00 00 00 00 09 00 00 00 06 00 00 00 
    01 00 00 00 00 00 00 00 00 00 00 00 00 00 00 00 
    00 00 00 00 00 00 00 00 00 00 00 00 00 00 00 00 
    00 00 00 00 00 00 00 00 00 00 00 00 00 00 00 00 
    00 00 00 00 00 00 00 00 00 00 00 00 00 00 00 00 
    00 00 00 00 00 00 00 00 
[9] ioctl NVIF (nr 0x47, size 160, rc 0)
  nvif [160 bytes]:
    00 01 00 00 00 00 00 ff 09 00 00 00 00 00 00 00 
    00 00 00 00 00 00 00 00 00 07 00 00 00 00 00 00 
    0e 00 00 80 00 00 00 00 40 a1 00 00 ff ff 00 00 
    2d 90 00 00 ff ff 00 00 97 c5 00 00 ff ff 00 00 
    c0 c5 00 00 ff ff 00 00 b5 c5 00 00 ff ff 00 00 
    b5 c5 00 00 ff ff 00 00 00 00 00 00 00 00 00 00 
    00 00 00 00 00 00 00 00 00 00 00 00 00 00 00 00 
    00 00 00 00 00 00 00 00 00 00 00 00 00 00 00 00 
    00 00 00 00 00 00 00 00 00 00 00 00 00 00 00 00 
    00 00 00 00 00 00 00 00 00 00 00 00 00 00 00 00 
[10] ioctl NVIF (nr 0x47, size 56, rc 0)
  nvif [56 bytes]:
    00 02 00 00 00 00 00 ff 09 00 00 00 00 00 00 00 
    00 00 00 00 00 00 00 00 00 00 00 00 00 00 00 00 
    8c 2b b5 3e 2e 56 00 00 8c 2b b5 3e 2e 56 00 00 
    00 00 00 00 b5 c5 00 00 
[11] ioctl NVIF (nr 0x47, size 56, rc 0)
  nvif [56 bytes]:
    00 02 00 00 00 00 00 ff 09 00 00 00 00 00 00 00 
    00 00 00 00 00 00 00 00 00 00 00 00 00 00 00 00 
    8e 2b b5 3e 2e 56 00 00 8e 2b b5 3e 2e 56 00 00 
    2d 90 f8 be 2d 90 00 00 
[12] ioctl NVIF (nr 0x47, size 56, rc 0)
  nvif [56 bytes]:
    00 02 00 00 00 00 00 ff 09 00 00 00 00 00 00 00 
    00 00 00 00 00 00 00 00 00 00 00 00 00 00 00 00 
    90 2b b5 3e 2e 56 00 00 90 2b b5 3e 2e 56 00 00 
    3d 00 f8 be 97 c5 00 00 
[13] ioctl NVIF (nr 0x47, size 56, rc 0)
  nvif [56 bytes]:
    00 02 00 00 00 00 00 ff 09 00 00 00 00 00 00 00 
    00 00 00 00 00 00 00 00 00 00 00 00 00 00 00 00 
    92 2b b5 3e 2e 56 00 00 92 2b b5 3e 2e 56 00 00 
    3f 32 f8 be 40 a1 00 00 
[14] ioctl NVIF (nr 0x47, size 56, rc 0)
  nvif [56 bytes]:
    00 02 00 00 00 00 00 ff 09 00 00 00 00 00 00 00 
    00 00 00 00 00 00 00 00 00 00 00 00 00 00 00 00 
    94 2b b5 3e 2e 56 00 00 94 2b b5 3e 2e 56 00 00 
    c0 00 f8 be c0 c5 00 00 
[15] ioctl NVIF (nr 0x47, size 24, rc 0)
  nvif [24 bytes]:
    00 03 00 00 00 00 ff 00 00 00 00 00 00 00 00 00 
    94 2b b5 3e 2e 56 00 00 
[16] ioctl NVIF (nr 0x47, size 24, rc 0)
  nvif [24 bytes]:
    00 03 00 00 00 00 ff 00 00 00 00 00 00 00 00 00 
    90 2b b5 3e 2e 56 00 00 
[17] ioctl NVIF (nr 0x47, size 24, rc 0)
  nvif [24 bytes]:
    00 03 00 00 00 00 ff 00 00 00 00 00 00 00 00 00 
    8c 2b b5 3e 2e 56 00 00 
[18] ioctl NVIF (nr 0x47, size 24, rc 0)
  nvif [24 bytes]:
    00 03 00 00 00 00 ff 00 00 00 00 00 00 00 00 00 
    92 2b b5 3e 2e 56 00 00 
[19] ioctl NVIF (nr 0x47, size 24, rc 0)
  nvif [24 bytes]:
    00 03 00 00 00 00 ff 00 00 00 00 00 00 00 00 00 
    8e 2b b5 3e 2e 56 00 00 
[20] ioctl CHANNEL_FREE (nr 0x43, size 4, rc 0)
[21] ioctl GETPARAM (nr 0x40, size 16, rc 0)
[22] ioctl GETPARAM (nr 0x40, size 16, rc 0)
[23] ioctl VM_INIT (nr 0x50, size 16, rc 0)
[24] ioctl NVIF (nr 0x47, size 72, rc 0)
  nvif [72 bytes]:
    00 02 00 00 00 00 ff 00 00 00 00 00 00 00 00 00 
    00 00 00 00 00 00 00 00 00 00 00 00 00 00 00 00 
    f0 43 b5 3e 2e 56 00 00 f0 43 b5 3e 2e 56 00 00 
    00 00 00 00 80 00 00 00 00 00 00 00 00 00 00 00 
    ff ff ff ff ff ff ff ff 
[25] ioctl GETPARAM (nr 0x40, size 16, rc 0)
[26] ioctl NVIF (nr 0x47, size 136, rc 0)
  nvif [136 bytes]:
    00 04 00 00 00 00 ff 00 00 00 00 00 00 00 00 00 
    f0 43 b5 3e 2e 56 00 00 00 00 00 00 00 00 00 00 
    00 03 68 01 a1 0c 00 00 00 00 00 80 01 00 00 00 
    00 00 00 80 01 00 00 00 54 55 31 31 36 00 00 00 
    00 00 00 00 00 00 00 00 54 55 31 31 36 00 00 00 
    00 00 00 00 00 00 00 00 00 00 00 00 00 00 00 00 
    00 00 00 00 00 00 00 00 00 00 00 00 00 00 00 00 
    00 00 00 00 00 00 00 00 00 00 00 00 00 00 00 00 
    00 00 00 00 00 00 00 00 
[27] ioctl drm? (nr 0x53, size 48, rc -1)
[28] ioctl GETPARAM (nr 0x40, size 16, rc 0)
[29] ioctl GETPARAM (nr 0x40, size 16, rc 0)
[30] ioctl GETPARAM (nr 0x40, size 16, rc 0)
[31] ioctl CHANNEL_ALLOC (nr 0x42, size 88, rc 0)
  CHANNEL_ALLOC fb=0x0 tt=0x0 chid=9 pushdom=0x6 notifier=0x1 nr_subchan=0
  channel_alloc [88 bytes]:
    00 00 00 00 00 00 00 00 09 00 00 00 06 00 00 00 
    01 00 00 00 00 00 00 00 00 00 00 00 00 00 00 00 
    00 00 00 00 00 00 00 00 00 00 00 00 00 00 00 00 
    00 00 00 00 00 00 00 00 00 00 00 00 00 00 00 00 
    00 00 00 00 00 00 00 00 00 00 00 00 00 00 00 00 
    00 00 00 00 00 00 00 00 
[32] ioctl NVIF (nr 0x47, size 160, rc 0)
  nvif [160 bytes]:
    00 01 00 00 00 00 00 ff 09 00 00 00 00 00 00 00 
    00 00 00 00 00 00 00 00 00 07 00 00 00 00 00 00 
    0e 00 00 80 00 00 00 00 40 a1 00 00 ff ff 00 00 
    2d 90 00 00 ff ff 00 00 97 c5 00 00 ff ff 00 00 
    c0 c5 00 00 ff ff 00 00 b5 c5 00 00 ff ff 00 00 
    b5 c5 00 00 ff ff 00 00 00 00 00 00 00 00 00 00 
    00 00 00 00 00 00 00 00 00 00 00 00 00 00 00 00 
    00 00 00 00 00 00 00 00 00 00 00 00 00 00 00 00 
    00 00 00 00 00 00 00 00 00 00 00 00 00 00 00 00 
    00 00 00 00 00 00 00 00 00 00 00 00 00 00 00 00 
[33] ioctl NVIF (nr 0x47, size 56, rc 0)
  nvif [56 bytes]:
    00 02 00 00 00 00 00 ff 09 00 00 00 00 00 00 00 
    00 00 00 00 00 00 00 00 00 00 00 00 00 00 00 00 
    0c 2a b5 3e 2e 56 00 00 0c 2a b5 3e 2e 56 00 00 
    00 00 00 00 b5 c5 00 00 
[34] ioctl NVIF (nr 0x47, size 56, rc 0)
  nvif [56 bytes]:
    00 02 00 00 00 00 00 ff 09 00 00 00 00 00 00 00 
    00 00 00 00 00 00 00 00 00 00 00 00 00 00 00 00 
    0e 2a b5 3e 2e 56 00 00 0e 2a b5 3e 2e 56 00 00 
    2d 90 f8 be 2d 90 00 00 
[35] ioctl NVIF (nr 0x47, size 56, rc 0)
  nvif [56 bytes]:
    00 02 00 00 00 00 00 ff 09 00 00 00 00 00 00 00 
    00 00 00 00 00 00 00 00 00 00 00 00 00 00 00 00 
    10 2a b5 3e 2e 56 00 00 10 2a b5 3e 2e 56 00 00 
    3d 00 f8 be 97 c5 00 00 
[36] ioctl NVIF (nr 0x47, size 56, rc 0)
  nvif [56 bytes]:
    00 02 00 00 00 00 00 ff 09 00 00 00 00 00 00 00 
    00 00 00 00 00 00 00 00 00 00 00 00 00 00 00 00 
    12 2a b5 3e 2e 56 00 00 12 2a b5 3e 2e 56 00 00 
    3f 32 f8 be 40 a1 00 00 
[37] ioctl NVIF (nr 0x47, size 56, rc 0)
  nvif [56 bytes]:
    00 02 00 00 00 00 00 ff 09 00 00 00 00 00 00 00 
    00 00 00 00 00 00 00 00 00 00 00 00 00 00 00 00 
    14 2a b5 3e 2e 56 00 00 14 2a b5 3e 2e 56 00 00 
    c0 00 f8 be c0 c5 00 00 
[38] ioctl NVIF (nr 0x47, size 24, rc 0)
  nvif [24 bytes]:
    00 03 00 00 00 00 ff 00 00 00 00 00 00 00 00 00 
    14 2a b5 3e 2e 56 00 00 
[39] ioctl NVIF (nr 0x47, size 24, rc 0)
  nvif [24 bytes]:
    00 03 00 00 00 00 ff 00 00 00 00 00 00 00 00 00 
    10 2a b5 3e 2e 56 00 00 
[40] ioctl NVIF (nr 0x47, size 24, rc 0)
  nvif [24 bytes]:
    00 03 00 00 00 00 ff 00 00 00 00 00 00 00 00 00 
    0c 2a b5 3e 2e 56 00 00 
[41] ioctl NVIF (nr 0x47, size 24, rc 0)
  nvif [24 bytes]:
    00 03 00 00 00 00 ff 00 00 00 00 00 00 00 00 00 
    12 2a b5 3e 2e 56 00 00 
[42] ioctl NVIF (nr 0x47, size 24, rc 0)
  nvif [24 bytes]:
    00 03 00 00 00 00 ff 00 00 00 00 00 00 00 00 00 
    0e 2a b5 3e 2e 56 00 00 
[43] ioctl CHANNEL_FREE (nr 0x43, size 4, rc 0)
[44] ioctl CHANNEL_ALLOC (nr 0x42, size 88, rc 0)
  CHANNEL_ALLOC fb=0x0 tt=0x0 chid=9 pushdom=0x6 notifier=0x2 nr_subchan=0
  channel_alloc [88 bytes]:
    00 00 00 00 00 00 00 00 09 00 00 00 06 00 00 00 
    02 00 00 00 00 00 00 00 00 00 00 00 00 00 00 00 
    00 00 00 00 00 00 00 00 00 00 00 00 00 00 00 00 
    00 00 00 00 00 00 00 00 00 00 00 00 00 00 00 00 
    00 00 00 00 00 00 00 00 00 00 00 00 00 00 00 00 
    00 00 00 00 00 00 00 00 
[45] ioctl NVIF (nr 0x47, size 160, rc 0)
  nvif [160 bytes]:
    00 01 00 00 00 00 00 ff 09 00 00 00 00 00 00 00 
    00 00 00 00 00 00 00 00 00 02 00 00 00 00 00 00 
    0e 00 00 80 00 00 00 00 b5 c5 00 00 ff ff 00 00 
    00 00 00 00 00 00 00 00 00 00 00 00 00 00 00 00 
    00 00 00 00 00 00 00 00 00 00 00 00 00 00 00 00 
    00 00 00 00 00 00 00 00 00 00 00 00 00 00 00 00 
    00 00 00 00 00 00 00 00 00 00 00 00 00 00 00 00 
    00 00 00 00 00 00 00 00 00 00 00 00 00 00 00 00 
    00 00 00 00 00 00 00 00 00 00 00 00 00 00 00 00 
    00 00 00 00 00 00 00 00 00 00 00 00 00 00 00 00 
[46] ioctl NVIF (nr 0x47, size 56, rc 0)
  nvif [56 bytes]:
    00 02 00 00 00 00 00 ff 09 00 00 00 00 00 00 00 
    00 00 00 00 00 00 00 00 00 00 00 00 00 00 00 00 
    0c 2a b5 3e 2e 56 00 00 0c 2a b5 3e 2e 56 00 00 
    00 00 00 00 b5 c5 00 00 
[47] ioctl GEM_NEW (nr 0x80, size 48, rc 0)
  GEM_NEW handle=3 size=4096 map_handle=0x103f75000 domain=0x2 tile_mode=0x0 tile_flags=0x0 align=0x1000
[48] ioctl VM_BIND (nr 0x51, size 40, rc 0)
  VM_BIND op=0 op_flags=0x0 bind_flags=0x0 handle=3 va=0x3ffffff000 range=0x1000
[49] ioctl GEM_NEW (nr 0x80, size 48, rc 0)
  GEM_NEW handle=4 size=65536 map_handle=0x10cc2f000 domain=0x2 tile_mode=0x0 tile_flags=0x0 align=0x1000
[50] ioctl VM_BIND (nr 0x51, size 40, rc 0)
  VM_BIND op=0 op_flags=0x0 bind_flags=0x0 handle=4 va=0x3ffdfef000 range=0x10000
[51] ioctl VM_BIND (nr 0x51, size 40, rc 0)
  VM_BIND op=0 op_flags=0x0 bind_flags=0x0 handle=4 va=0x3ffdfff000 range=0x10000
[52] ioctl GEM_NEW (nr 0x80, size 48, rc 0)
  GEM_NEW handle=5 size=65536 map_handle=0x10cc3f000 domain=0x2 tile_mode=0x0 tile_flags=0x0 align=0x1000
[53] ioctl VM_BIND (nr 0x51, size 40, rc 0)
  VM_BIND op=0 op_flags=0x0 bind_flags=0x0 handle=5 va=0x3ffdfbf000 range=0x10000
[54] ioctl VM_BIND (nr 0x51, size 40, rc 0)
  VM_BIND op=0 op_flags=0x0 bind_flags=0x0 handle=5 va=0x3ffdfcf000 range=0x10000
[55] ioctl GEM_NEW (nr 0x80, size 48, rc 0)
  GEM_NEW handle=6 size=65536 map_handle=0x10cc4f000 domain=0x2 tile_mode=0x0 tile_flags=0x0 align=0x1000
[56] ioctl VM_BIND (nr 0x51, size 40, rc 0)
  VM_BIND op=0 op_flags=0x0 bind_flags=0x0 handle=6 va=0x3ffdfaf000 range=0x10000
[57] ioctl VM_BIND (nr 0x51, size 40, rc 0)
  VM_BIND op=0 op_flags=0x0 bind_flags=0x0 handle=6 va=0x3ffdfdf000 range=0x10000
[58] ioctl CHANNEL_ALLOC (nr 0x42, size 88, rc 0)
  CHANNEL_ALLOC fb=0x0 tt=0x0 chid=10 pushdom=0x6 notifier=0x7 nr_subchan=0
  channel_alloc [88 bytes]:
    00 00 00 00 00 00 00 00 0a 00 00 00 06 00 00 00 
    07 00 00 00 00 00 00 00 00 00 00 00 00 00 00 00 
    00 00 00 00 00 00 00 00 00 00 00 00 00 00 00 00 
    00 00 00 00 00 00 00 00 00 00 00 00 00 00 00 00 
    00 00 00 00 00 00 00 00 00 00 00 00 00 00 00 00 
    00 00 00 00 00 00 00 00 
[59] ioctl NVIF (nr 0x47, size 160, rc 0)
  nvif [160 bytes]:
    00 01 00 00 00 00 00 ff 0a 00 00 00 00 00 00 00 
    00 00 00 00 00 00 00 00 00 07 00 00 00 00 00 00 
    0e 00 00 80 00 00 00 00 40 a1 00 00 ff ff 00 00 
    2d 90 00 00 ff ff 00 00 97 c5 00 00 ff ff 00 00 
    c0 c5 00 00 ff ff 00 00 b5 c5 00 00 ff ff 00 00 
    b5 c5 00 00 ff ff 00 00 00 00 00 00 00 00 00 00 
    00 00 00 00 00 00 00 00 00 00 00 00 00 00 00 00 
    00 00 00 00 00 00 00 00 00 00 00 00 00 00 00 00 
    00 00 00 00 00 00 00 00 00 00 00 00 00 00 00 00 
    00 00 00 00 00 00 00 00 00 00 00 00 00 00 00 00 
[60] ioctl NVIF (nr 0x47, size 56, rc 0)
  nvif [56 bytes]:
    00 02 00 00 00 00 00 ff 0a 00 00 00 00 00 00 00 
    00 00 00 00 00 00 00 00 00 00 00 00 00 00 00 00 
    4c 2a b5 3e 2e 56 00 00 4c 2a b5 3e 2e 56 00 00 
    00 00 00 00 b5 c5 00 00 
[61] ioctl NVIF (nr 0x47, size 56, rc 0)
  nvif [56 bytes]:
    00 02 00 00 00 00 00 ff 0a 00 00 00 00 00 00 00 
    00 00 00 00 00 00 00 00 00 00 00 00 00 00 00 00 
    50 2a b5 3e 2e 56 00 00 50 2a b5 3e 2e 56 00 00 
    3d 00 f9 be 97 c5 00 00 
[62] ioctl NVIF (nr 0x47, size 56, rc 0)
  nvif [56 bytes]:
    00 02 00 00 00 00 00 ff 0a 00 00 00 00 00 00 00 
    00 00 00 00 00 00 00 00 00 00 00 00 00 00 00 00 
    54 2a b5 3e 2e 56 00 00 54 2a b5 3e 2e 56 00 00 
    c0 00 f9 be c0 c5 00 00 
[63] ioctl GEM_NEW (nr 0x80, size 48, rc 0)
  GEM_NEW handle=8 size=4096 map_handle=0x103f78000 domain=0x2 tile_mode=0x0 tile_flags=0x0 align=0x1000
[64] ioctl VM_BIND (nr 0x51, size 40, rc 0)
  VM_BIND op=0 op_flags=0x0 bind_flags=0x0 handle=8 va=0x3ffdfae000 range=0x1000
[65] ioctl GEM_NEW (nr 0x80, size 48, rc 0)
  GEM_NEW handle=9 size=65536 map_handle=0x10cc71000 domain=0x4 tile_mode=0x0 tile_flags=0x0 align=0x1000
[66] ioctl VM_BIND (nr 0x51, size 40, rc 0)
  VM_BIND op=0 op_flags=0x0 bind_flags=0x0 handle=9 va=0x3ffdf9e000 range=0x10000
[67] ioctl EXEC (nr 0x52, size 40, rc 0)
  EXEC chid=10 push_count=1 rc=0
  push[0] va=0x3ffdf9e000 len=14532 (h=9 off=0x0)
  -> wrote 067_exec_chid10_push0_h9_off0_len14532.bin (14532 B)
  -> wrote 067_chid10_bo_va3ffffff000_h3_dom2_sz4096.bin (4096 B)
  -> wrote 067_chid10_bo_va3ffdfef000_h4_dom2_sz65536.bin (65536 B)
  -> wrote 067_chid10_bo_va3ffdfff000_h4_dom2_sz65536.bin (65536 B)
  -> wrote 067_chid10_bo_va3ffdfbf000_h5_dom2_sz65536.bin (65536 B)
  -> wrote 067_chid10_bo_va3ffdfcf000_h5_dom2_sz65536.bin (65536 B)
  -> wrote 067_chid10_bo_va3ffdfaf000_h6_dom2_sz65536.bin (65536 B)
  -> wrote 067_chid10_bo_va3ffdfdf000_h6_dom2_sz65536.bin (65536 B)
  -> wrote 067_chid10_bo_va3ffdfae000_h8_dom2_sz4096.bin (4096 B)
  -> wrote 067_chid10_bo_va3ffdf9e000_h9_dom4_sz65536.bin (65536 B)
[68] ioctl GEM_NEW (nr 0x80, size 48, rc 0)
  GEM_NEW handle=10 size=4096 map_handle=0x103fa9000 domain=0x2 tile_mode=0x0 tile_flags=0x0 align=0x1000
[69] ioctl VM_BIND (nr 0x51, size 40, rc 0)
  VM_BIND op=0 op_flags=0x0 bind_flags=0x0 handle=10 va=0x3ffdf9d000 range=0x1000
[70] ioctl GEM_NEW (nr 0x80, size 48, rc 0)
  GEM_NEW handle=11 size=65536 map_handle=0x10cc81000 domain=0x2 tile_mode=0x0 tile_flags=0x0 align=0x1000
[71] ioctl VM_BIND (nr 0x51, size 40, rc 0)
  VM_BIND op=0 op_flags=0x0 bind_flags=0x0 handle=11 va=0x3ffdf8d000 range=0x10000
[72] ioctl GEM_NEW (nr 0x80, size 48, rc 0)
  GEM_NEW handle=12 size=65536 map_handle=0x10cc91000 domain=0x4 tile_mode=0x0 tile_flags=0x0 align=0x1000
[73] ioctl VM_BIND (nr 0x51, size 40, rc 0)
  VM_BIND op=0 op_flags=0x0 bind_flags=0x0 handle=12 va=0x3ffdf7d000 range=0x10000
[74] ioctl GEM_NEW (nr 0x80, size 48, rc 0)
  GEM_NEW handle=13 size=4096 map_handle=0x103faa000 domain=0x2 tile_mode=0x0 tile_flags=0x0 align=0x1000
[75] ioctl VM_BIND (nr 0x51, size 40, rc 0)
  VM_BIND op=0 op_flags=0x0 bind_flags=0x0 handle=13 va=0x3ffdf7c000 range=0x1000
[76] ioctl GEM_NEW (nr 0x80, size 48, rc 0)
  GEM_NEW handle=14 size=65536 map_handle=0x10cca1000 domain=0x4 tile_mode=0x0 tile_flags=0x0 align=0x1000
[77] ioctl VM_BIND (nr 0x51, size 40, rc 0)
  VM_BIND op=0 op_flags=0x0 bind_flags=0x0 handle=14 va=0x3ffdf6c000 range=0x10000
[78] ioctl GEM_NEW (nr 0x80, size 48, rc 0)
  GEM_NEW handle=15 size=65536 map_handle=0x10ccb1000 domain=0x2 tile_mode=0x0 tile_flags=0x0 align=0x1000
[79] ioctl VM_BIND (nr 0x51, size 40, rc 0)
  VM_BIND op=0 op_flags=0x0 bind_flags=0x0 handle=15 va=0x3ffdf5c000 range=0x10000
[80] ioctl EXEC (nr 0x52, size 40, rc 0)
  EXEC chid=10 push_count=1 rc=0
  push[0] va=0x3ffdfa18c4 len=80 (h=9 off=0x38c4)
  -> wrote 080_exec_chid10_push0_h9_off38c4_len80.bin (80 B)
  -> wrote 080_chid10_bo_va3ffffff000_h3_dom2_sz4096.bin (4096 B)
  -> wrote 080_chid10_bo_va3ffdfef000_h4_dom2_sz65536.bin (65536 B)
  -> wrote 080_chid10_bo_va3ffdfff000_h4_dom2_sz65536.bin (65536 B)
  -> wrote 080_chid10_bo_va3ffdfbf000_h5_dom2_sz65536.bin (65536 B)
  -> wrote 080_chid10_bo_va3ffdfcf000_h5_dom2_sz65536.bin (65536 B)
  -> wrote 080_chid10_bo_va3ffdfaf000_h6_dom2_sz65536.bin (65536 B)
  -> wrote 080_chid10_bo_va3ffdfdf000_h6_dom2_sz65536.bin (65536 B)
  -> wrote 080_chid10_bo_va3ffdfae000_h8_dom2_sz4096.bin (4096 B)
  -> wrote 080_chid10_bo_va3ffdf9e000_h9_dom4_sz65536.bin (65536 B)
  -> wrote 080_chid10_bo_va3ffdf9d000_h10_dom2_sz4096.bin (4096 B)
  -> wrote 080_chid10_bo_va3ffdf8d000_h11_dom2_sz65536.bin (65536 B)
  -> wrote 080_chid10_bo_va3ffdf7d000_h12_dom4_sz65536.bin (65536 B)
  -> wrote 080_chid10_bo_va3ffdf7c000_h13_dom2_sz4096.bin (4096 B)
  -> wrote 080_chid10_bo_va3ffdf6c000_h14_dom4_sz65536.bin (65536 B)
  -> wrote 080_chid10_bo_va3ffdf5c000_h15_dom2_sz65536.bin (65536 B)
[81] ioctl EXEC (nr 0x52, size 40, rc 0)
  EXEC chid=9 push_count=1 rc=0
  push[0] va=0x3ffdf7d050 len=40 (h=12 off=0x50)
  -> wrote 081_exec_chid9_push0_h12_off50_len40.bin (40 B)
  -> wrote 081_chid9_bo_va3ffffff000_h3_dom2_sz4096.bin (4096 B)
  -> wrote 081_chid9_bo_va3ffdfef000_h4_dom2_sz65536.bin (65536 B)
  -> wrote 081_chid9_bo_va3ffdfff000_h4_dom2_sz65536.bin (65536 B)
  -> wrote 081_chid9_bo_va3ffdfbf000_h5_dom2_sz65536.bin (65536 B)
  -> wrote 081_chid9_bo_va3ffdfcf000_h5_dom2_sz65536.bin (65536 B)
  -> wrote 081_chid9_bo_va3ffdfaf000_h6_dom2_sz65536.bin (65536 B)
  -> wrote 081_chid9_bo_va3ffdfdf000_h6_dom2_sz65536.bin (65536 B)
  -> wrote 081_chid9_bo_va3ffdfae000_h8_dom2_sz4096.bin (4096 B)
  -> wrote 081_chid9_bo_va3ffdf9e000_h9_dom4_sz65536.bin (65536 B)
  -> wrote 081_chid9_bo_va3ffdf9d000_h10_dom2_sz4096.bin (4096 B)
  -> wrote 081_chid9_bo_va3ffdf8d000_h11_dom2_sz65536.bin (65536 B)
  -> wrote 081_chid9_bo_va3ffdf7d000_h12_dom4_sz65536.bin (65536 B)
  -> wrote 081_chid9_bo_va3ffdf7c000_h13_dom2_sz4096.bin (4096 B)
  -> wrote 081_chid9_bo_va3ffdf6c000_h14_dom4_sz65536.bin (65536 B)
  -> wrote 081_chid9_bo_va3ffdf5c000_h15_dom2_sz65536.bin (65536 B)
[82] ioctl EXEC (nr 0x52, size 40, rc 0)
  EXEC chid=10 push_count=1 rc=0
  push[0] va=0x3ffdf6c000 len=60 (h=14 off=0x0)
  -> wrote 082_exec_chid10_push0_h14_off0_len60.bin (60 B)
  -> wrote 082_chid10_bo_va3ffffff000_h3_dom2_sz4096.bin (4096 B)
  -> wrote 082_chid10_bo_va3ffdfef000_h4_dom2_sz65536.bin (65536 B)
  -> wrote 082_chid10_bo_va3ffdfff000_h4_dom2_sz65536.bin (65536 B)
  -> wrote 082_chid10_bo_va3ffdfbf000_h5_dom2_sz65536.bin (65536 B)
  -> wrote 082_chid10_bo_va3ffdfcf000_h5_dom2_sz65536.bin (65536 B)
  -> wrote 082_chid10_bo_va3ffdfaf000_h6_dom2_sz65536.bin (65536 B)
  -> wrote 082_chid10_bo_va3ffdfdf000_h6_dom2_sz65536.bin (65536 B)
  -> wrote 082_chid10_bo_va3ffdfae000_h8_dom2_sz4096.bin (4096 B)
  -> wrote 082_chid10_bo_va3ffdf9e000_h9_dom4_sz65536.bin (65536 B)
  -> wrote 082_chid10_bo_va3ffdf9d000_h10_dom2_sz4096.bin (4096 B)
  -> wrote 082_chid10_bo_va3ffdf8d000_h11_dom2_sz65536.bin (65536 B)
  -> wrote 082_chid10_bo_va3ffdf7d000_h12_dom4_sz65536.bin (65536 B)
  -> wrote 082_chid10_bo_va3ffdf7c000_h13_dom2_sz4096.bin (4096 B)
  -> wrote 082_chid10_bo_va3ffdf6c000_h14_dom4_sz65536.bin (65536 B)
  -> wrote 082_chid10_bo_va3ffdf5c000_h15_dom2_sz65536.bin (65536 B)

=== FINAL (post-dispatch) BO dump ===
  (self-mmap fail h=3 off=0x103f75000)
  (self-mmap fail h=4 off=0x10cc2f000)
  (self-mmap fail h=4 off=0x10cc2f000)
  (self-mmap fail h=5 off=0x10cc3f000)
  (self-mmap fail h=5 off=0x10cc3f000)
  (self-mmap fail h=6 off=0x10cc4f000)
  (self-mmap fail h=6 off=0x10cc4f000)
  (self-mmap fail h=8 off=0x103f78000)
  (self-mmap fail h=9 off=0x10cc71000)
  (self-mmap fail h=10 off=0x103fa9000)
  (self-mmap fail h=11 off=0x10cc81000)
  (self-mmap fail h=12 off=0x10cc91000)
  (self-mmap fail h=13 off=0x103faa000)
  (self-mmap fail h=14 off=0x10cca1000)
  (self-mmap fail h=15 off=0x10ccb1000)
